Archive member included to satisfy reference by file (symbol)

C:/Users/pc/Documents/STM32CubeIDE_1.19.0/STM32CubeIDE/plugins/com.st.stm32cube.ide.mcu.externaltools.gnu-tools-for-stm32.13.3.rel1.win32_1.0.0.202411081344/tools/bin/../lib/gcc/arm-none-eabi/13.3.1/../../../../arm-none-eabi/lib/thumb/v7e-m+fp/hard\libc_nano.a(libc_a-exit.o)
                              C:/Users/pc/Documents/STM32CubeIDE_1.19.0/STM32CubeIDE/plugins/com.st.stm32cube.ide.mcu.externaltools.gnu-tools-for-stm32.13.3.rel1.win32_1.0.0.202411081344/tools/bin/../lib/gcc/arm-none-eabi/13.3.1/../../../../arm-none-eabi/lib/thumb/v7e-m+fp/hard/crt0.o (exit)
C:/Users/pc/Documents/STM32CubeIDE_1.19.0/STM32CubeIDE/plugins/com.st.stm32cube.ide.mcu.externaltools.gnu-tools-for-stm32.13.3.rel1.win32_1.0.0.202411081344/tools/bin/../lib/gcc/arm-none-eabi/13.3.1/../../../../arm-none-eabi/lib/thumb/v7e-m+fp/hard\libc_nano.a(libc_a-findfp.o)
                              C:/Users/pc/Documents/STM32CubeIDE_1.19.0/STM32CubeIDE/plugins/com.st.stm32cube.ide.mcu.externaltools.gnu-tools-for-stm32.13.3.rel1.win32_1.0.0.202411081344/tools/bin/../lib/gcc/arm-none-eabi/13.3.1/../../../../arm-none-eabi/lib/thumb/v7e-m+fp/hard\libc_nano.a(libc_a-exit.o) (__stdio_exit_handler)
C:/Users/pc/Documents/STM32CubeIDE_1.19.0/STM32CubeIDE/plugins/com.st.stm32cube.ide.mcu.externaltools.gnu-tools-for-stm32.13.3.rel1.win32_1.0.0.202411081344/tools/bin/../lib/gcc/arm-none-eabi/13.3.1/../../../../arm-none-eabi/lib/thumb/v7e-m+fp/hard\libc_nano.a(libc_a-fwalk.o)
                              C:/Users/pc/Documents/STM32CubeIDE_1.19.0/STM32CubeIDE/plugins/com.st.stm32cube.ide.mcu.externaltools.gnu-tools-for-stm32.13.3.rel1.win32_1.0.0.202411081344/tools/bin/../lib/gcc/arm-none-eabi/13.3.1/../../../../arm-none-eabi/lib/thumb/v7e-m+fp/hard\libc_nano.a(libc_a-findfp.o) (_fwalk_sglue)
C:/Users/pc/Documents/STM32CubeIDE_1.19.0/STM32CubeIDE/plugins/com.st.stm32cube.ide.mcu.externaltools.gnu-tools-for-stm32.13.3.rel1.win32_1.0.0.202411081344/tools/bin/../lib/gcc/arm-none-eabi/13.3.1/../../../../arm-none-eabi/lib/thumb/v7e-m+fp/hard\libc_nano.a(libc_a-stdio.o)
                              C:/Users/pc/Documents/STM32CubeIDE_1.19.0/STM32CubeIDE/plugins/com.st.stm32cube.ide.mcu.externaltools.gnu-tools-for-stm32.13.3.rel1.win32_1.0.0.202411081344/tools/bin/../lib/gcc/arm-none-eabi/13.3.1/../../../../arm-none-eabi/lib/thumb/v7e-m+fp/hard\libc_nano.a(libc_a-findfp.o) (__sread)
C:/Users/pc/Documents/STM32CubeIDE_1.19.0/STM32CubeIDE/plugins/com.st.stm32cube.ide.mcu.externaltools.gnu-tools-for-stm32.13.3.rel1.win32_1.0.0.202411081344/tools/bin/../lib/gcc/arm-none-eabi/13.3.1/../../../../arm-none-eabi/lib/thumb/v7e-m+fp/hard\libc_nano.a(libc_a-memset.o)
                              C:/Users/pc/Documents/STM32CubeIDE_1.19.0/STM32CubeIDE/plugins/com.st.stm32cube.ide.mcu.externaltools.gnu-tools-for-stm32.13.3.rel1.win32_1.0.0.202411081344/tools/bin/../lib/gcc/arm-none-eabi/13.3.1/../../../../arm-none-eabi/lib/thumb/v7e-m+fp/hard/crt0.o (memset)
C:/Users/pc/Documents/STM32CubeIDE_1.19.0/STM32CubeIDE/plugins/com.st.stm32cube.ide.mcu.externaltools.gnu-tools-for-stm32.13.3.rel1.win32_1.0.0.202411081344/tools/bin/../lib/gcc/arm-none-eabi/13.3.1/../../../../arm-none-eabi/lib/thumb/v7e-m+fp/hard\libc_nano.a(libc_a-closer.o)
                              C:/Users/pc/Documents/STM32CubeIDE_1.19.0/STM32CubeIDE/plugins/com.st.stm32cube.ide.mcu.externaltools.gnu-tools-for-stm32.13.3.rel1.win32_1.0.0.202411081344/tools/bin/../lib/gcc/arm-none-eabi/13.3.1/../../../../arm-none-eabi/lib/thumb/v7e-m+fp/hard\libc_nano.a(libc_a-stdio.o) (_close_r)
C:/Users/pc/Documents/STM32CubeIDE_1.19.0/STM32CubeIDE/plugins/com.st.stm32cube.ide.mcu.externaltools.gnu-tools-for-stm32.13.3.rel1.win32_1.0.0.202411081344/tools/bin/../lib/gcc/arm-none-eabi/13.3.1/../../../../arm-none-eabi/lib/thumb/v7e-m+fp/hard\libc_nano.a(libc_a-reent.o)
                              C:/Users/pc/Documents/STM32CubeIDE_1.19.0/STM32CubeIDE/plugins/com.st.stm32cube.ide.mcu.externaltools.gnu-tools-for-stm32.13.3.rel1.win32_1.0.0.202411081344/tools/bin/../lib/gcc/arm-none-eabi/13.3.1/../../../../arm-none-eabi/lib/thumb/v7e-m+fp/hard\libc_nano.a(libc_a-closer.o) (errno)
C:/Users/pc/Documents/STM32CubeIDE_1.19.0/STM32CubeIDE/plugins/com.st.stm32cube.ide.mcu.externaltools.gnu-tools-for-stm32.13.3.rel1.win32_1.0.0.202411081344/tools/bin/../lib/gcc/arm-none-eabi/13.3.1/../../../../arm-none-eabi/lib/thumb/v7e-m+fp/hard\libc_nano.a(libc_a-impure.o)
                              C:/Users/pc/Documents/STM32CubeIDE_1.19.0/STM32CubeIDE/plugins/com.st.stm32cube.ide.mcu.externaltools.gnu-tools-for-stm32.13.3.rel1.win32_1.0.0.202411081344/tools/bin/../lib/gcc/arm-none-eabi/13.3.1/../../../../arm-none-eabi/lib/thumb/v7e-m+fp/hard\libc_nano.a(libc_a-reent.o) (_impure_ptr)
[...]
Memory Configuration

Name             Origin             Length             Attributes
RAM              0x20000000         0x00020000         xrw
FLASH            0x08000000         0x00080000         xr
*default*        0x00000000         0xffffffff

Linker script and memory map

LOAD C:/Users/pc/Documents/STM32CubeIDE_1.19.0/STM32CubeIDE/plugins/com.st.stm32cube.ide.mcu.externaltools.gnu-tools-for-stm32.13.3.rel1.win32_1.0.0.202411081344/tools/bin/../lib/gcc/arm-none-eabi/13.3.1/thumb/v7e-m+fp/hard/crti.o
LOAD C:/Users/pc/Documents/STM32CubeIDE_1.19.0/STM32CubeIDE/plugins/com.st.stm32cube.ide.mcu.externaltools.gnu-tools-for-stm32.13.3.rel1.win32_1.0.0.202411081344/tools/bin/../lib/gcc/arm-none-eabi/13.3.1/thumb/v7e-m+fp/hard/crtbegin.o
LOAD C:/Users/pc/Documents/STM32CubeIDE_1.19.0/STM32CubeIDE/plugins/com.st.stm32cube.ide.mcu.externaltools.gnu-tools-for-stm32.13.3.rel1.win32_1.0.0.202411081344/tools/bin/../lib/gcc/arm-none-eabi/13.3.1/../../../../arm-none-eabi/lib/thumb/v7e-m+fp/hard/crt0.o
LOAD ./Core/Inc/MyRelay.o
LOAD ./Core/Src/ILI9341/ILI9341_GFX.o
LOAD ./Core/Src/ILI9341/ILI9341_STM32_Driver.o
LOAD ./Core/Src/MyAdc.o
LOAD ./Core/Src/MyHcsr04.o
LOAD ./Core/Src/MyPwm.o
LOAD ./Core/Src/MySpi.o
LOAD ./Core/Src/main.o
LOAD ./Core/Src/stm32f4xx_hal_msp.o
LOAD ./Core/Src/stm32f4xx_it.o
LOAD ./Core/Src/syscalls.o
LOAD ./Core/Src/sysmem.o
LOAD ./Core/Src/system_stm32f4xx.o
LOAD ./Core/Startup/startup_stm32f446retx.o
LOAD ./Drivers/STM32F4xx_HAL_Driver/Src/stm32f4xx_hal.o
LOAD ./Drivers/STM32F4xx_HAL_Driver/Src/stm32f4xx_hal_cortex.o
LOAD ./Drivers/STM32F4xx_HAL_Driver/Src/stm32f4xx_hal_dma.o
LOAD ./Drivers/STM32F4xx_HAL_Driver/Src/stm32f4xx_hal_dma_ex.o
LOAD ./Drivers/STM32F4xx_HAL_Driver/Src/stm32f4xx_hal_exti.o
LOAD ./Drivers/STM32F4xx_HAL_Driver/Src/stm32f4xx_hal_flash.o
LOAD ./Drivers/STM32F4xx_HAL_Driver/Src/stm32f4xx_hal_flash_ex.o
LOAD ./Drivers/STM32F4xx_HAL_Driver/Src/stm32f4xx_hal_flash_ramfunc.o
LOAD ./Drivers/STM32F4xx_HAL_Driver/Src/stm32f4xx_hal_gpio.o
LOAD ./Drivers/STM32F4xx_HAL_Driver/Src/stm32f4xx_hal_pwr.o
LOAD ./Drivers/STM32F4xx_HAL_Driver/Src/stm32f4xx_hal_pwr_ex.o
LOAD ./Drivers/STM32F4xx_HAL_Driver/Src/stm32f4xx_hal_rcc.o
LOAD ./Drivers/STM32F4xx_HAL_Driver/Src/stm32f4xx_hal_rcc_ex.o
LOAD ./Drivers/STM32F4xx_HAL_Driver/Src/stm32f4xx_hal_spi.o
LOAD ./Drivers/STM32F4xx_HAL_Driver/Src/stm32f4xx_hal_uart.o
START GROUP
LOAD C:/Users/pc/Documents/STM32CubeIDE_1.19.0/STM32CubeIDE/plugins/com.st.stm32cube.ide.mcu.externaltools.gnu-tools-for-stm32.13.3.rel1.win32_1.0.0.202411081344/tools/bin/../lib/gcc/arm-none-eabi/13.3.1/../../../../arm-none-eabi/lib/thumb/v7e-m+fp/hard\libc_nano.a
LOAD C:/Users/pc/Documents/STM32CubeIDE_1.19.0/STM32CubeIDE/plugins/com.st.stm32cube.ide.mcu.externaltools.gnu-tools-for-stm32.13.3.rel1.win32_1.0.0.202411081344/tools/bin/../lib/gcc/arm-none-eabi/13.3.1/../../../../arm-none-eabi/lib/thumb/v7e-m+fp/hard\libm.a
END GROUP
START GROUP
LOAD C:/Users/pc/Documents/STM32CubeIDE_1.19.0/STM32CubeIDE/plugins/com.st.stm32cube.ide.mcu.externaltools.gnu-tools-for-stm32.13.3.rel1.win32_1.0.0.202411081344/tools/bin/../lib/gcc/arm-none-eabi/13.3.1/thumb/v7e-m+fp/hard\libgcc.a
LOAD C:/Users/pc/Documents/STM32CubeIDE_1.19.0/STM32CubeIDE/plugins/com.st.stm32cube.ide.mcu.externaltools.gnu-tools-for-stm32.13.3.rel1.win32_1.0.0.202411081344/tools/bin/../lib/gcc/arm-none-eabi/13.3.1/../../../../arm-none-eabi/lib/thumb/v7e-m+fp/hard\libc_nano.a
END GROUP
START GROUP
LOAD C:/Users/pc/Documents/STM32CubeIDE_1.19.0/STM32CubeIDE/plugins/com.st.stm32cube.ide.mcu.externaltools.gnu-tools-for-stm32.13.3.rel1.win32_1.0.0.202411081344/tools/bin/../lib/gcc/arm-none-eabi/13.3.1/thumb/v7e-m+fp/hard\libgcc.a
LOAD C:/Users/pc/Documents/STM32CubeIDE_1.19.0/STM32CubeIDE/plugins/com.st.stm32cube.ide.mcu.externaltools.gnu-tools-for-stm32.13.3.rel1.win32_1.0.0.202411081344/tools/bin/../lib/gcc/arm-none-eabi/13.3.1/../../../../arm-none-eabi/lib/thumb/v7e-m+fp/hard\libc_nano.a
LOAD C:/Users/pc/Documents/STM32CubeIDE_1.19.0/STM32CubeIDE/plugins/com.st.stm32cube.ide.mcu.externaltools.gnu-tools-for-stm32.13.3.rel1.win32_1.0.0.202411081344/tools/bin/../lib/gcc/arm-none-eabi/13.3.1/../../../../arm-none-eabi/lib/thumb/v7e-m+fp/hard\libnosys.a
END GROUP
START GROUP
LOAD C:/Users/pc/Documents/STM32CubeIDE_1.19.0/STM32CubeIDE/plugins/com.st.stm32cube.ide.mcu.externaltools.gnu-tools-for-stm32.13.3.rel1.win32_1.0.0.202411081344/tools/bin/../lib/gcc/arm-none-eabi/13.3.1/thumb/v7e-m+fp/hard\libgcc.a
LOAD C:/Users/pc/Documents/STM32CubeIDE_1.19.0/STM32CubeIDE/plugins/com.st.stm32cube.ide.mcu.externaltools.gnu-tools-for-stm32.13.3.rel1.win32_1.0.0.202411081344/tools/bin/../lib/gcc/arm-none-eabi/13.3.1/../../../../arm-none-eabi/lib/thumb/v7e-m+fp/hard\libc_nano.a
LOAD C:/Users/pc/Documents/STM32CubeIDE_1.19.0/STM32CubeIDE/plugins/com.st.stm32cube.ide.mcu.externaltools.gnu-tools-for-stm32.13.3.rel1.win32_1.0.0.202411081344/tools/bin/../lib/gcc/arm-none-eabi/13.3.1/../../../../arm-none-eabi/lib/thumb/v7e-m+fp/hard\libnosys.a
END GROUP
LOAD C:/Users/pc/Documents/STM32CubeIDE_1.19.0/STM32CubeIDE/plugins/com.st.stm32cube.ide.mcu.externaltools.gnu-tools-for-stm32.13.3.rel1.win32_1.0.0.202411081344/tools/bin/../lib/gcc/arm-none-eabi/13.3.1/thumb/v7e-m+fp/hard/crtend.o
LOAD C:/Users/pc/Documents/STM32CubeIDE_1.19.0/STM32CubeIDE/plugins/com.st.stm32cube.ide.mcu.externaltools.gnu-tools-for-stm32.13.3.rel1.win32_1.0.0.202411081344/tools/bin/../lib/gcc/arm-none-eabi/13.3.1/thumb/v7e-m+fp/hard/crtn.o
                0x20020000                        _estack = (ORIGIN (RAM) + LENGTH (RAM))
                0x00000200                        _Min_Heap_Size = 0x200
                0x00000400                        _Min_Stack_Size = 0x400

.isr_vector     0x08000000      0x1c4
                0x08000000                        . = ALIGN (0x4)
 *(.isr_vector)
 .isr_vector    0x08000000      0x1c4 ./Core/Startup/startup_stm32f446retx.o
                0x08000000                g_pfnVectors
                0x080001c4                        . = ALIGN (0x4)

.text           0x080001c4     0x341c
                0x080001c4                        . = ALIGN (0x4)
 *(.text)
 .text          0x080001c4       0x40 C:/Users/pc/Documents/STM32CubeIDE_1.19.0/STM32CubeIDE/plugins/com.st.stm32cube.ide.mcu.externaltools.gnu-tools-for-stm32.13.3.rel1.win32_1.0.0.202411081344/tools/bin/../lib/gcc/arm-none-eabi/13.3.1/thumb/v7e-m+fp/hard/crtbegin.o
 .text          0x08000204       0x30 C:/Users/pc/Documents/STM32CubeIDE_1.19.0/STM32CubeIDE/plugins/com.st.stm32cube.ide.mcu.externaltools.gnu-tools-for-stm32.13.3.rel1.win32_1.0.0.202411081344/tools/bin/../lib/gcc/arm-none-eabi/13.3.1/thumb/v7e-m+fp/hard\libgcc.a(_aeabi_uldivmod.o)
                0x08000204                __aeabi_uldivmod
 .text          0x08000234      0x2f8 C:/Users/pc/Documents/STM32CubeIDE_1.19.0/STM32CubeIDE/plugins/com.st.stm32cube.ide.mcu.externaltools.gnu-tools-for-stm32.13.3.rel1.win32_1.0.0.202411081344/tools/bin/../lib/gcc/arm-none-eabi/13.3.1/thumb/v7e-m+fp/hard\libgcc.a(_udivmoddi4.o)
                0x08000234                __udivmoddi4
 .text          0x0800052c        0x4 C:/Users/pc/Documents/STM32CubeIDE_1.19.0/STM32CubeIDE/plugins/com.st.stm32cube.ide.mcu.externaltools.gnu-tools-for-stm32.13.3.rel1.win32_1.0.0.202411081344/tools/bin/../lib/gcc/arm-none-eabi/13.3.1/thumb/v7e-m+fp/hard\libgcc.a(_dvmd_tls.o)
                0x0800052c                __aeabi_idiv0
                0x0800052c                __aeabi_ldiv0
 *(.text*)
 .text.ILI9341_Draw_Hollow_Circle
                0x08000530      0x16c ./Core/Src/ILI9341/ILI9341_GFX.o
                0x08000530                ILI9341_Draw_Hollow_Circle
 .text.ILI9341_Draw_Filled_Circle
                0x0800069c      0x110 ./Core/Src/ILI9341/ILI9341_GFX.o
                0x0800069c                ILI9341_Draw_Filled_Circle
 .text.ILI9341_Draw_Filled_Rectangle_Coord
                0x080007ac       0xbc ./Core/Src/ILI9341/ILI9341_GFX.o
                0x080007ac                ILI9341_Draw_Filled_Rectangle_Coord
 .text.ILI9341_Draw_Char
                0x08000868      0x134 ./Core/Src/ILI9341/ILI9341_GFX.o
                0x08000868                ILI9341_Draw_Char
 .text.ILI9341_Draw_Text
                0x0800099c       0x5e ./Core/Src/ILI9341/ILI9341_GFX.o
                0x0800099c                ILI9341_Draw_Text
 *fill*         0x080009fa        0x2 
 .text.ILI9341_SPI_Init
                0x080009fc       0x18 ./Core/Src/ILI9341/ILI9341_STM32_Driver.o
                0x080009fc                ILI9341_SPI_Init
 .text.ILI9341_SPI_Send
                0x08000a14       0x24 ./Core/Src/ILI9341/ILI9341_STM32_Driver.o
                0x08000a14                ILI9341_SPI_Send
 .text.ILI9341_Write_Command
                0x08000a38       0x40 ./Core/Src/ILI9341/ILI9341_STM32_Driver.o
                0x08000a38                ILI9341_Write_Command
 .text.ILI9341_Write_Data
                0x08000a78       0x40 ./Core/Src/ILI9341/ILI9341_STM32_Driver.o
                0x08000a78                ILI9341_Write_Data
 .text.ILI9341_Set_Address
                0x08000ab8       0x98 ./Core/Src/ILI9341/ILI9341_STM32_Driver.o
                0x08000ab8                ILI9341_Set_Address
 .text.ILI9341_Reset
                0x08000b50       0x40 ./Core/Src/ILI9341/ILI9341_STM32_Driver.o
                0x08000b50                ILI9341_Reset
 .text.ILI9341_Set_Rotation
                0x08000b90       0xa4 ./Core/Src/ILI9341/ILI9341_STM32_Driver.o
                0x08000b90                ILI9341_Set_Rotation
 .text.ILI9341_Enable
                0x08000c34       0x18 ./Core/Src/ILI9341/ILI9341_STM32_Driver.o
                0x08000c34                ILI9341_Enable
 .text.ILI9341_Init
                0x08000c4c      0x21a ./Core/Src/ILI9341/ILI9341_STM32_Driver.o
                0x08000c4c                ILI9341_Init
 *fill*         0x08000e66        0x2 
 .text.ILI9341_Draw_Colour_Burst
                0x08000e68      0x138 ./Core/Src/ILI9341/ILI9341_STM32_Driver.o
                0x08000e68                ILI9341_Draw_Colour_Burst
 .text.ILI9341_Fill_Screen
                0x08000fa0       0x4c ./Core/Src/ILI9341/ILI9341_STM32_Driver.o
                0x08000fa0                ILI9341_Fill_Screen
 .text.ILI9341_Draw_Pixel
                0x08000fec      0x194 ./Core/Src/ILI9341/ILI9341_STM32_Driver.o
                0x08000fec                ILI9341_Draw_Pixel
 .text.ILI9341_Draw_Rectangle
                0x08001180       0xb8 ./Core/Src/ILI9341/ILI9341_STM32_Driver.o
                0x08001180                ILI9341_Draw_Rectangle
 .text.TIM1_CC_IRQHandler
                0x08001238       0xa0 ./Core/Src/MyHcsr04.o
                0x08001238                TIM1_CC_IRQHandler
 .text.main     0x080012d8       0x98 ./Core/Src/main.o
                0x080012d8                main
 .text.SystemClock_Config
                0x08001370       0xdc ./Core/Src/main.o
                0x08001370                SystemClock_Config
 .text.MX_SPI1_Init
                0x0800144c       0x6c ./Core/Src/main.o
 .text.MX_USART2_UART_Init
                0x080014b8       0x54 ./Core/Src/main.o
 .text.MX_GPIO_Init
                0x0800150c      0x114 ./Core/Src/main.o
 .text.Error_Handler
                0x08001620        0xc ./Core/Src/main.o
                0x08001620                Error_Handler
 .text.HAL_MspInit
                0x0800162c       0x50 ./Core/Src/stm32f4xx_hal_msp.o
                0x0800162c                HAL_MspInit
 .text.HAL_SPI_MspInit
                0x0800167c       0x90 ./Core/Src/stm32f4xx_hal_msp.o
                0x0800167c                HAL_SPI_MspInit
 .text.HAL_UART_MspInit
                0x0800170c       0x90 ./Core/Src/stm32f4xx_hal_msp.o
                0x0800170c                HAL_UART_MspInit
 .text.NMI_Handler
                0x0800179c        0x8 ./Core/Src/stm32f4xx_it.o
                0x0800179c                NMI_Handler
 .text.HardFault_Handler
                0x080017a4        0x8 ./Core/Src/stm32f4xx_it.o
                0x080017a4                HardFault_Handler
 .text.MemManage_Handler
                0x080017ac        0x8 ./Core/Src/stm32f4xx_it.o
                0x080017ac                MemManage_Handler
 .text.BusFault_Handler
                0x080017b4        0x8 ./Core/Src/stm32f4xx_it.o
                0x080017b4                BusFault_Handler
 .text.UsageFault_Handler
                0x080017bc        0x8 ./Core/Src/stm32f4xx_it.o
                0x080017bc                UsageFault_Handler
 .text.SVC_Handler
                0x080017c4        0xe ./Core/Src/stm32f4xx_it.o
                0x080017c4                SVC_Handler
 .text.DebugMon_Handler
                0x080017d2        0xe ./Core/Src/stm32f4xx_it.o
                0x080017d2                DebugMon_Handler
 .text.PendSV_Handler
                0x080017e0        0xe ./Core/Src/stm32f4xx_it.o
                0x080017e0                PendSV_Handler
 .text.SysTick_Handler
                0x080017ee        0xc ./Core/Src/stm32f4xx_it.o
                0x080017ee                SysTick_Handler
 *fill*         0x080017fa        0x2 
 .text.SystemInit
                0x080017fc       0x24 ./Core/Src/system_stm32f4xx.o
                0x080017fc                SystemInit
 .text.Reset_Handler
                0x08001820       0x50 ./Core/Startup/startup_stm32f446retx.o
                0x08001820                Reset_Handler
 .text.Default_Handler
                0x08001870        0x2 ./Core/Startup/startup_stm32f446retx.o
                0x08001870                RTC_Alarm_IRQHandler
                0x08001870                EXTI2_IRQHandler
                0x08001870                TIM8_CC_IRQHandler
                0x08001870                FMPI2C1_EV_IRQHandler
                0x08001870                SPI4_IRQHandler
                0x08001870                DMA2_Stream5_IRQHandler
                0x08001870                DMA1_Stream5_IRQHandler
                0x08001870                PVD_IRQHandler
                0x08001870                SDIO_IRQHandler
                0x08001870                TAMP_STAMP_IRQHandler
                0x08001870                CAN2_RX1_IRQHandler
                0x08001870                EXTI3_IRQHandler
                0x08001870                TIM8_TRG_COM_TIM14_IRQHandler
                0x08001870                TIM1_UP_TIM10_IRQHandler
                0x08001870                TIM8_UP_TIM13_IRQHandler
                0x08001870                I2C3_ER_IRQHandler
                0x08001870                EXTI0_IRQHandler
                0x08001870                I2C2_EV_IRQHandler
                0x08001870                DMA1_Stream2_IRQHandler
                0x08001870                CAN1_RX0_IRQHandler
                0x08001870                FPU_IRQHandler
                0x08001870                OTG_HS_WKUP_IRQHandler
                0x08001870                CAN2_SCE_IRQHandler
                0x08001870                DMA2_Stream2_IRQHandler
                0x08001870                SPI1_IRQHandler
                0x08001870                TIM6_DAC_IRQHandler
                0x08001870                TIM1_BRK_TIM9_IRQHandler
                0x08001870                DCMI_IRQHandler
                0x08001870                CAN2_RX0_IRQHandler
                0x08001870                DMA2_Stream3_IRQHandler
                0x08001870                SAI2_IRQHandler
                0x08001870                USART6_IRQHandler
                0x08001870                USART3_IRQHandler
                0x08001870                CAN1_RX1_IRQHandler
                0x08001870                UART5_IRQHandler
                0x08001870                DMA2_Stream0_IRQHandler
                0x08001870                TIM4_IRQHandler
                0x08001870                QUADSPI_IRQHandler
                0x08001870                I2C1_EV_IRQHandler
                0x08001870                DMA1_Stream6_IRQHandler
                0x08001870                DMA1_Stream1_IRQHandler
                0x08001870                UART4_IRQHandler
                0x08001870                TIM3_IRQHandler
                0x08001870                RCC_IRQHandler
                0x08001870                TIM8_BRK_TIM12_IRQHandler
                0x08001870                Default_Handler
                0x08001870                CEC_IRQHandler
                0x08001870                EXTI15_10_IRQHandler
                0x08001870                ADC_IRQHandler
                0x08001870                DMA1_Stream7_IRQHandler
                0x08001870                TIM7_IRQHandler
                0x08001870                CAN2_TX_IRQHandler
                0x08001870                TIM5_IRQHandler
                0x08001870                DMA2_Stream7_IRQHandler
                0x08001870                I2C3_EV_IRQHandler
                0x08001870                EXTI9_5_IRQHandler
                0x08001870                RTC_WKUP_IRQHandler
                0x08001870                SPDIF_RX_IRQHandler
                0x08001870                SPI2_IRQHandler
                0x08001870                OTG_HS_EP1_IN_IRQHandler
                0x08001870                DMA1_Stream0_IRQHandler
                0x08001870                CAN1_TX_IRQHandler
                0x08001870                FMPI2C1_ER_IRQHandler
                0x08001870                EXTI4_IRQHandler
                0x08001870                OTG_HS_EP1_OUT_IRQHandler
                0x08001870                WWDG_IRQHandler
                0x08001870                TIM2_IRQHandler
                0x08001870                OTG_FS_WKUP_IRQHandler
                0x08001870                TIM1_TRG_COM_TIM11_IRQHandler
                0x08001870                OTG_HS_IRQHandler
                0x08001870                EXTI1_IRQHandler
                0x08001870                USART2_IRQHandler
                0x08001870                I2C2_ER_IRQHandler
                0x08001870                DMA2_Stream1_IRQHandler
                0x08001870                CAN1_SCE_IRQHandler
                0x08001870                FLASH_IRQHandler
                0x08001870                DMA2_Stream4_IRQHandler
                0x08001870                USART1_IRQHandler
                0x08001870                OTG_FS_IRQHandler
                0x08001870                SPI3_IRQHandler
                0x08001870                DMA1_Stream4_IRQHandler
                0x08001870                I2C1_ER_IRQHandler
                0x08001870                FMC_IRQHandler
                0x08001870                DMA2_Stream6_IRQHandler
                0x08001870                SAI1_IRQHandler
                0x08001870                DMA1_Stream3_IRQHandler
 *fill*         0x08001872        0x2 
 .text.HAL_Init
                0x08001874       0x44 ./Drivers/STM32F4xx_HAL_Driver/Src/stm32f4xx_hal.o
                0x08001874                HAL_Init
 .text.HAL_InitTick
                0x080018b8       0x60 ./Drivers/STM32F4xx_HAL_Driver/Src/stm32f4xx_hal.o
                0x080018b8                HAL_InitTick
 .text.HAL_IncTick
                0x08001918       0x28 ./Drivers/STM32F4xx_HAL_Driver/Src/stm32f4xx_hal.o
                0x08001918                HAL_IncTick
 .text.HAL_GetTick
                0x08001940       0x18 ./Drivers/STM32F4xx_HAL_Driver/Src/stm32f4xx_hal.o
                0x08001940                HAL_GetTick
 .text.HAL_Delay
                0x08001958       0x48 ./Drivers/STM32F4xx_HAL_Driver/Src/stm32f4xx_hal.o
                0x08001958                HAL_Delay
 .text.__NVIC_SetPriorityGrouping
                0x080019a0       0x48 ./Drivers/STM32F4xx_HAL_Driver/Src/stm32f4xx_hal_cortex.o
 .text.__NVIC_GetPriorityGrouping
                0x080019e8       0x1c ./Drivers/STM32F4xx_HAL_Driver/Src/stm32f4xx_hal_cortex.o
 .text.__NVIC_SetPriority
                0x08001a04       0x54 ./Drivers/STM32F4xx_HAL_Driver/Src/stm32f4xx_hal_cortex.o
 .text.NVIC_EncodePriority
                0x08001a58       0x66 ./Drivers/STM32F4xx_HAL_Driver/Src/stm32f4xx_hal_cortex.o
 *fill*         0x08001abe        0x2 
 .text.SysTick_Config
                0x08001ac0       0x44 ./Drivers/STM32F4xx_HAL_Driver/Src/stm32f4xx_hal_cortex.o
 .text.HAL_NVIC_SetPriorityGrouping
                0x08001b04       0x16 ./Drivers/STM32F4xx_HAL_Driver/Src/stm32f4xx_hal_cortex.o
                0x08001b04                HAL_NVIC_SetPriorityGrouping
 .text.HAL_NVIC_SetPriority
                0x08001b1a       0x38 ./Drivers/STM32F4xx_HAL_Driver/Src/stm32f4xx_hal_cortex.o
                0x08001b1a                HAL_NVIC_SetPriority
 .text.HAL_SYSTICK_Config
                0x08001b52       0x18 ./Drivers/STM32F4xx_HAL_Driver/Src/stm32f4xx_hal_cortex.o
                0x08001b52                HAL_SYSTICK_Config
 *fill*         0x08001b6a        0x2 
 .text.HAL_GPIO_Init
                0x08001b6c      0x328 ./Drivers/STM32F4xx_HAL_Driver/Src/stm32f4xx_hal_gpio.o
                0x08001b6c                HAL_GPIO_Init
 .text.HAL_GPIO_WritePin
                0x08001e94       0x32 ./Drivers/STM32F4xx_HAL_Driver/Src/stm32f4xx_hal_gpio.o
                0x08001e94                HAL_GPIO_WritePin
 *fill*         0x08001ec6        0x2 
 .text.HAL_RCC_ClockConfig
                0x08001ec8      0x1cc ./Drivers/STM32F4xx_HAL_Driver/Src/stm32f4xx_hal_rcc.o
                0x08001ec8                HAL_RCC_ClockConfig
 .text.HAL_RCC_GetHCLKFreq
                0x08002094       0x18 ./Drivers/STM32F4xx_HAL_Driver/Src/stm32f4xx_hal_rcc.o
                0x08002094                HAL_RCC_GetHCLKFreq
 .text.HAL_RCC_GetPCLK1Freq
                0x080020ac       0x28 ./Drivers/STM32F4xx_HAL_Driver/Src/stm32f4xx_hal_rcc.o
                0x080020ac                HAL_RCC_GetPCLK1Freq
 .text.HAL_RCC_GetPCLK2Freq
                0x080020d4       0x28 ./Drivers/STM32F4xx_HAL_Driver/Src/stm32f4xx_hal_rcc.o
                0x080020d4                HAL_RCC_GetPCLK2Freq
 .text.HAL_RCC_GetSysClockFreq
                0x080020fc      0x460 ./Drivers/STM32F4xx_HAL_Driver/Src/stm32f4xx_hal_rcc_ex.o
                0x080020fc                HAL_RCC_GetSysClockFreq
 .text.HAL_RCC_OscConfig
                0x0800255c      0x53c ./Drivers/STM32F4xx_HAL_Driver/Src/stm32f4xx_hal_rcc_ex.o
                0x0800255c                HAL_RCC_OscConfig
 .text.HAL_SPI_Init
                0x08002a98      0x112 ./Drivers/STM32F4xx_HAL_Driver/Src/stm32f4xx_hal_spi.o
                0x08002a98                HAL_SPI_Init
 .text.HAL_SPI_Transmit
                0x08002baa      0x286 ./Drivers/STM32F4xx_HAL_Driver/Src/stm32f4xx_hal_spi.o
                0x08002baa                HAL_SPI_Transmit
 .text.SPI_WaitFlagStateUntilTimeout
                0x08002e30      0x110 ./Drivers/STM32F4xx_HAL_Driver/Src/stm32f4xx_hal_spi.o
 .text.SPI_EndRxTxTransaction
                0x08002f40       0xa8 ./Drivers/STM32F4xx_HAL_Driver/Src/stm32f4xx_hal_spi.o
 .text.HAL_UART_Init
                0x08002fe8       0xa0 ./Drivers/STM32F4xx_HAL_Driver/Src/stm32f4xx_hal_uart.o
                0x08002fe8                HAL_UART_Init
 .text.UART_SetConfig
                0x08003088      0x4e8 ./Drivers/STM32F4xx_HAL_Driver/Src/stm32f4xx_hal_uart.o
 .text.memset   0x08003570       0x10 C:/Users/pc/Documents/STM32CubeIDE_1.19.0/STM32CubeIDE/plugins/com.st.stm32cube.ide.mcu.externaltools.gnu-tools-for-stm32.13.3.rel1.win32_1.0.0.202411081344/tools/bin/../lib/gcc/arm-none-eabi/13.3.1/../../../../arm-none-eabi/lib/thumb/v7e-m+fp/hard\libc_nano.a(libc_a-memset.o)
                0x08003570                memset
 .text.__libc_init_array
                0x08003580       0x48 C:/Users/pc/Documents/STM32CubeIDE_1.19.0/STM32CubeIDE/plugins/com.st.stm32cube.ide.mcu.externaltools.gnu-tools-for-stm32.13.3.rel1.win32_1.0.0.202411081344/tools/bin/../lib/gcc/arm-none-eabi/13.3.1/../../../../arm-none-eabi/lib/thumb/v7e-m+fp/hard\libc_nano.a(libc_a-init.o)
                0x08003580                __libc_init_array
 *(.glue_7)
 .glue_7        0x080035c8        0x0 linker stubs
 *(.glue_7t)
 .glue_7t       0x080035c8        0x0 linker stubs
 *(.eh_frame)
 .eh_frame      0x080035c8        0x0 C:/Users/pc/Documents/STM32CubeIDE_1.19.0/STM32CubeIDE/plugins/com.st.stm32cube.ide.mcu.externaltools.gnu-tools-for-stm32.13.3.rel1.win32_1.0.0.202411081344/tools/bin/../lib/gcc/arm-none-eabi/13.3.1/thumb/v7e-m+fp/hard/crtbegin.o
 *(.init)
 .init          0x080035c8        0x4 C:/Users/pc/Documents/STM32CubeIDE_1.19.0/STM32CubeIDE/plugins/com.st.stm32cube.ide.mcu.externaltools.gnu-tools-for-stm32.13.3.rel1.win32_1.0.0.202411081344/tools/bin/../lib/gcc/arm-none-eabi/13.3.1/thumb/v7e-m+fp/hard/crti.o
                0x080035c8                _init
 .init          0x080035cc        0x8 C:/Users/pc/Documents/STM32CubeIDE_1.19.0/STM32CubeIDE/plugins/com.st.stm32cube.ide.mcu.externaltools.gnu-tools-for-stm32.13.3.rel1.win32_1.0.0.202411081344/tools/bin/../lib/gcc/arm-none-eabi/13.3.1/thumb/v7e-m+fp/hard/crtn.o
 *(.fini)
 .fini          0x080035d4        0x4 C:/Users/pc/Documents/STM32CubeIDE_1.19.0/STM32CubeIDE/plugins/com.st.stm32cube.ide.mcu.externaltools.gnu-tools-for-stm32.13.3.rel1.win32_1.0.0.202411081344/tools/bin/../lib/gcc/arm-none-eabi/13.3.1/thumb/v7e-m+fp/hard/crti.o
                0x080035d4                _fini
 .fini          0x080035d8        0x8 C:/Users/pc/Documents/STM32CubeIDE_1.19.0/STM32CubeIDE/plugins/com.st.stm32cube.ide.mcu.externaltools.gnu-tools-for-stm32.13.3.rel1.win32_1.0.0.202411081344/tools/bin/../lib/gcc/arm-none-eabi/13.3.1/thumb/v7e-m+fp/hard/crtn.o
                0x080035e0                        . = ALIGN (0x4)
                0x080035e0                        _etext = .

.vfp11_veneer   0x080035e0        0x0
 .vfp11_veneer  0x080035e0        0x0 linker stubs

.v4_bx          0x080035e0        0x0
 .v4_bx         0x080035e0        0x0 linker stubs

.iplt           0x080035e0        0x0
 .iplt          0x080035e0        0x0 C:/Users/pc/Documents/STM32CubeIDE_1.19.0/STM32CubeIDE/plugins/com.st.stm32cube.ide.mcu.externaltools.gnu-tools-for-stm32.13.3.rel1.win32_1.0.0.202411081344/tools/bin/../lib/gcc/arm-none-eabi/13.3.1/thumb/v7e-m+fp/hard/crtbegin.o

.rodata         0x080035e0      0x274
                0x080035e0                        . = ALIGN (0x4)
 *(.rodata)
 .rodata        0x080035e0       0x1b ./Core/Src/main.o
 *(.rodata*)
 *fill*         0x080035fb        0x1 
 .rodata.font   0x080035fc      0x240 ./Core/Src/ILI9341/ILI9341_GFX.o
 .rodata.AHBPrescTable
                0x0800383c       0x10 ./Core/Src/system_stm32f4xx.o
                0x0800383c                AHBPrescTable
 .rodata.APBPrescTable
                0x0800384c        0x8 ./Core/Src/system_stm32f4xx.o
                0x0800384c                APBPrescTable
                0x08003854                        . = ALIGN (0x4)

.ARM.extab      0x08003854        0x0
                0x08003854                        . = ALIGN (0x4)
 *(.ARM.extab* .gnu.linkonce.armextab.*)
                0x08003854                        . = ALIGN (0x4)

.ARM            0x08003854        0x8
                0x08003854                        . = ALIGN (0x4)
                0x08003854                        __exidx_start = .
 *(.ARM.exidx*)
 .ARM.exidx     0x08003854        0x8 C:/Users/pc/Documents/STM32CubeIDE_1.19.0/STM32CubeIDE/plugins/com.st.stm32cube.ide.mcu.externaltools.gnu-tools-for-stm32.13.3.rel1.win32_1.0.0.202411081344/tools/bin/../lib/gcc/arm-none-eabi/13.3.1/thumb/v7e-m+fp/hard\libgcc.a(_udivmoddi4.o)
                0x0800385c                        __exidx_end = .
                0x0800385c                        . = ALIGN (0x4)

.preinit_array  0x0800385c        0x0
                0x0800385c                        . = ALIGN (0x4)
                0x0800385c                        PROVIDE (__preinit_array_start = .)
 *(.preinit_array*)
                0x0800385c                        PROVIDE (__preinit_array_end = .)
                0x0800385c                        . = ALIGN (0x4)

.init_array     0x0800385c        0x4
                0x0800385c                        . = ALIGN (0x4)
                0x0800385c                        PROVIDE (__init_array_start = .)
 *(SORT_BY_NAME(.init_array.*))
 *(.init_array*)
 .init_array    0x0800385c        0x4 C:/Users/pc/Documents/STM32CubeIDE_1.19.0/STM32CubeIDE/plugins/com.st.stm32cube.ide.mcu.externaltools.gnu-tools-for-stm32.13.3.rel1.win32_1.0.0.202411081344/tools/bin/../lib/gcc/arm-none-eabi/13.3.1/thumb/v7e-m+fp/hard/crtbegin.o
                0x08003860                        PROVIDE (__init_array_end = .)
                0x08003860                        . = ALIGN (0x4)

.fini_array     0x08003860        0x4
                0x08003860                        . = ALIGN (0x4)
                [!provide]                        PROVIDE (__fini_array_start = .)
 *(SORT_BY_NAME(.fini_array.*))
 *(.fini_array*)
 .fini_array    0x08003860        0x4 C:/Users/pc/Documents/STM32CubeIDE_1.19.0/STM32CubeIDE/plugins/com.st.stm32cube.ide.mcu.externaltools.gnu-tools-for-stm32.13.3.rel1.win32_1.0.0.202411081344/tools/bin/../lib/gcc/arm-none-eabi/13.3.1/thumb/v7e-m+fp/hard/crtbegin.o
                [!provide]                        PROVIDE (__fini_array_end = .)
                0x08003864                        . = ALIGN (0x4)
                0x08003864                        _sidata = LOADADDR (.data)

.rel.dyn        0x08003864        0x0
 .rel.iplt      0x08003864        0x0 C:/Users/pc/Documents/STM32CubeIDE_1.19.0/STM32CubeIDE/plugins/com.st.stm32cube.ide.mcu.externaltools.gnu-tools-for-stm32.13.3.rel1.win32_1.0.0.202411081344/tools/bin/../lib/gcc/arm-none-eabi/13.3.1/thumb/v7e-m+fp/hard/crtbegin.o

.data           0x20000000       0x10 load address 0x08003864
                0x20000000                        . = ALIGN (0x4)
                0x20000000                        _sdata = .
 *(.data)
 *(.data*)
 .data.LCD_HEIGHT
                0x20000000        0x2 ./Core/Src/ILI9341/ILI9341_STM32_Driver.o
                0x20000000                LCD_HEIGHT
 .data.LCD_WIDTH
                0x20000002        0x2 ./Core/Src/ILI9341/ILI9341_STM32_Driver.o
                0x20000002                LCD_WIDTH
 .data.SystemCoreClock
                0x20000004        0x4 ./Core/Src/system_stm32f4xx.o
                0x20000004                SystemCoreClock
 .data.uwTickPrio
                0x20000008        0x4 ./Drivers/STM32F4xx_HAL_Driver/Src/stm32f4xx_hal.o
                0x20000008                uwTickPrio
 .data.uwTickFreq
                0x2000000c        0x1 ./Drivers/STM32F4xx_HAL_Driver/Src/stm32f4xx_hal.o
                0x2000000c                uwTickFreq
 *(.RamFunc)
 *(.RamFunc*)
                0x20000010                        . = ALIGN (0x4)
 *fill*         0x2000000d        0x3 
                0x20000010                        _edata = .

.igot.plt       0x20000010        0x0 load address 0x08003874
 .igot.plt      0x20000010        0x0 C:/Users/pc/Documents/STM32CubeIDE_1.19.0/STM32CubeIDE/plugins/com.st.stm32cube.ide.mcu.externaltools.gnu-tools-for-stm32.13.3.rel1.win32_1.0.0.202411081344/tools/bin/../lib/gcc/arm-none-eabi/13.3.1/thumb/v7e-m+fp/hard/crtbegin.o
                0x20000010                        . = ALIGN (0x4)

.bss            0x20000010       0xd0 load address 0x08003874
                0x20000010                        _sbss = .
                0x20000010                        __bss_start__ = _sbss
 *(.bss)
 .bss           0x20000010       0x1c C:/Users/pc/Documents/STM32CubeIDE_1.19.0/STM32CubeIDE/plugins/com.st.stm32cube.ide.mcu.externaltools.gnu-tools-for-stm32.13.3.rel1.win32_1.0.0.202411081344/tools/bin/../lib/gcc/arm-none-eabi/13.3.1/thumb/v7e-m+fp/hard/crtbegin.o
 *(.bss*)
 .bss.start_time
                0x2000002c        0x4 ./Core/Src/MyHcsr04.o
                0x2000002c                start_time
 .bss.end_time  0x20000030        0x4 ./Core/Src/MyHcsr04.o
                0x20000030                end_time
 .bss.diffrence
                0x20000034        0x4 ./Core/Src/MyHcsr04.o
                0x20000034                diffrence
 .bss.is_first_cap
                0x20000038        0x1 ./Core/Src/MyHcsr04.o
                0x20000038                is_first_cap
 *fill*         0x20000039        0x3 
 .bss.hspi1     0x2000003c       0x58 ./Core/Src/main.o
                0x2000003c                hspi1
 .bss.huart2    0x20000094       0x48 ./Core/Src/main.o
                0x20000094                huart2
 .bss.uwTick    0x200000dc        0x4 ./Drivers/STM32F4xx_HAL_Driver/Src/stm32f4xx_hal.o
                0x200000dc                uwTick
 *(COMMON)
                0x200000e0                        . = ALIGN (0x4)
                0x200000e0                        _ebss = .
                0x200000e0                        __bss_end__ = _ebss

._user_heap_stack
                0x200000e0      0x600 load address 0x08003874
                0x200000e0                        . = ALIGN (0x8)
                [!provide]                        PROVIDE (end = .)
                0x200000e0                        PROVIDE (_end = .)
                0x200002e0                        . = (. + _Min_Heap_Size)
 *fill*         0x200000e0      0x200 
                0x200006e0                        . = (. + _Min_Stack_Size)
 *fill*         0x200002e0      0x400 
                0x200006e0                        . = ALIGN (0x8)

/DISCARD/
 libc.a(*)
 libm.a(*)
 libgcc.a(*)

.ARM.attributes
                0x00000000       0x30
 *(.ARM.attributes)
 .ARM.attributes
                0x00000000       0x22 C:/Users/pc/Documents/STM32CubeIDE_1.19.0/STM32CubeIDE/plugins/com.st.stm32cube.ide.mcu.externaltools.gnu-tools-for-stm32.13.3.rel1.win32_1.0.0.202411081344/tools/bin/../lib/gcc/arm-none-eabi/13.3.1/thumb/v7e-m+fp/hard/crti.o
 .ARM.attributes
                0x00000022       0x34 C:/Users/pc/Documents/STM32CubeIDE_1.19.0/STM32CubeIDE/plugins/com.st.stm32cube.ide.mcu.externaltools.gnu-tools-for-stm32.13.3.rel1.win32_1.0.0.202411081344/tools/bin/../lib/gcc/arm-none-eabi/13.3.1/thumb/v7e-m+fp/hard/crtbegin.o
 .ARM.attributes
                0x00000056       0x34 ./Core/Src/ILI9341/ILI9341_GFX.o
 .ARM.attributes
                0x0000008a       0x34 ./Core/Src/ILI9341/ILI9341_STM32_Driver.o
 .ARM.attributes
                0x000000be       0x34 ./Core/Src/MyHcsr04.o
 .ARM.attributes
                0x000000f2       0x34 ./Core/Src/main.o
 .ARM.attributes
                0x00000126       0x34 ./Core/Src/stm32f4xx_hal_msp.o
 .ARM.attributes
                0x0000015a       0x34 ./Core/Src/stm32f4xx_it.o
 .ARM.attributes
                0x0000018e       0x34 ./Core/Src/system_stm32f4xx.o
 .ARM.attributes
                0x000001c2       0x21 ./Core/Startup/startup_stm32f446retx.o
 .ARM.attributes
                0x000001e3       0x34 ./Drivers/STM32F4xx_HAL_Driver/Src/stm32f4xx_hal.o
 .ARM.attributes
                0x00000217       0x34 ./Drivers/STM32F4xx_HAL_Driver/Src/stm32f4xx_hal_cortex.o
 .ARM.attributes
                0x0000024b       0x34 ./Drivers/STM32F4xx_HAL_Driver/Src/stm32f4xx_hal_gpio.o
 .ARM.attributes
                0x0000027f       0x34 ./Drivers/STM32F4xx_HAL_Driver/Src/stm32f4xx_hal_rcc.o
 .ARM.attributes
                0x000002b3       0x34 ./Drivers/STM32F4xx_HAL_Driver/Src/stm32f4xx_hal_rcc_ex.o
 .ARM.attributes
                0x000002e7       0x34 ./Drivers/STM32F4xx_HAL_Driver/Src/stm32f4xx_hal_spi.o
 .ARM.attributes
                0x0000031b       0x34 ./Drivers/STM32F4xx_HAL_Driver/Src/stm32f4xx_hal_uart.o
 .ARM.attributes
                0x0000034f       0x34 C:/Users/pc/Documents/STM32CubeIDE_1.19.0/STM32CubeIDE/plugins/com.st.stm32cube.ide.mcu.externaltools.gnu-tools-for-stm32.13.3.rel1.win32_1.0.0.202411081344/tools/bin/../lib/gcc/arm-none-eabi/13.3.1/../../../../arm-none-eabi/lib/thumb/v7e-m+fp/hard\libc_nano.a(libc_a-memset.o)
 .ARM.attributes
                0x00000383       0x34 C:/Users/pc/Documents/STM32CubeIDE_1.19.0/STM32CubeIDE/plugins/com.st.stm32cube.ide.mcu.externaltools.gnu-tools-for-stm32.13.3.rel1.win32_1.0.0.202411081344/tools/bin/../lib/gcc/arm-none-eabi/13.3.1/../../../../arm-none-eabi/lib/thumb/v7e-m+fp/hard\libc_nano.a(libc_a-init.o)
 .ARM.attributes
                0x000003b7       0x22 C:/Users/pc/Documents/STM32CubeIDE_1.19.0/STM32CubeIDE/plugins/com.st.stm32cube.ide.mcu.externaltools.gnu-tools-for-stm32.13.3.rel1.win32_1.0.0.202411081344/tools/bin/../lib/gcc/arm-none-eabi/13.3.1/thumb/v7e-m+fp/hard\libgcc.a(_aeabi_uldivmod.o)
 .ARM.attributes
                0x000003d9       0x34 C:/Users/pc/Documents/STM32CubeIDE_1.19.0/STM32CubeIDE/plugins/com.st.stm32cube.ide.mcu.externaltools.gnu-tools-for-stm32.13.3.rel1.win32_1.0.0.202411081344/tools/bin/../lib/gcc/arm-none-eabi/13.3.1/thumb/v7e-m+fp/hard\libgcc.a(_udivmoddi4.o)
 .ARM.attributes
                0x0000040d       0x22 C:/Users/pc/Documents/STM32CubeIDE_1.19.0/STM32CubeIDE/plugins/com.st.stm32cube.ide.mcu.externaltools.gnu-tools-for-stm32.13.3.rel1.win32_1.0.0.202411081344/tools/bin/../lib/gcc/arm-none-eabi/13.3.1/thumb/v7e-m+fp/hard\libgcc.a(_dvmd_tls.o)
 .ARM.attributes
                0x0000042f       0x22 C:/Users/pc/Documents/STM32CubeIDE_1.19.0/STM32CubeIDE/plugins/com.st.stm32cube.ide.mcu.externaltools.gnu-tools-for-stm32.13.3.rel1.win32_1.0.0.202411081344/tools/bin/../lib/gcc/arm-none-eabi/13.3.1/thumb/v7e-m+fp/hard/crtn.o
OUTPUT(V2.1_ECU_STM32_PROJECT.elf elf32-littlearm)
LOAD linker stubs
LOAD C:/Users/pc/Documents/STM32CubeIDE_1.19.0/STM32CubeIDE/plugins/com.st.stm32cube.ide.mcu.externaltools.gnu-tools-for-stm32.13.3.rel1.win32_1.0.0.202411081344/tools/bin/../lib/gcc/arm-none-eabi/13.3.1/../../../../arm-none-eabi/lib/thumb/v7e-m+fp/hard\libc.a
LOAD C:/Users/pc/Documents/STM32CubeIDE_1.19.0/STM32CubeIDE/plugins/com.st.stm32cube.ide.mcu.externaltools.gnu-tools-for-stm32.13.3.rel1.win32_1.0.0.202411081344/tools/bin/../lib/gcc/arm-none-eabi/13.3.1/../../../../arm-none-eabi/lib/thumb/v7e-m+fp/hard\libm.a
LOAD C:/Users/pc/Documents/STM32CubeIDE_1.19.0/STM32CubeIDE/plugins/com.st.stm32cube.ide.mcu.externaltools.gnu-tools-for-stm32.13.3.rel1.win32_1.0.0.202411081344/tools/bin/../lib/gcc/arm-none-eabi/13.3.1/thumb/v7e-m+fp/hard\libgcc.a

.debug_info     0x00000000     0xb8cc
 .debug_info    0x00000000      0xd67 ./Core/Src/ILI9341/ILI9341_GFX.o
 .debug_info    0x00000d67      0xadb ./Core/Src/ILI9341/ILI9341_STM32_Driver.o
 .debug_info    0x00001842      0x8e4 ./Core/Src/MyHcsr04.o
 .debug_info    0x00002126      0xf57 ./Core/Src/main.o
 .debug_info    0x0000307d      0xc1c ./Core/Src/stm32f4xx_hal_msp.o
 .debug_info    0x00003c99      0x112 ./Core/Src/stm32f4xx_it.o
 .debug_info    0x00003dab      0x54a ./Core/Src/system_stm32f4xx.o
 .debug_info    0x000042f5       0x30 ./Core/Startup/startup_stm32f446retx.o
 .debug_info    0x00004325      0x99a ./Drivers/STM32F4xx_HAL_Driver/Src/stm32f4xx_hal.o
 .debug_info    0x00004cbf      0xd75 ./Drivers/STM32F4xx_HAL_Driver/Src/stm32f4xx_hal_cortex.o
 .debug_info    0x00005a34      0x70b ./Drivers/STM32F4xx_HAL_Driver/Src/stm32f4xx_hal_gpio.o
 .debug_info    0x0000613f      0x8ed ./Drivers/STM32F4xx_HAL_Driver/Src/stm32f4xx_hal_rcc.o
 .debug_info    0x00006a2c      0x956 ./Drivers/STM32F4xx_HAL_Driver/Src/stm32f4xx_hal_rcc_ex.o
 .debug_info    0x00007382     0x15fb ./Drivers/STM32F4xx_HAL_Driver/Src/stm32f4xx_hal_spi.o
 .debug_info    0x0000897d     0x2f4f ./Drivers/STM32F4xx_HAL_Driver/Src/stm32f4xx_hal_uart.o

.debug_abbrev   0x00000000     0x1deb
 .debug_abbrev  0x00000000      0x268 ./Core/Src/ILI9341/ILI9341_GFX.o
 .debug_abbrev  0x00000268      0x266 ./Core/Src/ILI9341/ILI9341_STM32_Driver.o
 .debug_abbrev  0x000004ce      0x1ca ./Core/Src/MyHcsr04.o
 .debug_abbrev  0x00000698      0x27d ./Core/Src/main.o
 .debug_abbrev  0x00000915      0x1c3 ./Core/Src/stm32f4xx_hal_msp.o
 .debug_abbrev  0x00000ad8       0x73 ./Core/Src/stm32f4xx_it.o
 .debug_abbrev  0x00000b4b      0x11a ./Core/Src/system_stm32f4xx.o
 .debug_abbrev  0x00000c65       0x24 ./Core/Startup/startup_stm32f446retx.o
 .debug_abbrev  0x00000c89      0x214 ./Drivers/STM32F4xx_HAL_Driver/Src/stm32f4xx_hal.o
 .debug_abbrev  0x00000e9d      0x328 ./Drivers/STM32F4xx_HAL_Driver/Src/stm32f4xx_hal_cortex.o
 .debug_abbrev  0x000011c5      0x1d4 ./Drivers/STM32F4xx_HAL_Driver/Src/stm32f4xx_hal_gpio.o
 .debug_abbrev  0x00001399      0x2b6 ./Drivers/STM32F4xx_HAL_Driver/Src/stm32f4xx_hal_rcc.o
 .debug_abbrev  0x0000164f      0x20a ./Drivers/STM32F4xx_HAL_Driver/Src/stm32f4xx_hal_rcc_ex.o
 .debug_abbrev  0x00001859      0x284 ./Drivers/STM32F4xx_HAL_Driver/Src/stm32f4xx_hal_spi.o
 .debug_abbrev  0x00001add      0x30e ./Drivers/STM32F4xx_HAL_Driver/Src/stm32f4xx_hal_uart.o

.debug_aranges  0x00000000      0x9a8
 .debug_aranges
                0x00000000       0x50 ./Core/Src/ILI9341/ILI9341_GFX.o
 .debug_aranges
                0x00000050       0x98 ./Core/Src/ILI9341/ILI9341_STM32_Driver.o
 .debug_aranges
                0x000000e8       0x48 ./Core/Src/MyHcsr04.o
 .debug_aranges
                0x00000130       0x48 ./Core/Src/main.o
 .debug_aranges
                0x00000178       0x40 ./Core/Src/stm32f4xx_hal_msp.o
 .debug_aranges
                0x000001b8       0x60 ./Core/Src/stm32f4xx_it.o
 .debug_aranges
                0x00000218       0x28 ./Core/Src/system_stm32f4xx.o
 .debug_aranges
                0x00000240       0x28 ./Core/Startup/startup_stm32f446retx.o
 .debug_aranges
                0x00000268       0xf0 ./Drivers/STM32F4xx_HAL_Driver/Src/stm32f4xx_hal.o
 .debug_aranges
                0x00000358      0x120 ./Drivers/STM32F4xx_HAL_Driver/Src/stm32f4xx_hal_cortex.o
 .debug_aranges
                0x00000478       0x58 ./Drivers/STM32F4xx_HAL_Driver/Src/stm32f4xx_hal_gpio.o
 .debug_aranges
                0x000004d0       0x88 ./Drivers/STM32F4xx_HAL_Driver/Src/stm32f4xx_hal_rcc.o
 .debug_aranges
                0x00000558       0x78 ./Drivers/STM32F4xx_HAL_Driver/Src/stm32f4xx_hal_rcc_ex.o
 .debug_aranges
                0x000005d0      0x1d0 ./Drivers/STM32F4xx_HAL_Driver/Src/stm32f4xx_hal_spi.o
 .debug_aranges
                0x000007a0      0x208 ./Drivers/STM32F4xx_HAL_Driver/Src/stm32f4xx_hal_uart.o

.debug_rnglists
                0x00000000      0x76d
 .debug_rnglists
                0x00000000       0x3d ./Core/Src/ILI9341/ILI9341_GFX.o
 .debug_rnglists
                0x0000003d       0x75 ./Core/Src/ILI9341/ILI9341_STM32_Driver.o
 .debug_rnglists
                0x000000b2       0x33 ./Core/Src/MyHcsr04.o
 .debug_rnglists
                0x000000e5       0x34 ./Core/Src/main.o
 .debug_rnglists
                0x00000119       0x2d ./Core/Src/stm32f4xx_hal_msp.o
 .debug_rnglists
                0x00000146       0x43 ./Core/Src/stm32f4xx_it.o
 .debug_rnglists
                0x00000189       0x1a ./Core/Src/system_stm32f4xx.o
 .debug_rnglists
                0x000001a3       0x19 ./Core/Startup/startup_stm32f446retx.o
 .debug_rnglists
                0x000001bc       0xaf ./Drivers/STM32F4xx_HAL_Driver/Src/stm32f4xx_hal.o
 .debug_rnglists
                0x0000026b       0xd4 ./Drivers/STM32F4xx_HAL_Driver/Src/stm32f4xx_hal_cortex.o
 .debug_rnglists
                0x0000033f       0x3f ./Drivers/STM32F4xx_HAL_Driver/Src/stm32f4xx_hal_gpio.o
 .debug_rnglists
                0x0000037e       0x66 ./Drivers/STM32F4xx_HAL_Driver/Src/stm32f4xx_hal_rcc.o
 .debug_rnglists
                0x000003e4       0x5e ./Drivers/STM32F4xx_HAL_Driver/Src/stm32f4xx_hal_rcc_ex.o
 .debug_rnglists
                0x00000442      0x16f ./Drivers/STM32F4xx_HAL_Driver/Src/stm32f4xx_hal_spi.o
 .debug_rnglists
                0x000005b1      0x1bc ./Drivers/STM32F4xx_HAL_Driver/Src/stm32f4xx_hal_uart.o

.debug_macro    0x00000000     0x82ee
 .debug_macro   0x00000000      0x1ee ./Core/Src/ILI9341/ILI9341_GFX.o
 .debug_macro   0x000001ee      0x29b ./Core/Src/ILI9341/ILI9341_GFX.o
 .debug_macro   0x00000489       0x2e ./Core/Src/ILI9341/ILI9341_GFX.o
 .debug_macro   0x000004b7       0x6d ./Core/Src/ILI9341/ILI9341_GFX.o
 .debug_macro   0x00000524     0x368c ./Core/Src/ILI9341/ILI9341_GFX.o
 .debug_macro   0x00003bb0      0x190 ./Core/Src/ILI9341/ILI9341_GFX.o
 .debug_macro   0x00003d40       0x5c ./Core/Src/ILI9341/ILI9341_GFX.o
 .debug_macro   0x00003d9c      0xca5 ./Core/Src/ILI9341/ILI9341_GFX.o
 .debug_macro   0x00004a41      0x9e9 ./Core/Src/ILI9341/ILI9341_GFX.o
 .debug_macro   0x0000542a      0x115 ./Core/Src/ILI9341/ILI9341_GFX.o
 .debug_macro   0x0000553f      0x1a0 ./Core/Src/ILI9341/ILI9341_GFX.o
 .debug_macro   0x000056df       0xa5 ./Core/Src/ILI9341/ILI9341_GFX.o
 .debug_macro   0x00005784      0x16d ./Core/Src/ILI9341/ILI9341_GFX.o
 .debug_macro   0x000058f1      0x287 ./Core/Src/ILI9341/ILI9341_GFX.o
 .debug_macro   0x00005b78       0x5f ./Core/Src/ILI9341/ILI9341_GFX.o
 .debug_macro   0x00005bd7      0x236 ./Core/Src/ILI9341/ILI9341_GFX.o
 .debug_macro   0x00005e0d      0x132 ./Core/Src/ILI9341/ILI9341_GFX.o
 .debug_macro   0x00005f3f      0x29c ./Core/Src/ILI9341/ILI9341_GFX.o
 .debug_macro   0x000061db       0x2e ./Core/Src/ILI9341/ILI9341_GFX.o
 .debug_macro   0x00006209      0x127 ./Core/Src/ILI9341/ILI9341_GFX.o
 .debug_macro   0x00006330       0xe8 ./Core/Src/ILI9341/ILI9341_GFX.o
 .debug_macro   0x00006418       0x89 ./Core/Src/ILI9341/ILI9341_GFX.o
 .debug_macro   0x000064a1      0x225 ./Core/Src/ILI9341/ILI9341_GFX.o
 .debug_macro   0x000066c6      0x2aa ./Core/Src/ILI9341/ILI9341_GFX.o
 .debug_macro   0x00006970      0x126 ./Core/Src/ILI9341/ILI9341_GFX.o
 .debug_macro   0x00006a96       0x64 ./Core/Src/ILI9341/ILI9341_GFX.o
 .debug_macro   0x00006afa       0xce ./Core/Src/ILI9341/ILI9341_GFX.o
 .debug_macro   0x00006bc8       0x16 ./Core/Src/ILI9341/ILI9341_GFX.o
 .debug_macro   0x00006bde       0x16 ./Core/Src/ILI9341/ILI9341_GFX.o
 .debug_macro   0x00006bf4      0x1dc ./Core/Src/ILI9341/ILI9341_STM32_Driver.o
 .debug_macro   0x00006dd0       0xcf ./Core/Src/MyHcsr04.o
 .debug_macro   0x00006e9f      0x1e5 ./Core/Src/main.o
 .debug_macro   0x00007084      0x1d3 ./Core/Src/stm32f4xx_hal_msp.o
 .debug_macro   0x00007257      0x1dd ./Core/Src/stm32f4xx_it.o
 .debug_macro   0x00007434      0x1c4 ./Core/Src/system_stm32f4xx.o
 .debug_macro   0x000075f8      0x224 ./Drivers/STM32F4xx_HAL_Driver/Src/stm32f4xx_hal.o
 .debug_macro   0x0000781c      0x1c4 ./Drivers/STM32F4xx_HAL_Driver/Src/stm32f4xx_hal_cortex.o
 .debug_macro   0x000079e0      0x1ca ./Drivers/STM32F4xx_HAL_Driver/Src/stm32f4xx_hal_gpio.o
 .debug_macro   0x00007baa      0x1e8 ./Drivers/STM32F4xx_HAL_Driver/Src/stm32f4xx_hal_rcc.o
 .debug_macro   0x00007d92      0x1c4 ./Drivers/STM32F4xx_HAL_Driver/Src/stm32f4xx_hal_rcc_ex.o
 .debug_macro   0x00007f56      0x1d3 ./Drivers/STM32F4xx_HAL_Driver/Src/stm32f4xx_hal_spi.o
 .debug_macro   0x00008129      0x1c5 ./Drivers/STM32F4xx_HAL_Driver/Src/stm32f4xx_hal_uart.o

.debug_line     0x00000000     0xcfca
 .debug_line    0x00000000      0xc19 ./Core/Src/ILI9341/ILI9341_GFX.o
 .debug_line    0x00000c19      0xb9e ./Core/Src/ILI9341/ILI9341_STM32_Driver.o
 .debug_line    0x000017b7      0x713 ./Core/Src/MyHcsr04.o
 .debug_line    0x00001eca      0x9b6 ./Core/Src/main.o
 .debug_line    0x00002880      0x890 ./Core/Src/stm32f4xx_hal_msp.o
 .debug_line    0x00003110      0x8a4 ./Core/Src/stm32f4xx_it.o
 .debug_line    0x000039b4      0x87a ./Core/Src/system_stm32f4xx.o
 .debug_line    0x0000422e       0x7a ./Core/Startup/startup_stm32f446retx.o
 .debug_line    0x000042a8      0xae7 ./Drivers/STM32F4xx_HAL_Driver/Src/stm32f4xx_hal.o
 .debug_line    0x00004d8f      0xd8d ./Drivers/STM32F4xx_HAL_Driver/Src/stm32f4xx_hal_cortex.o
 .debug_line    0x00005b1c      0xc2b ./Drivers/STM32F4xx_HAL_Driver/Src/stm32f4xx_hal_gpio.o
 .debug_line    0x00006747      0xeea ./Drivers/STM32F4xx_HAL_Driver/Src/stm32f4xx_hal_rcc.o
 .debug_line    0x00007631     0x15c2 ./Drivers/STM32F4xx_HAL_Driver/Src/stm32f4xx_hal_rcc_ex.o
 .debug_line    0x00008bf3     0x1de1 ./Drivers/STM32F4xx_HAL_Driver/Src/stm32f4xx_hal_spi.o
 .debug_line    0x0000a9d4     0x25f6 ./Drivers/STM32F4xx_HAL_Driver/Src/stm32f4xx_hal_uart.o

.debug_str      0x00000000    0xc6c44
 .debug_str     0x00000000    0xc6c44 ./Core/Src/ILI9341/ILI9341_GFX.o
                              0xc44ed (size before relaxing)
 .debug_str     0x000c6c44    0xc448c ./Core/Src/ILI9341/ILI9341_STM32_Driver.o
 .debug_str     0x000c6c44    0x8b173 ./Core/Src/MyHcsr04.o
 .debug_str     0x000c6c44    0xc47fd ./Core/Src/main.o
 .debug_str     0x000c6c44    0xc4332 ./Core/Src/stm32f4xx_hal_msp.o
 .debug_str     0x000c6c44    0xc3ba6 ./Core/Src/stm32f4xx_it.o
 .debug_str     0x000c6c44    0xc3b93 ./Core/Src/system_stm32f4xx.o
 .debug_str     0x000c6c44       0x82 ./Core/Startup/startup_stm32f446retx.o
 .debug_str     0x000c6c44    0xc4758 ./Drivers/STM32F4xx_HAL_Driver/Src/stm32f4xx_hal.o
 .debug_str     0x000c6c44    0xc447d ./Drivers/STM32F4xx_HAL_Driver/Src/stm32f4xx_hal_cortex.o
 .debug_str     0x000c6c44    0xc3d0e ./Drivers/STM32F4xx_HAL_Driver/Src/stm32f4xx_hal_gpio.o
 .debug_str     0x000c6c44    0xc3fcc ./Drivers/STM32F4xx_HAL_Driver/Src/stm32f4xx_hal_rcc.o
 .debug_str     0x000c6c44    0xc3fff ./Drivers/STM32F4xx_HAL_Driver/Src/stm32f4xx_hal_rcc_ex.o
 .debug_str     0x000c6c44    0xc4432 ./Drivers/STM32F4xx_HAL_Driver/Src/stm32f4xx_hal_spi.o
 .debug_str     0x000c6c44    0xc4583 ./Drivers/STM32F4xx_HAL_Driver/Src/stm32f4xx_hal_uart.o

.comment        0x00000000       0x43
 .comment       0x00000000       0x43 ./Core/Src/ILI9341/ILI9341_GFX.o
                                 0x44 (size before relaxing)
 .comment       0x00000043       0x44 ./Core/Src/ILI9341/ILI9341_STM32_Driver.o
 .comment       0x00000043       0x44 ./Core/Src/MyHcsr04.o
 .comment       0x00000043       0x44 ./Core/Src/main.o
 .comment       0x00000043       0x44 ./Core/Src/stm32f4xx_hal_msp.o
 .comment       0x00000043       0x44 ./Core/Src/stm32f4xx_it.o
 .comment       0x00000043       0x44 ./Core/Src/system_stm32f4xx.o
 .comment       0x00000043       0x44 ./Drivers/STM32F4xx_HAL_Driver/Src/stm32f4xx_hal.o
 .comment       0x00000043       0x44 ./Drivers/STM32F4xx_HAL_Driver/Src/stm32f4xx_hal_cortex.o
 .comment       0x00000043       0x44 ./Drivers/STM32F4xx_HAL_Driver/Src/stm32f4xx_hal_gpio.o
 .comment       0x00000043       0x44 ./Drivers/STM32F4xx_HAL_Driver/Src/stm32f4xx_hal_rcc.o
 .comment       0x00000043       0x44 ./Drivers/STM32F4xx_HAL_Driver/Src/stm32f4xx_hal_rcc_ex.o
 .comment       0x00000043       0x44 ./Drivers/STM32F4xx_HAL_Driver/Src/stm32f4xx_hal_spi.o
 .comment       0x00000043       0x44 ./Drivers/STM32F4xx_HAL_Driver/Src/stm32f4xx_hal_uart.o

.debug_frame    0x00000000     0x26b0
 .debug_frame   0x00000000      0x128 ./Core/Src/ILI9341/ILI9341_GFX.o
 .debug_frame   0x00000128      0x24c ./Core/Src/ILI9341/ILI9341_STM32_Driver.o
 .debug_frame   0x00000374       0xd8 ./Core/Src/MyHcsr04.o
 .debug_frame   0x0000044c       0xc8 ./Core/Src/main.o
 .debug_frame   0x00000514       0xc4 ./Core/Src/stm32f4xx_hal_msp.o
 .debug_frame   0x000005d8      0x104 ./Core/Src/stm32f4xx_it.o
 .debug_frame   0x000006dc       0x58 ./Core/Src/system_stm32f4xx.o
 .debug_frame   0x00000734      0x374 ./Drivers/STM32F4xx_HAL_Driver/Src/stm32f4xx_hal.o
 .debug_frame   0x00000aa8      0x4b8 ./Drivers/STM32F4xx_HAL_Driver/Src/stm32f4xx_hal_cortex.o
 .debug_frame   0x00000f60      0x14c ./Drivers/STM32F4xx_HAL_Driver/Src/stm32f4xx_hal_gpio.o
 .debug_frame   0x000010ac      0x1f4 ./Drivers/STM32F4xx_HAL_Driver/Src/stm32f4xx_hal_rcc.o
 .debug_frame   0x000012a0      0x1e8 ./Drivers/STM32F4xx_HAL_Driver/Src/stm32f4xx_hal_rcc_ex.o
 .debug_frame   0x00001488      0x828 ./Drivers/STM32F4xx_HAL_Driver/Src/stm32f4xx_hal_spi.o
 .debug_frame   0x00001cb0      0x954 ./Drivers/STM32F4xx_HAL_Driver/Src/stm32f4xx_hal_uart.o
 .debug_frame   0x00002604       0x20 C:/Users/pc/Documents/STM32CubeIDE_1.19.0/STM32CubeIDE/plugins/com.st.stm32cube.ide.mcu.externaltools.gnu-tools-for-stm32.13.3.rel1.win32_1.0.0.202411081344/tools/bin/../lib/gcc/arm-none-eabi/13.3.1/../../../../arm-none-eabi/lib/thumb/v7e-m+fp/hard\libc_nano.a(libc_a-memset.o)
 .debug_frame   0x00002624       0x2c C:/Users/pc/Documents/STM32CubeIDE_1.19.0/STM32CubeIDE/plugins/com.st.stm32cube.ide.mcu.externaltools.gnu-tools-for-stm32.13.3.rel1.win32_1.0.0.202411081344/tools/bin/../lib/gcc/arm-none-eabi/13.3.1/../../../../arm-none-eabi/lib/thumb/v7e-m+fp/hard\libc_nano.a(libc_a-init.o)
 .debug_frame   0x00002650       0x2c C:/Users/pc/Documents/STM32CubeIDE_1.19.0/STM32CubeIDE/plugins/com.st.stm32cube.ide.mcu.externaltools.gnu-tools-for-stm32.13.3.rel1.win32_1.0.0.202411081344/tools/bin/../lib/gcc/arm-none-eabi/13.3.1/thumb/v7e-m+fp/hard\libgcc.a(_aeabi_uldivmod.o)
 .debug_frame   0x0000267c       0x34 C:/Users/pc/Documents/STM32CubeIDE_1.19.0/STM32CubeIDE/plugins/com.st.stm32cube.ide.mcu.externaltools.gnu-tools-for-stm32.13.3.rel1.win32_1.0.0.202411081344/tools/bin/../lib/gcc/arm-none-eabi/13.3.1/thumb/v7e-m+fp/hard\libgcc.a(_udivmoddi4.o)

.debug_line_str
                0x00000000       0x66
 .debug_line_str
                0x00000000       0x66 ./Core/Startup/startup_stm32f446retx.o
