Archive member included to satisfy reference by file (symbol)

C:/Users/pc/Documents/STM32CubeIDE_1.19.0/STM32CubeIDE/plugins/com.st.stm32cube.ide.mcu.externaltools.gnu-tools-for-stm32.13.3.rel1.win32_1.0.0.202411081344/tools/bin/../lib/gcc/arm-none-eabi/13.3.1/../../../../arm-none-eabi/lib/thumb/v7e-m+fp/hard\libc_nano.a(libc_a-exit.o)
                              C:/Users/pc/Documents/STM32CubeIDE_1.19.0/STM32CubeIDE/plugins/com.st.stm32cube.ide.mcu.externaltools.gnu-tools-for-stm32.13.3.rel1.win32_1.0.0.202411081344/tools/bin/../lib/gcc/arm-none-eabi/13.3.1/../../../../arm-none-eabi/lib/thumb/v7e-m+fp/hard/crt0.o (exit)
C:/Users/pc/Documents/STM32CubeIDE_1.19.0/STM32CubeIDE/plugins/com.st.stm32cube.ide.mcu.externaltools.gnu-tools-for-stm32.13.3.rel1.win32_1.0.0.202411081344/tools/bin/../lib/gcc/arm-none-eabi/13.3.1/../../../../arm-none-eabi/lib/thumb/v7e-m+fp/hard\libc_nano.a(libc_a-findfp.o)
                              C:/Users/pc/Documents/STM32CubeIDE_1.19.0/STM32CubeIDE/plugins/com.st.stm32cube.ide.mcu.externaltools.gnu-tools-for-stm32.13.3.rel1.win32_1.0.0.202411081344/tools/bin/../lib/gcc/arm-none-eabi/13.3.1/../../../../arm-none-eabi/lib/thumb/v7e-m+fp/hard\libc_nano.a(libc_a-exit.o) (__stdio_exit_handler)
C:/Users/pc/Documents/STM32CubeIDE_1.19.0/STM32CubeIDE/plugins/com.st.stm32cube.ide.mcu.externaltools.gnu-tools-for-stm32.13.3.rel1.win32_1.0.0.202411081344/tools/bin/../lib/gcc/arm-none-eabi/13.3.1/../../../../arm-none-eabi/lib/thumb/v7e-m+fp/hard\libc_nano.a(libc_a-fwalk.o)
                              C:/Users/pc/Documents/STM32CubeIDE_1.19.0/STM32CubeIDE/plugins/com.st.stm32cube.ide.mcu.externaltools.gnu-tools-for-stm32.13.3.rel1.win32_1.0.0.202411081344/tools/bin/../lib/gcc/arm-none-eabi/13.3.1/../../../../arm-none-eabi/lib/thumb/v7e-m+fp/hard\libc_nano.a(libc_a-findfp.o) (_fwalk_sglue)
C:/Users/pc/Documents/STM32CubeIDE_1.19.0/STM32CubeIDE/plugins/com.st.stm32cube.ide.mcu.externaltools.gnu-tools-for-stm32.13.3.rel1.win32_1.0.0.202411081344/tools/bin/../lib/gcc/arm-none-eabi/13.3.1/../../../../arm-none-eabi/lib/thumb/v7e-m+fp/hard\libc_nano.a(libc_a-sprintf.o)
                              ./Core/Src/main.o (sprintf)
C:/Users/pc/Documents/STM32CubeIDE_1.19.0/STM32CubeIDE/plugins/com.st.stm32cube.ide.mcu.externaltools.gnu-tools-for-stm32.13.3.rel1.win32_1.0.0.202411081344/tools/bin/../lib/gcc/arm-none-eabi/13.3.1/../../../../arm-none-eabi/lib/thumb/v7e-m+fp/hard\libc_nano.a(libc_a-stdio.o)
                              C:/Users/pc/Documents/STM32CubeIDE_1.19.0/STM32CubeIDE/plugins/com.st.stm32cube.ide.mcu.externaltools.gnu-tools-for-stm32.13.3.rel1.win32_1.0.0.202411081344/tools/bin/../lib/gcc/arm-none-eabi/13.3.1/../../../../arm-none-eabi/lib/thumb/v7e-m+fp/hard\libc_nano.a(libc_a-findfp.o) (__sread)
C:/Users/pc/Documents/STM32CubeIDE_1.19.0/STM32CubeIDE/plugins/com.st.stm32cube.ide.mcu.externaltools.gnu-tools-for-stm32.13.3.rel1.win32_1.0.0.202411081344/tools/bin/../lib/gcc/arm-none-eabi/13.3.1/../../../../arm-none-eabi/lib/thumb/v7e-m+fp/hard\libc_nano.a(libc_a-memset.o)
                              C:/Users/pc/Documents/STM32CubeIDE_1.19.0/STM32CubeIDE/plugins/com.st.stm32cube.ide.mcu.externaltools.gnu-tools-for-stm32.13.3.rel1.win32_1.0.0.202411081344/tools/bin/../lib/gcc/arm-none-eabi/13.3.1/../../../../arm-none-eabi/lib/thumb/v7e-m+fp/hard/crt0.o (memset)
C:/Users/pc/Documents/STM32CubeIDE_1.19.0/STM32CubeIDE/plugins/com.st.stm32cube.ide.mcu.externaltools.gnu-tools-for-stm32.13.3.rel1.win32_1.0.0.202411081344/tools/bin/../lib/gcc/arm-none-eabi/13.3.1/../../../../arm-none-eabi/lib/thumb/v7e-m+fp/hard\libc_nano.a(libc_a-closer.o)
                              C:/Users/pc/Documents/STM32CubeIDE_1.19.0/STM32CubeIDE/plugins/com.st.stm32cube.ide.mcu.externaltools.gnu-tools-for-stm32.13.3.rel1.win32_1.0.0.202411081344/tools/bin/../lib/gcc/arm-none-eabi/13.3.1/../../../../arm-none-eabi/lib/thumb/v7e-m+fp/hard\libc_nano.a(libc_a-stdio.o) (_close_r)
C:/Users/pc/Documents/STM32CubeIDE_1.19.0/STM32CubeIDE/plugins/com.st.stm32cube.ide.mcu.externaltools.gnu-tools-for-stm32.13.3.rel1.win32_1.0.0.202411081344/tools/bin/../lib/gcc/arm-none-eabi/13.3.1/../../../../arm-none-eabi/lib/thumb/v7e-m+fp/hard\libc_nano.a(libc_a-reent.o)
                              C:/Users/pc/Documents/STM32CubeIDE_1.19.0/STM32CubeIDE/plugins/com.st.stm32cube.ide.mcu.externaltools.gnu-tools-for-stm32.13.3.rel1.win32_1.0.0.202411081344/tools/bin/../lib/gcc/arm-none-eabi/13.3.1/../../../../arm-none-eabi/lib/thumb/v7e-m+fp/hard\libc_nano.a(libc_a-closer.o) (errno)
C:/Users/pc/Documents/STM32CubeIDE_1.19.0/STM32CubeIDE/plugins/com.st.stm32cube.ide.mcu.externaltools.gnu-tools-for-stm32.13.3.rel1.win32_1.0.0.202411081344/tools/bin/../lib/gcc/arm-none-eabi/13.3.1/../../../../arm-none-eabi/lib/thumb/v7e-m+fp/hard\libc_nano.a(libc_a-impure.o)
[...]
Memory Configuration

Name             Origin             Length             Attributes
RAM              0x20000000         0x00020000         xrw
FLASH            0x08000000         0x00080000         xr
*default*        0x00000000         0xffffffff

Linker script and memory map

LOAD C:/Users/pc/Documents/STM32CubeIDE_1.19.0/STM32CubeIDE/plugins/com.st.stm32cube.ide.mcu.externaltools.gnu-tools-for-stm32.13.3.rel1.win32_1.0.0.202411081344/tools/bin/../lib/gcc/arm-none-eabi/13.3.1/thumb/v7e-m+fp/hard/crti.o
LOAD C:/Users/pc/Documents/STM32CubeIDE_1.19.0/STM32CubeIDE/plugins/com.st.stm32cube.ide.mcu.externaltools.gnu-tools-for-stm32.13.3.rel1.win32_1.0.0.202411081344/tools/bin/../lib/gcc/arm-none-eabi/13.3.1/thumb/v7e-m+fp/hard/crtbegin.o
LOAD C:/Users/pc/Documents/STM32CubeIDE_1.19.0/STM32CubeIDE/plugins/com.st.stm32cube.ide.mcu.externaltools.gnu-tools-for-stm32.13.3.rel1.win32_1.0.0.202411081344/tools/bin/../lib/gcc/arm-none-eabi/13.3.1/../../../../arm-none-eabi/lib/thumb/v7e-m+fp/hard/crt0.o
LOAD ./Core/Src/ILI9341/ILI9341_GFX.o
LOAD ./Core/Src/ILI9341/ILI9341_STM32_Driver.o
LOAD ./Core/Src/MyAdc.o
LOAD ./Core/Src/MyHcsr04.o
LOAD ./Core/Src/MyPwm.o
LOAD ./Core/Src/MyRelay.o
LOAD ./Core/Src/MySpi.o
LOAD ./Core/Src/main.o
LOAD ./Core/Src/myUSART2.o
LOAD ./Core/Src/stm32f4xx_hal_msp.o
LOAD ./Core/Src/stm32f4xx_it.o
LOAD ./Core/Src/syscalls.o
LOAD ./Core/Src/sysmem.o
LOAD ./Core/Src/system_stm32f4xx.o
LOAD ./Core/Startup/startup_stm32f446retx.o
LOAD ./Core/ThirdParty/FreeRTOS/Source/croutine.o
LOAD ./Core/ThirdParty/FreeRTOS/Source/event_groups.o
LOAD ./Core/ThirdParty/FreeRTOS/Source/list.o
LOAD ./Core/ThirdParty/FreeRTOS/Source/queue.o
LOAD ./Core/ThirdParty/FreeRTOS/Source/stream_buffer.o
LOAD ./Core/ThirdParty/FreeRTOS/Source/tasks.o
LOAD ./Core/ThirdParty/FreeRTOS/Source/timers.o
LOAD ./Core/ThirdParty/FreeRTOS/portable/heap_4.o
LOAD ./Core/ThirdParty/FreeRTOS/portable/port.o
LOAD ./Drivers/STM32F4xx_HAL_Driver/Src/stm32f4xx_hal.o
LOAD ./Drivers/STM32F4xx_HAL_Driver/Src/stm32f4xx_hal_adc.o
LOAD ./Drivers/STM32F4xx_HAL_Driver/Src/stm32f4xx_hal_adc_ex.o
LOAD ./Drivers/STM32F4xx_HAL_Driver/Src/stm32f4xx_hal_cortex.o
LOAD ./Drivers/STM32F4xx_HAL_Driver/Src/stm32f4xx_hal_dma.o
LOAD ./Drivers/STM32F4xx_HAL_Driver/Src/stm32f4xx_hal_dma_ex.o
LOAD ./Drivers/STM32F4xx_HAL_Driver/Src/stm32f4xx_hal_exti.o
LOAD ./Drivers/STM32F4xx_HAL_Driver/Src/stm32f4xx_hal_flash.o
LOAD ./Drivers/STM32F4xx_HAL_Driver/Src/stm32f4xx_hal_flash_ex.o
LOAD ./Drivers/STM32F4xx_HAL_Driver/Src/stm32f4xx_hal_flash_ramfunc.o
LOAD ./Drivers/STM32F4xx_HAL_Driver/Src/stm32f4xx_hal_gpio.o
LOAD ./Drivers/STM32F4xx_HAL_Driver/Src/stm32f4xx_hal_pwr.o
LOAD ./Drivers/STM32F4xx_HAL_Driver/Src/stm32f4xx_hal_pwr_ex.o
LOAD ./Drivers/STM32F4xx_HAL_Driver/Src/stm32f4xx_hal_rcc.o
LOAD ./Drivers/STM32F4xx_HAL_Driver/Src/stm32f4xx_hal_rcc_ex.o
LOAD ./Drivers/STM32F4xx_HAL_Driver/Src/stm32f4xx_hal_spi.o
LOAD ./Drivers/STM32F4xx_HAL_Driver/Src/stm32f4xx_hal_uart.o
LOAD ./Drivers/STM32F4xx_HAL_Driver/Src/stm32f4xx_ll_adc.o
START GROUP
LOAD C:/Users/pc/Documents/STM32CubeIDE_1.19.0/STM32CubeIDE/plugins/com.st.stm32cube.ide.mcu.externaltools.gnu-tools-for-stm32.13.3.rel1.win32_1.0.0.202411081344/tools/bin/../lib/gcc/arm-none-eabi/13.3.1/../../../../arm-none-eabi/lib/thumb/v7e-m+fp/hard\libc_nano.a
LOAD C:/Users/pc/Documents/STM32CubeIDE_1.19.0/STM32CubeIDE/plugins/com.st.stm32cube.ide.mcu.externaltools.gnu-tools-for-stm32.13.3.rel1.win32_1.0.0.202411081344/tools/bin/../lib/gcc/arm-none-eabi/13.3.1/../../../../arm-none-eabi/lib/thumb/v7e-m+fp/hard\libm.a
END GROUP
START GROUP
LOAD C:/Users/pc/Documents/STM32CubeIDE_1.19.0/STM32CubeIDE/plugins/com.st.stm32cube.ide.mcu.externaltools.gnu-tools-for-stm32.13.3.rel1.win32_1.0.0.202411081344/tools/bin/../lib/gcc/arm-none-eabi/13.3.1/thumb/v7e-m+fp/hard\libgcc.a
LOAD C:/Users/pc/Documents/STM32CubeIDE_1.19.0/STM32CubeIDE/plugins/com.st.stm32cube.ide.mcu.externaltools.gnu-tools-for-stm32.13.3.rel1.win32_1.0.0.202411081344/tools/bin/../lib/gcc/arm-none-eabi/13.3.1/../../../../arm-none-eabi/lib/thumb/v7e-m+fp/hard\libc_nano.a
END GROUP
START GROUP
LOAD C:/Users/pc/Documents/STM32CubeIDE_1.19.0/STM32CubeIDE/plugins/com.st.stm32cube.ide.mcu.externaltools.gnu-tools-for-stm32.13.3.rel1.win32_1.0.0.202411081344/tools/bin/../lib/gcc/arm-none-eabi/13.3.1/thumb/v7e-m+fp/hard\libgcc.a
LOAD C:/Users/pc/Documents/STM32CubeIDE_1.19.0/STM32CubeIDE/plugins/com.st.stm32cube.ide.mcu.externaltools.gnu-tools-for-stm32.13.3.rel1.win32_1.0.0.202411081344/tools/bin/../lib/gcc/arm-none-eabi/13.3.1/../../../../arm-none-eabi/lib/thumb/v7e-m+fp/hard\libc_nano.a
LOAD C:/Users/pc/Documents/STM32CubeIDE_1.19.0/STM32CubeIDE/plugins/com.st.stm32cube.ide.mcu.externaltools.gnu-tools-for-stm32.13.3.rel1.win32_1.0.0.202411081344/tools/bin/../lib/gcc/arm-none-eabi/13.3.1/../../../../arm-none-eabi/lib/thumb/v7e-m+fp/hard\libnosys.a
END GROUP
START GROUP
LOAD C:/Users/pc/Documents/STM32CubeIDE_1.19.0/STM32CubeIDE/plugins/com.st.stm32cube.ide.mcu.externaltools.gnu-tools-for-stm32.13.3.rel1.win32_1.0.0.202411081344/tools/bin/../lib/gcc/arm-none-eabi/13.3.1/thumb/v7e-m+fp/hard\libgcc.a
LOAD C:/Users/pc/Documents/STM32CubeIDE_1.19.0/STM32CubeIDE/plugins/com.st.stm32cube.ide.mcu.externaltools.gnu-tools-for-stm32.13.3.rel1.win32_1.0.0.202411081344/tools/bin/../lib/gcc/arm-none-eabi/13.3.1/../../../../arm-none-eabi/lib/thumb/v7e-m+fp/hard\libc_nano.a
LOAD C:/Users/pc/Documents/STM32CubeIDE_1.19.0/STM32CubeIDE/plugins/com.st.stm32cube.ide.mcu.externaltools.gnu-tools-for-stm32.13.3.rel1.win32_1.0.0.202411081344/tools/bin/../lib/gcc/arm-none-eabi/13.3.1/../../../../arm-none-eabi/lib/thumb/v7e-m+fp/hard\libnosys.a
END GROUP
LOAD C:/Users/pc/Documents/STM32CubeIDE_1.19.0/STM32CubeIDE/plugins/com.st.stm32cube.ide.mcu.externaltools.gnu-tools-for-stm32.13.3.rel1.win32_1.0.0.202411081344/tools/bin/../lib/gcc/arm-none-eabi/13.3.1/thumb/v7e-m+fp/hard/crtend.o
LOAD C:/Users/pc/Documents/STM32CubeIDE_1.19.0/STM32CubeIDE/plugins/com.st.stm32cube.ide.mcu.externaltools.gnu-tools-for-stm32.13.3.rel1.win32_1.0.0.202411081344/tools/bin/../lib/gcc/arm-none-eabi/13.3.1/thumb/v7e-m+fp/hard/crtn.o
                0x20020000                        _estack = (ORIGIN (RAM) + LENGTH (RAM))
                0x00000200                        _Min_Heap_Size = 0x200
                0x00000400                        _Min_Stack_Size = 0x400

.isr_vector     0x08000000      0x1c4
                0x08000000                        . = ALIGN (0x4)
 *(.isr_vector)
 .isr_vector    0x08000000      0x1c4 ./Core/Startup/startup_stm32f446retx.o
                0x08000000                g_pfnVectors
                0x080001c4                        . = ALIGN (0x4)

.text           0x080001d0     0x84e4
                0x080001d0                        . = ALIGN (0x4)
 *(.text)
 .text          0x080001d0       0x40 C:/Users/pc/Documents/STM32CubeIDE_1.19.0/STM32CubeIDE/plugins/com.st.stm32cube.ide.mcu.externaltools.gnu-tools-for-stm32.13.3.rel1.win32_1.0.0.202411081344/tools/bin/../lib/gcc/arm-none-eabi/13.3.1/thumb/v7e-m+fp/hard/crtbegin.o
 .text          0x08000210       0x10 C:/Users/pc/Documents/STM32CubeIDE_1.19.0/STM32CubeIDE/plugins/com.st.stm32cube.ide.mcu.externaltools.gnu-tools-for-stm32.13.3.rel1.win32_1.0.0.202411081344/tools/bin/../lib/gcc/arm-none-eabi/13.3.1/../../../../arm-none-eabi/lib/thumb/v7e-m+fp/hard\libc_nano.a(libc_a-strlen.o)
                0x08000210                strlen
 .text          0x08000220       0xa0 C:/Users/pc/Documents/STM32CubeIDE_1.19.0/STM32CubeIDE/plugins/com.st.stm32cube.ide.mcu.externaltools.gnu-tools-for-stm32.13.3.rel1.win32_1.0.0.202411081344/tools/bin/../lib/gcc/arm-none-eabi/13.3.1/../../../../arm-none-eabi/lib/thumb/v7e-m+fp/hard\libc_nano.a(libc_a-memchr.o)
                0x08000220                memchr
 .text          0x080002c0       0x30 C:/Users/pc/Documents/STM32CubeIDE_1.19.0/STM32CubeIDE/plugins/com.st.stm32cube.ide.mcu.externaltools.gnu-tools-for-stm32.13.3.rel1.win32_1.0.0.202411081344/tools/bin/../lib/gcc/arm-none-eabi/13.3.1/thumb/v7e-m+fp/hard\libgcc.a(_aeabi_uldivmod.o)
                0x080002c0                __aeabi_uldivmod
 .text          0x080002f0      0x2f8 C:/Users/pc/Documents/STM32CubeIDE_1.19.0/STM32CubeIDE/plugins/com.st.stm32cube.ide.mcu.externaltools.gnu-tools-for-stm32.13.3.rel1.win32_1.0.0.202411081344/tools/bin/../lib/gcc/arm-none-eabi/13.3.1/thumb/v7e-m+fp/hard\libgcc.a(_udivmoddi4.o)
                0x080002f0                __udivmoddi4
 .text          0x080005e8        0x4 C:/Users/pc/Documents/STM32CubeIDE_1.19.0/STM32CubeIDE/plugins/com.st.stm32cube.ide.mcu.externaltools.gnu-tools-for-stm32.13.3.rel1.win32_1.0.0.202411081344/tools/bin/../lib/gcc/arm-none-eabi/13.3.1/thumb/v7e-m+fp/hard\libgcc.a(_dvmd_tls.o)
                0x080005e8                __aeabi_idiv0
                0x080005e8                __aeabi_ldiv0
 *(.text*)
 .text.ILI9341_Draw_Char
                0x080005ec      0x134 ./Core/Src/ILI9341/ILI9341_GFX.o
                0x080005ec                ILI9341_Draw_Char
 .text.ILI9341_Draw_Text
                0x08000720       0x5e ./Core/Src/ILI9341/ILI9341_GFX.o
                0x08000720                ILI9341_Draw_Text
 *fill*         0x0800077e        0x2 
 .text.ILI9341_SPI_Init
                0x08000780       0x18 ./Core/Src/ILI9341/ILI9341_STM32_Driver.o
                0x08000780                ILI9341_SPI_Init
 .text.ILI9341_SPI_Send
                0x08000798       0x24 ./Core/Src/ILI9341/ILI9341_STM32_Driver.o
                0x08000798                ILI9341_SPI_Send
 .text.ILI9341_Write_Command
                0x080007bc       0x40 ./Core/Src/ILI9341/ILI9341_STM32_Driver.o
                0x080007bc                ILI9341_Write_Command
 .text.ILI9341_Write_Data
                0x080007fc       0x40 ./Core/Src/ILI9341/ILI9341_STM32_Driver.o
                0x080007fc                ILI9341_Write_Data
 .text.ILI9341_Set_Address
                0x0800083c       0x98 ./Core/Src/ILI9341/ILI9341_STM32_Driver.o
                0x0800083c                ILI9341_Set_Address
 .text.ILI9341_Reset
                0x080008d4       0x40 ./Core/Src/ILI9341/ILI9341_STM32_Driver.o
                0x080008d4                ILI9341_Reset
 .text.ILI9341_Set_Rotation
                0x08000914       0xa4 ./Core/Src/ILI9341/ILI9341_STM32_Driver.o
                0x08000914                ILI9341_Set_Rotation
 .text.ILI9341_Enable
                0x080009b8       0x18 ./Core/Src/ILI9341/ILI9341_STM32_Driver.o
                0x080009b8                ILI9341_Enable
 .text.ILI9341_Init
                0x080009d0      0x21a ./Core/Src/ILI9341/ILI9341_STM32_Driver.o
                0x080009d0                ILI9341_Init
 *fill*         0x08000bea        0x2 
 .text.ILI9341_Draw_Colour_Burst
                0x08000bec      0x138 ./Core/Src/ILI9341/ILI9341_STM32_Driver.o
                0x08000bec                ILI9341_Draw_Colour_Burst
 .text.ILI9341_Fill_Screen
                0x08000d24       0x4c ./Core/Src/ILI9341/ILI9341_STM32_Driver.o
                0x08000d24                ILI9341_Fill_Screen
 .text.ILI9341_Draw_Pixel
                0x08000d70      0x194 ./Core/Src/ILI9341/ILI9341_STM32_Driver.o
                0x08000d70                ILI9341_Draw_Pixel
 .text.ILI9341_Draw_Rectangle
                0x08000f04       0xb8 ./Core/Src/ILI9341/ILI9341_STM32_Driver.o
                0x08000f04                ILI9341_Draw_Rectangle
 .text.hcsr04_init
                0x08000fbc       0xdc ./Core/Src/MyHcsr04.o
                0x08000fbc                hcsr04_init
 .text.TIM1_CC_IRQHandler
                0x08001098       0xd0 ./Core/Src/MyHcsr04.o
                0x08001098                TIM1_CC_IRQHandler
 .text.delay_us_hc
                0x08001168       0x36 ./Core/Src/MyHcsr04.o
                0x08001168                delay_us_hc
 *fill*         0x0800119e        0x2 
 .text.hcsr04_trig_hc
                0x080011a0       0x24 ./Core/Src/MyHcsr04.o
                0x080011a0                hcsr04_trig_hc
 .text.hcsr04_get_pulse_width
                0x080011c4       0x18 ./Core/Src/MyHcsr04.o
                0x080011c4                hcsr04_get_pulse_width
 .text.relay_init
                0x080011dc       0x74 ./Core/Src/MyRelay.o
                0x080011dc                relay_init
 .text.relay_set_fan_speed
                0x08001250       0x68 ./Core/Src/MyRelay.o
                0x08001250                relay_set_fan_speed
 .text.__NVIC_SetPriorityGrouping
                0x080012b8       0x48 ./Core/Src/main.o
 .text.__NVIC_EnableIRQ
                0x08001300       0x3c ./Core/Src/main.o
 .text.__NVIC_SetPriority
                0x0800133c       0x54 ./Core/Src/main.o
 .text.main     0x08001390      0x194 ./Core/Src/main.o
                0x08001390                main
 .text.SystemClock_Config
                0x08001524       0xd8 ./Core/Src/main.o
                0x08001524                SystemClock_Config
 .text.MX_ADC1_Init
                0x080015fc      0x18c ./Core/Src/main.o
 .text.MX_SPI1_Init
                0x08001788       0x6c ./Core/Src/main.o
 .text.MX_USART2_UART_Init
                0x080017f4       0x54 ./Core/Src/main.o
 .text.MX_GPIO_Init
                0x08001848      0x130 ./Core/Src/main.o
 .text.xTaskReadADC
                0x08001978       0x4c ./Core/Src/main.o
                0x08001978                xTaskReadADC
 .text.xTaskECULogic
                0x080019c4      0x1b4 ./Core/Src/main.o
                0x080019c4                xTaskECULogic
 .text.xTaskFanSpeed
                0x08001b78       0x30 ./Core/Src/main.o
                0x08001b78                xTaskFanSpeed
 .text.xTaskHcsr04
                0x08001ba8       0x9c ./Core/Src/main.o
                0x08001ba8                xTaskHcsr04
 .text.xTaskTFTdraw
                0x08001c44      0x140 ./Core/Src/main.o
                0x08001c44                xTaskTFTdraw
 .text.Error_Handler
                0x08001d84        0xc ./Core/Src/main.o
                0x08001d84                Error_Handler
 .text.HAL_MspInit
                0x08001d90       0x50 ./Core/Src/stm32f4xx_hal_msp.o
                0x08001d90                HAL_MspInit
 .text.HAL_ADC_MspInit
                0x08001de0       0x88 ./Core/Src/stm32f4xx_hal_msp.o
                0x08001de0                HAL_ADC_MspInit
 .text.HAL_SPI_MspInit
                0x08001e68       0x90 ./Core/Src/stm32f4xx_hal_msp.o
                0x08001e68                HAL_SPI_MspInit
 .text.HAL_UART_MspInit
                0x08001ef8       0x90 ./Core/Src/stm32f4xx_hal_msp.o
                0x08001ef8                HAL_UART_MspInit
 .text.NMI_Handler
                0x08001f88        0x8 ./Core/Src/stm32f4xx_it.o
                0x08001f88                NMI_Handler
 .text.HardFault_Handler
                0x08001f90        0x8 ./Core/Src/stm32f4xx_it.o
                0x08001f90                HardFault_Handler
 .text.MemManage_Handler
                0x08001f98        0x8 ./Core/Src/stm32f4xx_it.o
                0x08001f98                MemManage_Handler
 .text.BusFault_Handler
                0x08001fa0        0x8 ./Core/Src/stm32f4xx_it.o
                0x08001fa0                BusFault_Handler
 .text.UsageFault_Handler
                0x08001fa8        0x8 ./Core/Src/stm32f4xx_it.o
                0x08001fa8                UsageFault_Handler
 .text.DebugMon_Handler
                0x08001fb0        0xe ./Core/Src/stm32f4xx_it.o
                0x08001fb0                DebugMon_Handler
 *fill*         0x08001fbe        0x2 
 .text._sbrk    0x08001fc0       0x6c ./Core/Src/sysmem.o
                0x08001fc0                _sbrk
 .text.SystemInit
                0x0800202c       0x24 ./Core/Src/system_stm32f4xx.o
                0x0800202c                SystemInit
 .text.Reset_Handler
                0x08002050       0x50 ./Core/Startup/startup_stm32f446retx.o
                0x08002050                Reset_Handler
 .text.Default_Handler
                0x080020a0        0x2 ./Core/Startup/startup_stm32f446retx.o
                0x080020a0                RTC_Alarm_IRQHandler
                0x080020a0                EXTI2_IRQHandler
                0x080020a0                TIM8_CC_IRQHandler
                0x080020a0                FMPI2C1_EV_IRQHandler
                0x080020a0                SPI4_IRQHandler
                0x080020a0                DMA2_Stream5_IRQHandler
                0x080020a0                DMA1_Stream5_IRQHandler
                0x080020a0                PVD_IRQHandler
                0x080020a0                SDIO_IRQHandler
                0x080020a0                TAMP_STAMP_IRQHandler
                0x080020a0                CAN2_RX1_IRQHandler
                0x080020a0                EXTI3_IRQHandler
                0x080020a0                TIM8_TRG_COM_TIM14_IRQHandler
                0x080020a0                TIM1_UP_TIM10_IRQHandler
                0x080020a0                TIM8_UP_TIM13_IRQHandler
                0x080020a0                I2C3_ER_IRQHandler
                0x080020a0                EXTI0_IRQHandler
                0x080020a0                I2C2_EV_IRQHandler
                0x080020a0                DMA1_Stream2_IRQHandler
                0x080020a0                CAN1_RX0_IRQHandler
                0x080020a0                FPU_IRQHandler
                0x080020a0                OTG_HS_WKUP_IRQHandler
                0x080020a0                CAN2_SCE_IRQHandler
                0x080020a0                DMA2_Stream2_IRQHandler
                0x080020a0                SPI1_IRQHandler
                0x080020a0                TIM6_DAC_IRQHandler
                0x080020a0                TIM1_BRK_TIM9_IRQHandler
                0x080020a0                DCMI_IRQHandler
                0x080020a0                CAN2_RX0_IRQHandler
                0x080020a0                DMA2_Stream3_IRQHandler
                0x080020a0                SAI2_IRQHandler
                0x080020a0                USART6_IRQHandler
                0x080020a0                USART3_IRQHandler
                0x080020a0                CAN1_RX1_IRQHandler
                0x080020a0                UART5_IRQHandler
                0x080020a0                DMA2_Stream0_IRQHandler
                0x080020a0                TIM4_IRQHandler
                0x080020a0                QUADSPI_IRQHandler
                0x080020a0                I2C1_EV_IRQHandler
                0x080020a0                DMA1_Stream6_IRQHandler
                0x080020a0                DMA1_Stream1_IRQHandler
                0x080020a0                UART4_IRQHandler
                0x080020a0                TIM3_IRQHandler
                0x080020a0                RCC_IRQHandler
                0x080020a0                TIM8_BRK_TIM12_IRQHandler
                0x080020a0                Default_Handler
                0x080020a0                CEC_IRQHandler
                0x080020a0                EXTI15_10_IRQHandler
                0x080020a0                ADC_IRQHandler
                0x080020a0                DMA1_Stream7_IRQHandler
                0x080020a0                TIM7_IRQHandler
                0x080020a0                CAN2_TX_IRQHandler
                0x080020a0                TIM5_IRQHandler
                0x080020a0                DMA2_Stream7_IRQHandler
                0x080020a0                I2C3_EV_IRQHandler
                0x080020a0                EXTI9_5_IRQHandler
                0x080020a0                RTC_WKUP_IRQHandler
                0x080020a0                SPDIF_RX_IRQHandler
                0x080020a0                SPI2_IRQHandler
                0x080020a0                OTG_HS_EP1_IN_IRQHandler
                0x080020a0                DMA1_Stream0_IRQHandler
                0x080020a0                CAN1_TX_IRQHandler
                0x080020a0                FMPI2C1_ER_IRQHandler
                0x080020a0                EXTI4_IRQHandler
                0x080020a0                OTG_HS_EP1_OUT_IRQHandler
                0x080020a0                WWDG_IRQHandler
                0x080020a0                TIM2_IRQHandler
                0x080020a0                OTG_FS_WKUP_IRQHandler
                0x080020a0                TIM1_TRG_COM_TIM11_IRQHandler
                0x080020a0                OTG_HS_IRQHandler
                0x080020a0                EXTI1_IRQHandler
                0x080020a0                USART2_IRQHandler
                0x080020a0                I2C2_ER_IRQHandler
                0x080020a0                DMA2_Stream1_IRQHandler
                0x080020a0                CAN1_SCE_IRQHandler
                0x080020a0                FLASH_IRQHandler
                0x080020a0                DMA2_Stream4_IRQHandler
                0x080020a0                USART1_IRQHandler
                0x080020a0                OTG_FS_IRQHandler
                0x080020a0                SPI3_IRQHandler
                0x080020a0                DMA1_Stream4_IRQHandler
                0x080020a0                I2C1_ER_IRQHandler
                0x080020a0                FMC_IRQHandler
                0x080020a0                DMA2_Stream6_IRQHandler
                0x080020a0                SAI1_IRQHandler
                0x080020a0                DMA1_Stream3_IRQHandler
 .text.vListInitialise
                0x080020a2       0x40 ./Core/ThirdParty/FreeRTOS/Source/list.o
                0x080020a2                vListInitialise
 .text.vListInitialiseItem
                0x080020e2       0x1a ./Core/ThirdParty/FreeRTOS/Source/list.o
                0x080020e2                vListInitialiseItem
 .text.vListInsert
                0x080020fc       0x72 ./Core/ThirdParty/FreeRTOS/Source/list.o
                0x080020fc                vListInsert
 .text.uxListRemove
                0x0800216e       0x54 ./Core/ThirdParty/FreeRTOS/Source/list.o
                0x0800216e                uxListRemove
 *fill*         0x080021c2        0x2 
 .text.xQueueGenericReset
                0x080021c4      0x124 ./Core/ThirdParty/FreeRTOS/Source/queue.o
                0x080021c4                xQueueGenericReset
 .text.xQueueGenericCreate
                0x080022e8       0x9e ./Core/ThirdParty/FreeRTOS/Source/queue.o
                0x080022e8                xQueueGenericCreate
 .text.prvInitialiseNewQueue
                0x08002386       0x3e ./Core/ThirdParty/FreeRTOS/Source/queue.o
 .text.xQueueGenericSend
                0x080023c4      0x204 ./Core/ThirdParty/FreeRTOS/Source/queue.o
                0x080023c4                xQueueGenericSend
 .text.xQueueGiveFromISR
                0x080025c8      0x150 ./Core/ThirdParty/FreeRTOS/Source/queue.o
                0x080025c8                xQueueGiveFromISR
 .text.xQueueReceive
                0x08002718      0x1c4 ./Core/ThirdParty/FreeRTOS/Source/queue.o
                0x08002718                xQueueReceive
 .text.xQueueSemaphoreTake
                0x080028dc      0x200 ./Core/ThirdParty/FreeRTOS/Source/queue.o
                0x080028dc                xQueueSemaphoreTake
 .text.prvGetDisinheritPriorityAfterTimeout
                0x08002adc       0x30 ./Core/ThirdParty/FreeRTOS/Source/queue.o
 .text.prvCopyDataToQueue
                0x08002b0c       0xd4 ./Core/ThirdParty/FreeRTOS/Source/queue.o
 .text.prvCopyDataFromQueue
                0x08002be0       0x4c ./Core/ThirdParty/FreeRTOS/Source/queue.o
 .text.prvUnlockQueue
                0x08002c2c       0xa4 ./Core/ThirdParty/FreeRTOS/Source/queue.o
 .text.prvIsQueueEmpty
                0x08002cd0       0x2c ./Core/ThirdParty/FreeRTOS/Source/queue.o
 .text.prvIsQueueFull
                0x08002cfc       0x30 ./Core/ThirdParty/FreeRTOS/Source/queue.o
 .text.vQueueWaitForMessageRestricted
                0x08002d2c       0x68 ./Core/ThirdParty/FreeRTOS/Source/queue.o
                0x08002d2c                vQueueWaitForMessageRestricted
 .text.prvCreateTask
                0x08002d94       0x78 ./Core/ThirdParty/FreeRTOS/Source/tasks.o
 .text.xTaskCreate
                0x08002e0c       0x46 ./Core/ThirdParty/FreeRTOS/Source/tasks.o
                0x08002e0c                xTaskCreate
 .text.prvInitialiseNewTask
                0x08002e52      0x110 ./Core/ThirdParty/FreeRTOS/Source/tasks.o
 *fill*         0x08002f62        0x2 
 .text.prvAddNewTaskToReadyList
                0x08002f64      0x128 ./Core/ThirdParty/FreeRTOS/Source/tasks.o
 .text.xTaskDelayUntil
                0x0800308c      0x104 ./Core/ThirdParty/FreeRTOS/Source/tasks.o
                0x0800308c                xTaskDelayUntil
 .text.vTaskDelay
                0x08003190       0x6c ./Core/ThirdParty/FreeRTOS/Source/tasks.o
                0x08003190                vTaskDelay
 .text.prvCreateIdleTasks
                0x080031fc       0x94 ./Core/ThirdParty/FreeRTOS/Source/tasks.o
 .text.vTaskStartScheduler
                0x08003290       0x88 ./Core/ThirdParty/FreeRTOS/Source/tasks.o
                0x08003290                vTaskStartScheduler
 .text.vTaskSuspendAll
                0x08003318       0x1c ./Core/ThirdParty/FreeRTOS/Source/tasks.o
                0x08003318                vTaskSuspendAll
 .text.xTaskResumeAll
                0x08003334      0x210 ./Core/ThirdParty/FreeRTOS/Source/tasks.o
                0x08003334                xTaskResumeAll
 .text.xTaskGetTickCount
                0x08003544       0x20 ./Core/ThirdParty/FreeRTOS/Source/tasks.o
                0x08003544                xTaskGetTickCount
 .text.uxTaskGetNumberOfTasks
                0x08003564       0x18 ./Core/ThirdParty/FreeRTOS/Source/tasks.o
                0x08003564                uxTaskGetNumberOfTasks
 .text.xTaskIncrementTick
                0x0800357c      0x234 ./Core/ThirdParty/FreeRTOS/Source/tasks.o
                0x0800357c                xTaskIncrementTick
 .text.vTaskSwitchContext
                0x080037b0       0xbc ./Core/ThirdParty/FreeRTOS/Source/tasks.o
                0x080037b0                vTaskSwitchContext
 .text.vTaskPlaceOnEventList
                0x0800386c       0x4c ./Core/ThirdParty/FreeRTOS/Source/tasks.o
                0x0800386c                vTaskPlaceOnEventList
 .text.vTaskPlaceOnEventListRestricted
                0x080038b8       0x8c ./Core/ThirdParty/FreeRTOS/Source/tasks.o
                0x080038b8                vTaskPlaceOnEventListRestricted
 .text.xTaskRemoveFromEventList
                0x08003944      0x1b4 ./Core/ThirdParty/FreeRTOS/Source/tasks.o
                0x08003944                xTaskRemoveFromEventList
 .text.vTaskInternalSetTimeOutState
                0x08003af8       0x2c ./Core/ThirdParty/FreeRTOS/Source/tasks.o
                0x08003af8                vTaskInternalSetTimeOutState
 .text.xTaskCheckForTimeOut
                0x08003b24       0xd0 ./Core/ThirdParty/FreeRTOS/Source/tasks.o
                0x08003b24                xTaskCheckForTimeOut
 .text.vTaskMissedYield
                0x08003bf4       0x18 ./Core/ThirdParty/FreeRTOS/Source/tasks.o
                0x08003bf4                vTaskMissedYield
 .text.prvIdleTask
                0x08003c0c       0x30 ./Core/ThirdParty/FreeRTOS/Source/tasks.o
 .text.prvInitialiseTaskLists
                0x08003c3c       0x80 ./Core/ThirdParty/FreeRTOS/Source/tasks.o
 .text.prvCheckTasksWaitingTermination
                0x08003cbc       0x5c ./Core/ThirdParty/FreeRTOS/Source/tasks.o
 .text.prvDeleteTCB
                0x08003d18       0x20 ./Core/ThirdParty/FreeRTOS/Source/tasks.o
 .text.prvResetNextTaskUnblockTime
                0x08003d38       0x38 ./Core/ThirdParty/FreeRTOS/Source/tasks.o
 .text.xTaskGetSchedulerState
                0x08003d70       0x3c ./Core/ThirdParty/FreeRTOS/Source/tasks.o
                0x08003d70                xTaskGetSchedulerState
 .text.xTaskPriorityInherit
                0x08003dac      0x140 ./Core/ThirdParty/FreeRTOS/Source/tasks.o
                0x08003dac                xTaskPriorityInherit
 .text.xTaskPriorityDisinherit
                0x08003eec      0x150 ./Core/ThirdParty/FreeRTOS/Source/tasks.o
                0x08003eec                xTaskPriorityDisinherit
 .text.vTaskPriorityDisinheritAfterTimeout
                0x0800403c      0x178 ./Core/ThirdParty/FreeRTOS/Source/tasks.o
                0x0800403c                vTaskPriorityDisinheritAfterTimeout
 .text.pvTaskIncrementMutexHeldCount
                0x080041b4       0x30 ./Core/ThirdParty/FreeRTOS/Source/tasks.o
                0x080041b4                pvTaskIncrementMutexHeldCount
 .text.prvAddCurrentTaskToDelayedList
                0x080041e4      0x104 ./Core/ThirdParty/FreeRTOS/Source/tasks.o
 .text.xTimerCreateTimerTask
                0x080042e8       0x68 ./Core/ThirdParty/FreeRTOS/Source/timers.o
                0x080042e8                xTimerCreateTimerTask
 .text.prvReloadTimer
                0x08004350       0x42 ./Core/ThirdParty/FreeRTOS/Source/timers.o
 *fill*         0x08004392        0x2 
 .text.prvProcessExpiredTimer
                0x08004394       0x60 ./Core/ThirdParty/FreeRTOS/Source/timers.o
 .text.prvTimerTask
                0x080043f4       0x26 ./Core/ThirdParty/FreeRTOS/Source/timers.o
 *fill*         0x0800441a        0x2 
 .text.prvProcessTimerOrBlockTask
                0x0800441c       0x9c ./Core/ThirdParty/FreeRTOS/Source/timers.o
 .text.prvGetNextExpireTime
                0x080044b8       0x48 ./Core/ThirdParty/FreeRTOS/Source/timers.o
 .text.prvSampleTimeNow
                0x08004500       0x40 ./Core/ThirdParty/FreeRTOS/Source/timers.o
 .text.prvInsertTimerInActiveList
                0x08004540       0x84 ./Core/ThirdParty/FreeRTOS/Source/timers.o
 .text.prvProcessReceivedCommands
                0x080045c4      0x190 ./Core/ThirdParty/FreeRTOS/Source/timers.o
 .text.prvSwitchTimerLists
                0x08004754       0x4c ./Core/ThirdParty/FreeRTOS/Source/timers.o
 .text.prvCheckForValidListAndQueue
                0x080047a0       0x54 ./Core/ThirdParty/FreeRTOS/Source/timers.o
 .text.pvPortMalloc
                0x080047f4      0x264 ./Core/ThirdParty/FreeRTOS/portable/heap_4.o
                0x080047f4                pvPortMalloc
 .text.vPortFree
                0x08004a58       0xec ./Core/ThirdParty/FreeRTOS/portable/heap_4.o
                0x08004a58                vPortFree
 .text.prvHeapInit
                0x08004b44       0xb4 ./Core/ThirdParty/FreeRTOS/portable/heap_4.o
 .text.prvInsertBlockIntoFreeList
                0x08004bf8       0xf4 ./Core/ThirdParty/FreeRTOS/portable/heap_4.o
 .text.pxPortInitialiseStack
                0x08004cec       0x68 ./Core/ThirdParty/FreeRTOS/portable/port.o
                0x08004cec                pxPortInitialiseStack
 .text.prvTaskExitError
                0x08004d54       0x5c ./Core/ThirdParty/FreeRTOS/portable/port.o
 .text.SVC_Handler
                0x08004db0       0x28 ./Core/ThirdParty/FreeRTOS/portable/port.o
                0x08004db0                SVC_Handler
 .text.prvPortStartFirstTask
                0x08004dd8       0x2c ./Core/ThirdParty/FreeRTOS/portable/port.o
 .text.xPortStartScheduler
                0x08004e04      0x1e0 ./Core/ThirdParty/FreeRTOS/portable/port.o
                0x08004e04                xPortStartScheduler
 .text.vPortEnterCritical
                0x08004fe4       0x64 ./Core/ThirdParty/FreeRTOS/portable/port.o
                0x08004fe4                vPortEnterCritical
 .text.vPortExitCritical
                0x08005048       0x54 ./Core/ThirdParty/FreeRTOS/portable/port.o
                0x08005048                vPortExitCritical
 *fill*         0x0800509c        0x4 
 .text.PendSV_Handler
                0x080050a0       0x68 ./Core/ThirdParty/FreeRTOS/portable/port.o
                0x080050a0                PendSV_Handler
 .text.SysTick_Handler
                0x08005108       0x44 ./Core/ThirdParty/FreeRTOS/portable/port.o
                0x08005108                SysTick_Handler
 .text.vPortSetupTimerInterrupt
                0x0800514c       0x48 ./Core/ThirdParty/FreeRTOS/portable/port.o
                0x0800514c                vPortSetupTimerInterrupt
 .text.vPortEnableVFP
                0x08005194       0x18 ./Core/ThirdParty/FreeRTOS/portable/port.o
 .text.vPortValidateInterruptPriority
                0x080051ac       0x84 ./Core/ThirdParty/FreeRTOS/portable/port.o
                0x080051ac                vPortValidateInterruptPriority
 .text.HAL_Init
                0x08005230       0x44 ./Drivers/STM32F4xx_HAL_Driver/Src/stm32f4xx_hal.o
                0x08005230                HAL_Init
 .text.HAL_InitTick
                0x08005274       0x60 ./Drivers/STM32F4xx_HAL_Driver/Src/stm32f4xx_hal.o
                0x08005274                HAL_InitTick
 .text.HAL_GetTick
                0x080052d4       0x18 ./Drivers/STM32F4xx_HAL_Driver/Src/stm32f4xx_hal.o
                0x080052d4                HAL_GetTick
 .text.HAL_ADC_Init
                0x080052ec       0x86 ./Drivers/STM32F4xx_HAL_Driver/Src/stm32f4xx_hal_adc.o
                0x080052ec                HAL_ADC_Init
 *fill*         0x08005372        0x2 
 .text.HAL_ADC_Start_DMA
                0x08005374      0x220 ./Drivers/STM32F4xx_HAL_Driver/Src/stm32f4xx_hal_adc.o
                0x08005374                HAL_ADC_Start_DMA
 .text.HAL_ADC_ConvCpltCallback
                0x08005594       0x14 ./Drivers/STM32F4xx_HAL_Driver/Src/stm32f4xx_hal_adc.o
                0x08005594                HAL_ADC_ConvCpltCallback
 .text.HAL_ADC_ConvHalfCpltCallback
                0x080055a8       0x14 ./Drivers/STM32F4xx_HAL_Driver/Src/stm32f4xx_hal_adc.o
                0x080055a8                HAL_ADC_ConvHalfCpltCallback
 .text.HAL_ADC_ErrorCallback
                0x080055bc       0x14 ./Drivers/STM32F4xx_HAL_Driver/Src/stm32f4xx_hal_adc.o
                0x080055bc                HAL_ADC_ErrorCallback
 .text.HAL_ADC_ConfigChannel
                0x080055d0      0x264 ./Drivers/STM32F4xx_HAL_Driver/Src/stm32f4xx_hal_adc.o
                0x080055d0                HAL_ADC_ConfigChannel
 .text.ADC_Init
                0x08005834      0x1f8 ./Drivers/STM32F4xx_HAL_Driver/Src/stm32f4xx_hal_adc.o
 .text.ADC_DMAConvCplt
                0x08005a2c       0xba ./Drivers/STM32F4xx_HAL_Driver/Src/stm32f4xx_hal_adc.o
 .text.ADC_DMAHalfConvCplt
                0x08005ae6       0x1c ./Drivers/STM32F4xx_HAL_Driver/Src/stm32f4xx_hal_adc.o
 .text.ADC_DMAError
                0x08005b02       0x2e ./Drivers/STM32F4xx_HAL_Driver/Src/stm32f4xx_hal_adc.o
 .text.__NVIC_SetPriorityGrouping
                0x08005b30       0x48 ./Drivers/STM32F4xx_HAL_Driver/Src/stm32f4xx_hal_cortex.o
 .text.__NVIC_GetPriorityGrouping
                0x08005b78       0x1c ./Drivers/STM32F4xx_HAL_Driver/Src/stm32f4xx_hal_cortex.o
 .text.__NVIC_SetPriority
                0x08005b94       0x54 ./Drivers/STM32F4xx_HAL_Driver/Src/stm32f4xx_hal_cortex.o
 .text.NVIC_EncodePriority
                0x08005be8       0x66 ./Drivers/STM32F4xx_HAL_Driver/Src/stm32f4xx_hal_cortex.o
 *fill*         0x08005c4e        0x2 
 .text.SysTick_Config
                0x08005c50       0x44 ./Drivers/STM32F4xx_HAL_Driver/Src/stm32f4xx_hal_cortex.o
 .text.HAL_NVIC_SetPriorityGrouping
                0x08005c94       0x16 ./Drivers/STM32F4xx_HAL_Driver/Src/stm32f4xx_hal_cortex.o
                0x08005c94                HAL_NVIC_SetPriorityGrouping
 .text.HAL_NVIC_SetPriority
                0x08005caa       0x38 ./Drivers/STM32F4xx_HAL_Driver/Src/stm32f4xx_hal_cortex.o
                0x08005caa                HAL_NVIC_SetPriority
 .text.HAL_SYSTICK_Config
                0x08005ce2       0x18 ./Drivers/STM32F4xx_HAL_Driver/Src/stm32f4xx_hal_cortex.o
                0x08005ce2                HAL_SYSTICK_Config
 *fill*         0x08005cfa        0x2 
 .text.HAL_DMA_Init
                0x08005cfc      0x15c ./Drivers/STM32F4xx_HAL_Driver/Src/stm32f4xx_hal_dma.o
                0x08005cfc                HAL_DMA_Init
 .text.HAL_DMA_Start_IT
                0x08005e58       0xb0 ./Drivers/STM32F4xx_HAL_Driver/Src/stm32f4xx_hal_dma.o
                0x08005e58                HAL_DMA_Start_IT
 .text.DMA_SetConfig
                0x08005f08       0x5c ./Drivers/STM32F4xx_HAL_Driver/Src/stm32f4xx_hal_dma.o
 .text.DMA_CalcBaseAndBitshift
                0x08005f64       0x6c ./Drivers/STM32F4xx_HAL_Driver/Src/stm32f4xx_hal_dma.o
 .text.DMA_CheckFifoParam
                0x08005fd0       0xf8 ./Drivers/STM32F4xx_HAL_Driver/Src/stm32f4xx_hal_dma.o
 .text.HAL_GPIO_Init
                0x080060c8      0x328 ./Drivers/STM32F4xx_HAL_Driver/Src/stm32f4xx_hal_gpio.o
                0x080060c8                HAL_GPIO_Init
 .text.HAL_GPIO_WritePin
                0x080063f0       0x32 ./Drivers/STM32F4xx_HAL_Driver/Src/stm32f4xx_hal_gpio.o
                0x080063f0                HAL_GPIO_WritePin
 *fill*         0x08006422        0x2 
 .text.HAL_RCC_ClockConfig
                0x08006424      0x1cc ./Drivers/STM32F4xx_HAL_Driver/Src/stm32f4xx_hal_rcc.o
                0x08006424                HAL_RCC_ClockConfig
 .text.HAL_RCC_GetHCLKFreq
                0x080065f0       0x18 ./Drivers/STM32F4xx_HAL_Driver/Src/stm32f4xx_hal_rcc.o
                0x080065f0                HAL_RCC_GetHCLKFreq
 .text.HAL_RCC_GetPCLK1Freq
                0x08006608       0x28 ./Drivers/STM32F4xx_HAL_Driver/Src/stm32f4xx_hal_rcc.o
                0x08006608                HAL_RCC_GetPCLK1Freq
 .text.HAL_RCC_GetPCLK2Freq
                0x08006630       0x28 ./Drivers/STM32F4xx_HAL_Driver/Src/stm32f4xx_hal_rcc.o
                0x08006630                HAL_RCC_GetPCLK2Freq
 .text.HAL_RCC_GetSysClockFreq
                0x08006658      0x460 ./Drivers/STM32F4xx_HAL_Driver/Src/stm32f4xx_hal_rcc_ex.o
                0x08006658                HAL_RCC_GetSysClockFreq
 .text.HAL_RCC_OscConfig
                0x08006ab8      0x53c ./Drivers/STM32F4xx_HAL_Driver/Src/stm32f4xx_hal_rcc_ex.o
                0x08006ab8                HAL_RCC_OscConfig
 .text.HAL_SPI_Init
                0x08006ff4      0x112 ./Drivers/STM32F4xx_HAL_Driver/Src/stm32f4xx_hal_spi.o
                0x08006ff4                HAL_SPI_Init
 .text.HAL_SPI_Transmit
                0x08007106      0x286 ./Drivers/STM32F4xx_HAL_Driver/Src/stm32f4xx_hal_spi.o
                0x08007106                HAL_SPI_Transmit
 .text.SPI_WaitFlagStateUntilTimeout
                0x0800738c      0x110 ./Drivers/STM32F4xx_HAL_Driver/Src/stm32f4xx_hal_spi.o
 .text.SPI_EndRxTxTransaction
                0x0800749c       0xa8 ./Drivers/STM32F4xx_HAL_Driver/Src/stm32f4xx_hal_spi.o
 .text.HAL_UART_Init
                0x08007544       0xa0 ./Drivers/STM32F4xx_HAL_Driver/Src/stm32f4xx_hal_uart.o
                0x08007544                HAL_UART_Init
 .text.HAL_UART_Transmit
                0x080075e4      0x116 ./Drivers/STM32F4xx_HAL_Driver/Src/stm32f4xx_hal_uart.o
                0x080075e4                HAL_UART_Transmit
 .text.UART_WaitOnFlagUntilTimeout
                0x080076fa       0xb2 ./Drivers/STM32F4xx_HAL_Driver/Src/stm32f4xx_hal_uart.o
 .text.UART_EndRxTransfer
                0x080077ac       0xc6 ./Drivers/STM32F4xx_HAL_Driver/Src/stm32f4xx_hal_uart.o
 *fill*         0x08007872        0x2 
 .text.UART_SetConfig
                0x08007874      0x4e8 ./Drivers/STM32F4xx_HAL_Driver/Src/stm32f4xx_hal_uart.o
 .text.sprintf  0x08007d5c       0x44 C:/Users/pc/Documents/STM32CubeIDE_1.19.0/STM32CubeIDE/plugins/com.st.stm32cube.ide.mcu.externaltools.gnu-tools-for-stm32.13.3.rel1.win32_1.0.0.202411081344/tools/bin/../lib/gcc/arm-none-eabi/13.3.1/../../../../arm-none-eabi/lib/thumb/v7e-m+fp/hard\libc_nano.a(libc_a-sprintf.o)
                0x08007d5c                siprintf
                0x08007d5c                sprintf
 .text.memset   0x08007da0       0x10 C:/Users/pc/Documents/STM32CubeIDE_1.19.0/STM32CubeIDE/plugins/com.st.stm32cube.ide.mcu.externaltools.gnu-tools-for-stm32.13.3.rel1.win32_1.0.0.202411081344/tools/bin/../lib/gcc/arm-none-eabi/13.3.1/../../../../arm-none-eabi/lib/thumb/v7e-m+fp/hard\libc_nano.a(libc_a-memset.o)
                0x08007da0                memset
 .text.__errno  0x08007db0        0xc C:/Users/pc/Documents/STM32CubeIDE_1.19.0/STM32CubeIDE/plugins/com.st.stm32cube.ide.mcu.externaltools.gnu-tools-for-stm32.13.3.rel1.win32_1.0.0.202411081344/tools/bin/../lib/gcc/arm-none-eabi/13.3.1/../../../../arm-none-eabi/lib/thumb/v7e-m+fp/hard\libc_nano.a(libc_a-errno.o)
                0x08007db0                __errno
 .text.__libc_init_array
                0x08007dbc       0x48 C:/Users/pc/Documents/STM32CubeIDE_1.19.0/STM32CubeIDE/plugins/com.st.stm32cube.ide.mcu.externaltools.gnu-tools-for-stm32.13.3.rel1.win32_1.0.0.202411081344/tools/bin/../lib/gcc/arm-none-eabi/13.3.1/../../../../arm-none-eabi/lib/thumb/v7e-m+fp/hard\libc_nano.a(libc_a-init.o)
                0x08007dbc                __libc_init_array
 .text.__retarget_lock_acquire_recursive
                0x08007e04        0x2 C:/Users/pc/Documents/STM32CubeIDE_1.19.0/STM32CubeIDE/plugins/com.st.stm32cube.ide.mcu.externaltools.gnu-tools-for-stm32.13.3.rel1.win32_1.0.0.202411081344/tools/bin/../lib/gcc/arm-none-eabi/13.3.1/../../../../arm-none-eabi/lib/thumb/v7e-m+fp/hard\libc_nano.a(libc_a-lock.o)
                0x08007e04                __retarget_lock_acquire_recursive
 .text.__retarget_lock_release_recursive
                0x08007e06        0x2 C:/Users/pc/Documents/STM32CubeIDE_1.19.0/STM32CubeIDE/plugins/com.st.stm32cube.ide.mcu.externaltools.gnu-tools-for-stm32.13.3.rel1.win32_1.0.0.202411081344/tools/bin/../lib/gcc/arm-none-eabi/13.3.1/../../../../arm-none-eabi/lib/thumb/v7e-m+fp/hard\libc_nano.a(libc_a-lock.o)
                0x08007e06                __retarget_lock_release_recursive
 .text.memcpy   0x08007e08       0x1c C:/Users/pc/Documents/STM32CubeIDE_1.19.0/STM32CubeIDE/plugins/com.st.stm32cube.ide.mcu.externaltools.gnu-tools-for-stm32.13.3.rel1.win32_1.0.0.202411081344/tools/bin/../lib/gcc/arm-none-eabi/13.3.1/../../../../arm-none-eabi/lib/thumb/v7e-m+fp/hard\libc_nano.a(libc_a-memcpy-stub.o)
                0x08007e08                memcpy
 .text._free_r  0x08007e24       0x94 C:/Users/pc/Documents/STM32CubeIDE_1.19.0/STM32CubeIDE/plugins/com.st.stm32cube.ide.mcu.externaltools.gnu-tools-for-stm32.13.3.rel1.win32_1.0.0.202411081344/tools/bin/../lib/gcc/arm-none-eabi/13.3.1/../../../../arm-none-eabi/lib/thumb/v7e-m+fp/hard\libc_nano.a(libc_a-freer.o)
                0x08007e24                _free_r
 .text.sbrk_aligned
                0x08007eb8       0x44 C:/Users/pc/Documents/STM32CubeIDE_1.19.0/STM32CubeIDE/plugins/com.st.stm32cube.ide.mcu.externaltools.gnu-tools-for-stm32.13.3.rel1.win32_1.0.0.202411081344/tools/bin/../lib/gcc/arm-none-eabi/13.3.1/../../../../arm-none-eabi/lib/thumb/v7e-m+fp/hard\libc_nano.a(libc_a-mallocr.o)
 .text._malloc_r
                0x08007efc      0x100 C:/Users/pc/Documents/STM32CubeIDE_1.19.0/STM32CubeIDE/plugins/com.st.stm32cube.ide.mcu.externaltools.gnu-tools-for-stm32.13.3.rel1.win32_1.0.0.202411081344/tools/bin/../lib/gcc/arm-none-eabi/13.3.1/../../../../arm-none-eabi/lib/thumb/v7e-m+fp/hard\libc_nano.a(libc_a-mallocr.o)
                0x08007efc                _malloc_r
 .text.__malloc_lock
                0x08007ffc        0xc C:/Users/pc/Documents/STM32CubeIDE_1.19.0/STM32CubeIDE/plugins/com.st.stm32cube.ide.mcu.externaltools.gnu-tools-for-stm32.13.3.rel1.win32_1.0.0.202411081344/tools/bin/../lib/gcc/arm-none-eabi/13.3.1/../../../../arm-none-eabi/lib/thumb/v7e-m+fp/hard\libc_nano.a(libc_a-mlock.o)
                0x08007ffc                __malloc_lock
 .text.__malloc_unlock
                0x08008008        0xc C:/Users/pc/Documents/STM32CubeIDE_1.19.0/STM32CubeIDE/plugins/com.st.stm32cube.ide.mcu.externaltools.gnu-tools-for-stm32.13.3.rel1.win32_1.0.0.202411081344/tools/bin/../lib/gcc/arm-none-eabi/13.3.1/../../../../arm-none-eabi/lib/thumb/v7e-m+fp/hard\libc_nano.a(libc_a-mlock.o)
                0x08008008                __malloc_unlock
 .text.__ssputs_r
                0x08008014       0xb6 C:/Users/pc/Documents/STM32CubeIDE_1.19.0/STM32CubeIDE/plugins/com.st.stm32cube.ide.mcu.externaltools.gnu-tools-for-stm32.13.3.rel1.win32_1.0.0.202411081344/tools/bin/../lib/gcc/arm-none-eabi/13.3.1/../../../../arm-none-eabi/lib/thumb/v7e-m+fp/hard\libc_nano.a(libc_a-nano-svfprintf.o)
                0x08008014                __ssputs_r
 *fill*         0x080080ca        0x2 
 .text._svfprintf_r
                0x080080cc      0x1f8 C:/Users/pc/Documents/STM32CubeIDE_1.19.0/STM32CubeIDE/plugins/com.st.stm32cube.ide.mcu.externaltools.gnu-tools-for-stm32.13.3.rel1.win32_1.0.0.202411081344/tools/bin/../lib/gcc/arm-none-eabi/13.3.1/../../../../arm-none-eabi/lib/thumb/v7e-m+fp/hard\libc_nano.a(libc_a-nano-svfprintf.o)
                0x080080cc                _svfiprintf_r
                0x080080cc                _svfprintf_r
 .text._printf_common
                0x080082c4       0xda C:/Users/pc/Documents/STM32CubeIDE_1.19.0/STM32CubeIDE/plugins/com.st.stm32cube.ide.mcu.externaltools.gnu-tools-for-stm32.13.3.rel1.win32_1.0.0.202411081344/tools/bin/../lib/gcc/arm-none-eabi/13.3.1/../../../../arm-none-eabi/lib/thumb/v7e-m+fp/hard\libc_nano.a(libc_a-nano-vfprintf_i.o)
                0x080082c4                _printf_common
 *fill*         0x0800839e        0x2 
 .text._printf_i
                0x080083a0      0x23c C:/Users/pc/Documents/STM32CubeIDE_1.19.0/STM32CubeIDE/plugins/com.st.stm32cube.ide.mcu.externaltools.gnu-tools-for-stm32.13.3.rel1.win32_1.0.0.202411081344/tools/bin/../lib/gcc/arm-none-eabi/13.3.1/../../../../arm-none-eabi/lib/thumb/v7e-m+fp/hard\libc_nano.a(libc_a-nano-vfprintf_i.o)
                0x080083a0                _printf_i
 .text.memmove  0x080085dc       0x34 C:/Users/pc/Documents/STM32CubeIDE_1.19.0/STM32CubeIDE/plugins/com.st.stm32cube.ide.mcu.externaltools.gnu-tools-for-stm32.13.3.rel1.win32_1.0.0.202411081344/tools/bin/../lib/gcc/arm-none-eabi/13.3.1/../../../../arm-none-eabi/lib/thumb/v7e-m+fp/hard\libc_nano.a(libc_a-memmove.o)
                0x080085dc                memmove
 .text._sbrk_r  0x08008610       0x20 C:/Users/pc/Documents/STM32CubeIDE_1.19.0/STM32CubeIDE/plugins/com.st.stm32cube.ide.mcu.externaltools.gnu-tools-for-stm32.13.3.rel1.win32_1.0.0.202411081344/tools/bin/../lib/gcc/arm-none-eabi/13.3.1/../../../../arm-none-eabi/lib/thumb/v7e-m+fp/hard\libc_nano.a(libc_a-sbrkr.o)
                0x08008610                _sbrk_r
 .text._realloc_r
                0x08008630       0x5c C:/Users/pc/Documents/STM32CubeIDE_1.19.0/STM32CubeIDE/plugins/com.st.stm32cube.ide.mcu.externaltools.gnu-tools-for-stm32.13.3.rel1.win32_1.0.0.202411081344/tools/bin/../lib/gcc/arm-none-eabi/13.3.1/../../../../arm-none-eabi/lib/thumb/v7e-m+fp/hard\libc_nano.a(libc_a-reallocr.o)
                0x08008630                _realloc_r
 .text._malloc_usable_size_r
                0x0800868c       0x10 C:/Users/pc/Documents/STM32CubeIDE_1.19.0/STM32CubeIDE/plugins/com.st.stm32cube.ide.mcu.externaltools.gnu-tools-for-stm32.13.3.rel1.win32_1.0.0.202411081344/tools/bin/../lib/gcc/arm-none-eabi/13.3.1/../../../../arm-none-eabi/lib/thumb/v7e-m+fp/hard\libc_nano.a(libc_a-msizer.o)
                0x0800868c                _malloc_usable_size_r
 *(.glue_7)
 .glue_7        0x0800869c        0x0 linker stubs
 *(.glue_7t)
 .glue_7t       0x0800869c        0x0 linker stubs
 *(.eh_frame)
 .eh_frame      0x0800869c        0x0 C:/Users/pc/Documents/STM32CubeIDE_1.19.0/STM32CubeIDE/plugins/com.st.stm32cube.ide.mcu.externaltools.gnu-tools-for-stm32.13.3.rel1.win32_1.0.0.202411081344/tools/bin/../lib/gcc/arm-none-eabi/13.3.1/thumb/v7e-m+fp/hard/crtbegin.o
 *(.init)
 .init          0x0800869c        0x4 C:/Users/pc/Documents/STM32CubeIDE_1.19.0/STM32CubeIDE/plugins/com.st.stm32cube.ide.mcu.externaltools.gnu-tools-for-stm32.13.3.rel1.win32_1.0.0.202411081344/tools/bin/../lib/gcc/arm-none-eabi/13.3.1/thumb/v7e-m+fp/hard/crti.o
                0x0800869c                _init
 .init          0x080086a0        0x8 C:/Users/pc/Documents/STM32CubeIDE_1.19.0/STM32CubeIDE/plugins/com.st.stm32cube.ide.mcu.externaltools.gnu-tools-for-stm32.13.3.rel1.win32_1.0.0.202411081344/tools/bin/../lib/gcc/arm-none-eabi/13.3.1/thumb/v7e-m+fp/hard/crtn.o
 *(.fini)
 .fini          0x080086a8        0x4 C:/Users/pc/Documents/STM32CubeIDE_1.19.0/STM32CubeIDE/plugins/com.st.stm32cube.ide.mcu.externaltools.gnu-tools-for-stm32.13.3.rel1.win32_1.0.0.202411081344/tools/bin/../lib/gcc/arm-none-eabi/13.3.1/thumb/v7e-m+fp/hard/crti.o
                0x080086a8                _fini
 .fini          0x080086ac        0x8 C:/Users/pc/Documents/STM32CubeIDE_1.19.0/STM32CubeIDE/plugins/com.st.stm32cube.ide.mcu.externaltools.gnu-tools-for-stm32.13.3.rel1.win32_1.0.0.202411081344/tools/bin/../lib/gcc/arm-none-eabi/13.3.1/thumb/v7e-m+fp/hard/crtn.o
                0x080086b4                        . = ALIGN (0x4)
                0x080086b4                        _etext = .

.vfp11_veneer   0x080086b4        0x0
 .vfp11_veneer  0x080086b4        0x0 linker stubs

.v4_bx          0x080086b4        0x0
 .v4_bx         0x080086b4        0x0 linker stubs

.iplt           0x080086b4        0x0
 .iplt          0x080086b4        0x0 C:/Users/pc/Documents/STM32CubeIDE_1.19.0/STM32CubeIDE/plugins/com.st.stm32cube.ide.mcu.externaltools.gnu-tools-for-stm32.13.3.rel1.win32_1.0.0.202411081344/tools/bin/../lib/gcc/arm-none-eabi/13.3.1/thumb/v7e-m+fp/hard/crtbegin.o

.rodata         0x080086b4      0x370
                0x080086b4                        . = ALIGN (0x4)
 *(.rodata)
 .rodata        0x080086b4       0xc6 ./Core/Src/main.o
 *fill*         0x0800877a        0x2 
 .rodata        0x0800877c        0x5 ./Core/ThirdParty/FreeRTOS/Source/tasks.o
 *fill*         0x08008781        0x3 
 .rodata        0x08008784        0x8 ./Core/ThirdParty/FreeRTOS/Source/timers.o
 *(.rodata*)
 .rodata.font   0x0800878c      0x240 ./Core/Src/ILI9341/ILI9341_GFX.o
 .rodata.AHBPrescTable
                0x080089cc       0x10 ./Core/Src/system_stm32f4xx.o
                0x080089cc                AHBPrescTable
 .rodata.APBPrescTable
                0x080089dc        0x8 ./Core/Src/system_stm32f4xx.o
                0x080089dc                APBPrescTable
 .rodata.uxTopUsedPriority
                0x080089e4        0x4 ./Core/ThirdParty/FreeRTOS/Source/tasks.o
 .rodata.flagBitshiftOffset.0
                0x080089e8        0x8 ./Drivers/STM32F4xx_HAL_Driver/Src/stm32f4xx_hal_dma.o
 .rodata._svfprintf_r.str1.1
                0x080089f0       0x33 C:/Users/pc/Documents/STM32CubeIDE_1.19.0/STM32CubeIDE/plugins/com.st.stm32cube.ide.mcu.externaltools.gnu-tools-for-stm32.13.3.rel1.win32_1.0.0.202411081344/tools/bin/../lib/gcc/arm-none-eabi/13.3.1/../../../../arm-none-eabi/lib/thumb/v7e-m+fp/hard\libc_nano.a(libc_a-nano-svfprintf.o)
                                 0x11 (size before relaxing)
 .rodata._printf_i.str1.1
                0x08008a23       0x22 C:/Users/pc/Documents/STM32CubeIDE_1.19.0/STM32CubeIDE/plugins/com.st.stm32cube.ide.mcu.externaltools.gnu-tools-for-stm32.13.3.rel1.win32_1.0.0.202411081344/tools/bin/../lib/gcc/arm-none-eabi/13.3.1/../../../../arm-none-eabi/lib/thumb/v7e-m+fp/hard\libc_nano.a(libc_a-nano-vfprintf_i.o)
                0x08008a48                        . = ALIGN (0x4)
 *fill*         0x08008a23        0x1 

.ARM.extab      0x08008a24        0x0
                0x08008a24                        . = ALIGN (0x4)
 *(.ARM.extab* .gnu.linkonce.armextab.*)
                0x08008a24                        . = ALIGN (0x4)

.ARM            0x08008a24        0x8
                0x08008a24                        . = ALIGN (0x4)
                0x08008a24                        __exidx_start = .
 *(.ARM.exidx*)
 .ARM.exidx     0x08008a24        0x8 C:/Users/pc/Documents/STM32CubeIDE_1.19.0/STM32CubeIDE/plugins/com.st.stm32cube.ide.mcu.externaltools.gnu-tools-for-stm32.13.3.rel1.win32_1.0.0.202411081344/tools/bin/../lib/gcc/arm-none-eabi/13.3.1/../../../../arm-none-eabi/lib/thumb/v7e-m+fp/hard\libc_nano.a(libc_a-strlen.o)
 .ARM.exidx     0x08008a2c        0x0 C:/Users/pc/Documents/STM32CubeIDE_1.19.0/STM32CubeIDE/plugins/com.st.stm32cube.ide.mcu.externaltools.gnu-tools-for-stm32.13.3.rel1.win32_1.0.0.202411081344/tools/bin/../lib/gcc/arm-none-eabi/13.3.1/../../../../arm-none-eabi/lib/thumb/v7e-m+fp/hard\libc_nano.a(libc_a-memchr.o)
                                  0x8 (size before relaxing)
 .ARM.exidx     0x08008a2c        0x0 C:/Users/pc/Documents/STM32CubeIDE_1.19.0/STM32CubeIDE/plugins/com.st.stm32cube.ide.mcu.externaltools.gnu-tools-for-stm32.13.3.rel1.win32_1.0.0.202411081344/tools/bin/../lib/gcc/arm-none-eabi/13.3.1/thumb/v7e-m+fp/hard\libgcc.a(_udivmoddi4.o)
                                  0x8 (size before relaxing)
                0x08008a2c                        __exidx_end = .
                0x08008a2c                        . = ALIGN (0x4)

.preinit_array  0x08008a2c        0x0
                0x08008a2c                        . = ALIGN (0x4)
                0x08008a2c                        PROVIDE (__preinit_array_start = .)
 *(.preinit_array*)
                0x08008a2c                        PROVIDE (__preinit_array_end = .)
                0x08008a2c                        . = ALIGN (0x4)

.init_array     0x08008a2c        0x4
                0x08008a2c                        . = ALIGN (0x4)
                0x08008a2c                        PROVIDE (__init_array_start = .)
 *(SORT_BY_NAME(.init_array.*))
 *(.init_array*)
 .init_array    0x08008a2c        0x4 C:/Users/pc/Documents/STM32CubeIDE_1.19.0/STM32CubeIDE/plugins/com.st.stm32cube.ide.mcu.externaltools.gnu-tools-for-stm32.13.3.rel1.win32_1.0.0.202411081344/tools/bin/../lib/gcc/arm-none-eabi/13.3.1/thumb/v7e-m+fp/hard/crtbegin.o
                0x08008a30                        PROVIDE (__init_array_end = .)
                0x08008a30                        . = ALIGN (0x4)

.fini_array     0x08008a30        0x4
                0x08008a30                        . = ALIGN (0x4)
                [!provide]                        PROVIDE (__fini_array_start = .)
 *(SORT_BY_NAME(.fini_array.*))
 *(.fini_array*)
 .fini_array    0x08008a30        0x4 C:/Users/pc/Documents/STM32CubeIDE_1.19.0/STM32CubeIDE/plugins/com.st.stm32cube.ide.mcu.externaltools.gnu-tools-for-stm32.13.3.rel1.win32_1.0.0.202411081344/tools/bin/../lib/gcc/arm-none-eabi/13.3.1/thumb/v7e-m+fp/hard/crtbegin.o
                [!provide]                        PROVIDE (__fini_array_end = .)
                0x08008a34                        . = ALIGN (0x4)
                0x08008a34                        _sidata = LOADADDR (.data)

.rel.dyn        0x08008a34        0x0
 .rel.iplt      0x08008a34        0x0 C:/Users/pc/Documents/STM32CubeIDE_1.19.0/STM32CubeIDE/plugins/com.st.stm32cube.ide.mcu.externaltools.gnu-tools-for-stm32.13.3.rel1.win32_1.0.0.202411081344/tools/bin/../lib/gcc/arm-none-eabi/13.3.1/thumb/v7e-m+fp/hard/crtbegin.o

.data           0x20000000       0x64 load address 0x08008a34
                0x20000000                        . = ALIGN (0x4)
                0x20000000                        _sdata = .
 *(.data)
 *(.data*)
 .data.LCD_HEIGHT
                0x20000000        0x2 ./Core/Src/ILI9341/ILI9341_STM32_Driver.o
                0x20000000                LCD_HEIGHT
 .data.LCD_WIDTH
                0x20000002        0x2 ./Core/Src/ILI9341/ILI9341_STM32_Driver.o
                0x20000002                LCD_WIDTH
 .data.SystemCoreClock
                0x20000004        0x4 ./Core/Src/system_stm32f4xx.o
                0x20000004                SystemCoreClock
 .data.uxCriticalNesting
                0x20000008        0x4 ./Core/ThirdParty/FreeRTOS/portable/port.o
 .data.uwTickPrio
                0x2000000c        0x4 ./Drivers/STM32F4xx_HAL_Driver/Src/stm32f4xx_hal.o
                0x2000000c                uwTickPrio
 .data.uwTickFreq
                0x20000010        0x1 ./Drivers/STM32F4xx_HAL_Driver/Src/stm32f4xx_hal.o
                0x20000010                uwTickFreq
 *fill*         0x20000011        0x3 
 .data._impure_ptr
                0x20000014        0x4 C:/Users/pc/Documents/STM32CubeIDE_1.19.0/STM32CubeIDE/plugins/com.st.stm32cube.ide.mcu.externaltools.gnu-tools-for-stm32.13.3.rel1.win32_1.0.0.202411081344/tools/bin/../lib/gcc/arm-none-eabi/13.3.1/../../../../arm-none-eabi/lib/thumb/v7e-m+fp/hard\libc_nano.a(libc_a-impure.o)
                0x20000014                _impure_ptr
 .data._impure_data
                0x20000018       0x4c C:/Users/pc/Documents/STM32CubeIDE_1.19.0/STM32CubeIDE/plugins/com.st.stm32cube.ide.mcu.externaltools.gnu-tools-for-stm32.13.3.rel1.win32_1.0.0.202411081344/tools/bin/../lib/gcc/arm-none-eabi/13.3.1/../../../../arm-none-eabi/lib/thumb/v7e-m+fp/hard\libc_nano.a(libc_a-impure.o)
                0x20000018                _impure_data
 *(.RamFunc)
 *(.RamFunc*)
                0x20000064                        . = ALIGN (0x4)
                0x20000064                        _edata = .

.igot.plt       0x20000064        0x0 load address 0x08008a98
 .igot.plt      0x20000064        0x0 C:/Users/pc/Documents/STM32CubeIDE_1.19.0/STM32CubeIDE/plugins/com.st.stm32cube.ide.mcu.externaltools.gnu-tools-for-stm32.13.3.rel1.win32_1.0.0.202411081344/tools/bin/../lib/gcc/arm-none-eabi/13.3.1/thumb/v7e-m+fp/hard/crtbegin.o
                0x20000064                        . = ALIGN (0x4)

.bss            0x20000064     0x4068 load address 0x08008a98
                0x20000064                        _sbss = .
                0x20000064                        __bss_start__ = _sbss
 *(.bss)
 .bss           0x20000064       0x1c C:/Users/pc/Documents/STM32CubeIDE_1.19.0/STM32CubeIDE/plugins/com.st.stm32cube.ide.mcu.externaltools.gnu-tools-for-stm32.13.3.rel1.win32_1.0.0.202411081344/tools/bin/../lib/gcc/arm-none-eabi/13.3.1/thumb/v7e-m+fp/hard/crtbegin.o
 *(.bss*)
 .bss.start_time
                0x20000080        0x4 ./Core/Src/MyHcsr04.o
                0x20000080                start_time
 .bss.end_time  0x20000084        0x4 ./Core/Src/MyHcsr04.o
                0x20000084                end_time
 .bss.diffrence
                0x20000088        0x4 ./Core/Src/MyHcsr04.o
                0x20000088                diffrence
 .bss.is_first_cap
                0x2000008c        0x1 ./Core/Src/MyHcsr04.o
                0x2000008c                is_first_cap
 *fill*         0x2000008d        0x3 
 .bss.xADCDataQueue
                0x20000090        0x4 ./Core/Src/main.o
                0x20000090                xADCDataQueue
 .bss.xECUDataQueue
                0x20000094        0x4 ./Core/Src/main.o
                0x20000094                xECUDataQueue
 .bss.xFanCommandQueue
                0x20000098        0x4 ./Core/Src/main.o
                0x20000098                xFanCommandQueue
 .bss.xFuelDataQueue
                0x2000009c        0x4 ./Core/Src/main.o
                0x2000009c                xFuelDataQueue
 .bss.xHcsr04Semaphore
                0x200000a0        0x4 ./Core/Src/main.o
                0x200000a0                xHcsr04Semaphore
 .bss.hadc1     0x200000a4       0x48 ./Core/Src/main.o
                0x200000a4                hadc1
 .bss.hdma_adc1
                0x200000ec       0x60 ./Core/Src/main.o
                0x200000ec                hdma_adc1
 .bss.hspi1     0x2000014c       0x58 ./Core/Src/main.o
                0x2000014c                hspi1
 .bss.huart2    0x200001a4       0x48 ./Core/Src/main.o
                0x200001a4                huart2
 .bss.adc_buffer
                0x200001ec        0x4 ./Core/Src/main.o
                0x200001ec                adc_buffer
 .bss.__sbrk_heap_end
                0x200001f0        0x4 ./Core/Src/sysmem.o
 .bss.pxCurrentTCB
                0x200001f4        0x4 ./Core/ThirdParty/FreeRTOS/Source/tasks.o
                0x200001f4                pxCurrentTCB
 .bss.pxReadyTasksLists
                0x200001f8       0x8c ./Core/ThirdParty/FreeRTOS/Source/tasks.o
 .bss.xDelayedTaskList1
                0x20000284       0x14 ./Core/ThirdParty/FreeRTOS/Source/tasks.o
 .bss.xDelayedTaskList2
                0x20000298       0x14 ./Core/ThirdParty/FreeRTOS/Source/tasks.o
 .bss.pxDelayedTaskList
                0x200002ac        0x4 ./Core/ThirdParty/FreeRTOS/Source/tasks.o
 .bss.pxOverflowDelayedTaskList
                0x200002b0        0x4 ./Core/ThirdParty/FreeRTOS/Source/tasks.o
 .bss.xPendingReadyList
                0x200002b4       0x14 ./Core/ThirdParty/FreeRTOS/Source/tasks.o
 .bss.xTasksWaitingTermination
                0x200002c8       0x14 ./Core/ThirdParty/FreeRTOS/Source/tasks.o
 .bss.uxDeletedTasksWaitingCleanUp
                0x200002dc        0x4 ./Core/ThirdParty/FreeRTOS/Source/tasks.o
 .bss.xSuspendedTaskList
                0x200002e0       0x14 ./Core/ThirdParty/FreeRTOS/Source/tasks.o
 .bss.uxCurrentNumberOfTasks
                0x200002f4        0x4 ./Core/ThirdParty/FreeRTOS/Source/tasks.o
 .bss.xTickCount
                0x200002f8        0x4 ./Core/ThirdParty/FreeRTOS/Source/tasks.o
 .bss.uxTopReadyPriority
                0x200002fc        0x4 ./Core/ThirdParty/FreeRTOS/Source/tasks.o
 .bss.xSchedulerRunning
                0x20000300        0x4 ./Core/ThirdParty/FreeRTOS/Source/tasks.o
 .bss.xPendedTicks
                0x20000304        0x4 ./Core/ThirdParty/FreeRTOS/Source/tasks.o
 .bss.xYieldPendings
                0x20000308        0x4 ./Core/ThirdParty/FreeRTOS/Source/tasks.o
 .bss.xNumOfOverflows
                0x2000030c        0x4 ./Core/ThirdParty/FreeRTOS/Source/tasks.o
 .bss.uxTaskNumber
                0x20000310        0x4 ./Core/ThirdParty/FreeRTOS/Source/tasks.o
 .bss.xNextTaskUnblockTime
                0x20000314        0x4 ./Core/ThirdParty/FreeRTOS/Source/tasks.o
 .bss.xIdleTaskHandles
                0x20000318        0x4 ./Core/ThirdParty/FreeRTOS/Source/tasks.o
 .bss.uxSchedulerSuspended
                0x2000031c        0x4 ./Core/ThirdParty/FreeRTOS/Source/tasks.o
 .bss.xActiveTimerList1
                0x20000320       0x14 ./Core/ThirdParty/FreeRTOS/Source/timers.o
 .bss.xActiveTimerList2
                0x20000334       0x14 ./Core/ThirdParty/FreeRTOS/Source/timers.o
 .bss.pxCurrentTimerList
                0x20000348        0x4 ./Core/ThirdParty/FreeRTOS/Source/timers.o
 .bss.pxOverflowTimerList
                0x2000034c        0x4 ./Core/ThirdParty/FreeRTOS/Source/timers.o
 .bss.xTimerQueue
                0x20000350        0x4 ./Core/ThirdParty/FreeRTOS/Source/timers.o
 .bss.xTimerTaskHandle
                0x20000354        0x4 ./Core/ThirdParty/FreeRTOS/Source/timers.o
 .bss.xLastTime.0
                0x20000358        0x4 ./Core/ThirdParty/FreeRTOS/Source/timers.o
 .bss.ucHeap    0x2000035c     0x3c00 ./Core/ThirdParty/FreeRTOS/portable/heap_4.o
 .bss.xStart    0x20003f5c        0x8 ./Core/ThirdParty/FreeRTOS/portable/heap_4.o
 .bss.pxEnd     0x20003f64        0x4 ./Core/ThirdParty/FreeRTOS/portable/heap_4.o
 .bss.xFreeBytesRemaining
                0x20003f68        0x4 ./Core/ThirdParty/FreeRTOS/portable/heap_4.o
 .bss.xMinimumEverFreeBytesRemaining
                0x20003f6c        0x4 ./Core/ThirdParty/FreeRTOS/portable/heap_4.o
 .bss.xNumberOfSuccessfulAllocations
                0x20003f70        0x4 ./Core/ThirdParty/FreeRTOS/portable/heap_4.o
 .bss.xNumberOfSuccessfulFrees
                0x20003f74        0x4 ./Core/ThirdParty/FreeRTOS/portable/heap_4.o
 .bss.ucMaxSysCallPriority
                0x20003f78        0x1 ./Core/ThirdParty/FreeRTOS/portable/port.o
 *fill*         0x20003f79        0x3 
 .bss.ulMaxPRIGROUPValue
                0x20003f7c        0x4 ./Core/ThirdParty/FreeRTOS/portable/port.o
 .bss.uwTick    0x20003f80        0x4 ./Drivers/STM32F4xx_HAL_Driver/Src/stm32f4xx_hal.o
                0x20003f80                uwTick
 .bss.__sf      0x20003f84      0x138 C:/Users/pc/Documents/STM32CubeIDE_1.19.0/STM32CubeIDE/plugins/com.st.stm32cube.ide.mcu.externaltools.gnu-tools-for-stm32.13.3.rel1.win32_1.0.0.202411081344/tools/bin/../lib/gcc/arm-none-eabi/13.3.1/../../../../arm-none-eabi/lib/thumb/v7e-m+fp/hard\libc_nano.a(libc_a-findfp.o)
                0x20003f84                __sf
 .bss.errno     0x200040bc        0x4 C:/Users/pc/Documents/STM32CubeIDE_1.19.0/STM32CubeIDE/plugins/com.st.stm32cube.ide.mcu.externaltools.gnu-tools-for-stm32.13.3.rel1.win32_1.0.0.202411081344/tools/bin/../lib/gcc/arm-none-eabi/13.3.1/../../../../arm-none-eabi/lib/thumb/v7e-m+fp/hard\libc_nano.a(libc_a-reent.o)
                0x200040bc                errno
 .bss.__lock___malloc_recursive_mutex
                0x200040c0        0x1 C:/Users/pc/Documents/STM32CubeIDE_1.19.0/STM32CubeIDE/plugins/com.st.stm32cube.ide.mcu.externaltools.gnu-tools-for-stm32.13.3.rel1.win32_1.0.0.202411081344/tools/bin/../lib/gcc/arm-none-eabi/13.3.1/../../../../arm-none-eabi/lib/thumb/v7e-m+fp/hard\libc_nano.a(libc_a-lock.o)
                0x200040c0                __lock___malloc_recursive_mutex
 *fill*         0x200040c1        0x3 
 .bss.__malloc_sbrk_start
                0x200040c4        0x4 C:/Users/pc/Documents/STM32CubeIDE_1.19.0/STM32CubeIDE/plugins/com.st.stm32cube.ide.mcu.externaltools.gnu-tools-for-stm32.13.3.rel1.win32_1.0.0.202411081344/tools/bin/../lib/gcc/arm-none-eabi/13.3.1/../../../../arm-none-eabi/lib/thumb/v7e-m+fp/hard\libc_nano.a(libc_a-mallocr.o)
                0x200040c4                __malloc_sbrk_start
 .bss.__malloc_free_list
                0x200040c8        0x4 C:/Users/pc/Documents/STM32CubeIDE_1.19.0/STM32CubeIDE/plugins/com.st.stm32cube.ide.mcu.externaltools.gnu-tools-for-stm32.13.3.rel1.win32_1.0.0.202411081344/tools/bin/../lib/gcc/arm-none-eabi/13.3.1/../../../../arm-none-eabi/lib/thumb/v7e-m+fp/hard\libc_nano.a(libc_a-mallocr.o)
                0x200040c8                __malloc_free_list
 *(COMMON)
                0x200040cc                        . = ALIGN (0x4)
                0x200040cc                        _ebss = .
                0x200040cc                        __bss_end__ = _ebss

._user_heap_stack
                0x200040cc      0x604 load address 0x08008a98
                0x200040d0                        . = ALIGN (0x8)
 *fill*         0x200040cc        0x4 
                [!provide]                        PROVIDE (end = .)
                0x200040d0                        PROVIDE (_end = .)
                0x200042d0                        . = (. + _Min_Heap_Size)
 *fill*         0x200040d0      0x200 
                0x200046d0                        . = (. + _Min_Stack_Size)
 *fill*         0x200042d0      0x400 
                0x200046d0                        . = ALIGN (0x8)

/DISCARD/
 libc.a(*)
 libm.a(*)
 libgcc.a(*)

.ARM.attributes
                0x00000000       0x30
 *(.ARM.attributes)
 .ARM.attributes
                0x00000000       0x22 C:/Users/pc/Documents/STM32CubeIDE_1.19.0/STM32CubeIDE/plugins/com.st.stm32cube.ide.mcu.externaltools.gnu-tools-for-stm32.13.3.rel1.win32_1.0.0.202411081344/tools/bin/../lib/gcc/arm-none-eabi/13.3.1/thumb/v7e-m+fp/hard/crti.o
 .ARM.attributes
                0x00000022       0x34 C:/Users/pc/Documents/STM32CubeIDE_1.19.0/STM32CubeIDE/plugins/com.st.stm32cube.ide.mcu.externaltools.gnu-tools-for-stm32.13.3.rel1.win32_1.0.0.202411081344/tools/bin/../lib/gcc/arm-none-eabi/13.3.1/thumb/v7e-m+fp/hard/crtbegin.o
 .ARM.attributes
                0x00000056       0x34 ./Core/Src/ILI9341/ILI9341_GFX.o
 .ARM.attributes
                0x0000008a       0x34 ./Core/Src/ILI9341/ILI9341_STM32_Driver.o
 .ARM.attributes
                0x000000be       0x34 ./Core/Src/MyHcsr04.o
 .ARM.attributes
                0x000000f2       0x34 ./Core/Src/MyRelay.o
 .ARM.attributes
                0x00000126       0x34 ./Core/Src/main.o
 .ARM.attributes
                0x0000015a       0x34 ./Core/Src/stm32f4xx_hal_msp.o
 .ARM.attributes
                0x0000018e       0x34 ./Core/Src/stm32f4xx_it.o
 .ARM.attributes
                0x000001c2       0x34 ./Core/Src/sysmem.o
 .ARM.attributes
                0x000001f6       0x34 ./Core/Src/system_stm32f4xx.o
 .ARM.attributes
                0x0000022a       0x21 ./Core/Startup/startup_stm32f446retx.o
 .ARM.attributes
                0x0000024b       0x34 ./Core/ThirdParty/FreeRTOS/Source/list.o
 .ARM.attributes
                0x0000027f       0x34 ./Core/ThirdParty/FreeRTOS/Source/queue.o
 .ARM.attributes
                0x000002b3       0x34 ./Core/ThirdParty/FreeRTOS/Source/tasks.o
 .ARM.attributes
                0x000002e7       0x34 ./Core/ThirdParty/FreeRTOS/Source/timers.o
 .ARM.attributes
                0x0000031b       0x34 ./Core/ThirdParty/FreeRTOS/portable/heap_4.o
 .ARM.attributes
                0x0000034f       0x34 ./Core/ThirdParty/FreeRTOS/portable/port.o
 .ARM.attributes
                0x00000383       0x34 ./Drivers/STM32F4xx_HAL_Driver/Src/stm32f4xx_hal.o
 .ARM.attributes
                0x000003b7       0x34 ./Drivers/STM32F4xx_HAL_Driver/Src/stm32f4xx_hal_adc.o
 .ARM.attributes
                0x000003eb       0x34 ./Drivers/STM32F4xx_HAL_Driver/Src/stm32f4xx_hal_cortex.o
 .ARM.attributes
                0x0000041f       0x34 ./Drivers/STM32F4xx_HAL_Driver/Src/stm32f4xx_hal_dma.o
 .ARM.attributes
                0x00000453       0x34 ./Drivers/STM32F4xx_HAL_Driver/Src/stm32f4xx_hal_gpio.o
 .ARM.attributes
                0x00000487       0x34 ./Drivers/STM32F4xx_HAL_Driver/Src/stm32f4xx_hal_rcc.o
 .ARM.attributes
                0x000004bb       0x34 ./Drivers/STM32F4xx_HAL_Driver/Src/stm32f4xx_hal_rcc_ex.o
 .ARM.attributes
                0x000004ef       0x34 ./Drivers/STM32F4xx_HAL_Driver/Src/stm32f4xx_hal_spi.o
 .ARM.attributes
                0x00000523       0x34 ./Drivers/STM32F4xx_HAL_Driver/Src/stm32f4xx_hal_uart.o
 .ARM.attributes
                0x00000557       0x34 C:/Users/pc/Documents/STM32CubeIDE_1.19.0/STM32CubeIDE/plugins/com.st.stm32cube.ide.mcu.externaltools.gnu-tools-for-stm32.13.3.rel1.win32_1.0.0.202411081344/tools/bin/../lib/gcc/arm-none-eabi/13.3.1/../../../../arm-none-eabi/lib/thumb/v7e-m+fp/hard\libc_nano.a(libc_a-findfp.o)
 .ARM.attributes
                0x0000058b       0x34 C:/Users/pc/Documents/STM32CubeIDE_1.19.0/STM32CubeIDE/plugins/com.st.stm32cube.ide.mcu.externaltools.gnu-tools-for-stm32.13.3.rel1.win32_1.0.0.202411081344/tools/bin/../lib/gcc/arm-none-eabi/13.3.1/../../../../arm-none-eabi/lib/thumb/v7e-m+fp/hard\libc_nano.a(libc_a-sprintf.o)
 .ARM.attributes
                0x000005bf       0x34 C:/Users/pc/Documents/STM32CubeIDE_1.19.0/STM32CubeIDE/plugins/com.st.stm32cube.ide.mcu.externaltools.gnu-tools-for-stm32.13.3.rel1.win32_1.0.0.202411081344/tools/bin/../lib/gcc/arm-none-eabi/13.3.1/../../../../arm-none-eabi/lib/thumb/v7e-m+fp/hard\libc_nano.a(libc_a-memset.o)
 .ARM.attributes
                0x000005f3       0x34 C:/Users/pc/Documents/STM32CubeIDE_1.19.0/STM32CubeIDE/plugins/com.st.stm32cube.ide.mcu.externaltools.gnu-tools-for-stm32.13.3.rel1.win32_1.0.0.202411081344/tools/bin/../lib/gcc/arm-none-eabi/13.3.1/../../../../arm-none-eabi/lib/thumb/v7e-m+fp/hard\libc_nano.a(libc_a-reent.o)
 .ARM.attributes
                0x00000627       0x34 C:/Users/pc/Documents/STM32CubeIDE_1.19.0/STM32CubeIDE/plugins/com.st.stm32cube.ide.mcu.externaltools.gnu-tools-for-stm32.13.3.rel1.win32_1.0.0.202411081344/tools/bin/../lib/gcc/arm-none-eabi/13.3.1/../../../../arm-none-eabi/lib/thumb/v7e-m+fp/hard\libc_nano.a(libc_a-impure.o)
 .ARM.attributes
                0x0000065b       0x34 C:/Users/pc/Documents/STM32CubeIDE_1.19.0/STM32CubeIDE/plugins/com.st.stm32cube.ide.mcu.externaltools.gnu-tools-for-stm32.13.3.rel1.win32_1.0.0.202411081344/tools/bin/../lib/gcc/arm-none-eabi/13.3.1/../../../../arm-none-eabi/lib/thumb/v7e-m+fp/hard\libc_nano.a(libc_a-errno.o)
 .ARM.attributes
                0x0000068f       0x34 C:/Users/pc/Documents/STM32CubeIDE_1.19.0/STM32CubeIDE/plugins/com.st.stm32cube.ide.mcu.externaltools.gnu-tools-for-stm32.13.3.rel1.win32_1.0.0.202411081344/tools/bin/../lib/gcc/arm-none-eabi/13.3.1/../../../../arm-none-eabi/lib/thumb/v7e-m+fp/hard\libc_nano.a(libc_a-init.o)
 .ARM.attributes
                0x000006c3       0x34 C:/Users/pc/Documents/STM32CubeIDE_1.19.0/STM32CubeIDE/plugins/com.st.stm32cube.ide.mcu.externaltools.gnu-tools-for-stm32.13.3.rel1.win32_1.0.0.202411081344/tools/bin/../lib/gcc/arm-none-eabi/13.3.1/../../../../arm-none-eabi/lib/thumb/v7e-m+fp/hard\libc_nano.a(libc_a-lock.o)
 .ARM.attributes
                0x000006f7       0x34 C:/Users/pc/Documents/STM32CubeIDE_1.19.0/STM32CubeIDE/plugins/com.st.stm32cube.ide.mcu.externaltools.gnu-tools-for-stm32.13.3.rel1.win32_1.0.0.202411081344/tools/bin/../lib/gcc/arm-none-eabi/13.3.1/../../../../arm-none-eabi/lib/thumb/v7e-m+fp/hard\libc_nano.a(libc_a-memcpy-stub.o)
 .ARM.attributes
                0x0000072b       0x17 C:/Users/pc/Documents/STM32CubeIDE_1.19.0/STM32CubeIDE/plugins/com.st.stm32cube.ide.mcu.externaltools.gnu-tools-for-stm32.13.3.rel1.win32_1.0.0.202411081344/tools/bin/../lib/gcc/arm-none-eabi/13.3.1/../../../../arm-none-eabi/lib/thumb/v7e-m+fp/hard\libc_nano.a(libc_a-strlen.o)
 .ARM.attributes
                0x00000742       0x34 C:/Users/pc/Documents/STM32CubeIDE_1.19.0/STM32CubeIDE/plugins/com.st.stm32cube.ide.mcu.externaltools.gnu-tools-for-stm32.13.3.rel1.win32_1.0.0.202411081344/tools/bin/../lib/gcc/arm-none-eabi/13.3.1/../../../../arm-none-eabi/lib/thumb/v7e-m+fp/hard\libc_nano.a(libc_a-freer.o)
 .ARM.attributes
                0x00000776       0x34 C:/Users/pc/Documents/STM32CubeIDE_1.19.0/STM32CubeIDE/plugins/com.st.stm32cube.ide.mcu.externaltools.gnu-tools-for-stm32.13.3.rel1.win32_1.0.0.202411081344/tools/bin/../lib/gcc/arm-none-eabi/13.3.1/../../../../arm-none-eabi/lib/thumb/v7e-m+fp/hard\libc_nano.a(libc_a-mallocr.o)
 .ARM.attributes
                0x000007aa       0x34 C:/Users/pc/Documents/STM32CubeIDE_1.19.0/STM32CubeIDE/plugins/com.st.stm32cube.ide.mcu.externaltools.gnu-tools-for-stm32.13.3.rel1.win32_1.0.0.202411081344/tools/bin/../lib/gcc/arm-none-eabi/13.3.1/../../../../arm-none-eabi/lib/thumb/v7e-m+fp/hard\libc_nano.a(libc_a-mlock.o)
 .ARM.attributes
                0x000007de       0x34 C:/Users/pc/Documents/STM32CubeIDE_1.19.0/STM32CubeIDE/plugins/com.st.stm32cube.ide.mcu.externaltools.gnu-tools-for-stm32.13.3.rel1.win32_1.0.0.202411081344/tools/bin/../lib/gcc/arm-none-eabi/13.3.1/../../../../arm-none-eabi/lib/thumb/v7e-m+fp/hard\libc_nano.a(libc_a-nano-svfprintf.o)
 .ARM.attributes
                0x00000812       0x34 C:/Users/pc/Documents/STM32CubeIDE_1.19.0/STM32CubeIDE/plugins/com.st.stm32cube.ide.mcu.externaltools.gnu-tools-for-stm32.13.3.rel1.win32_1.0.0.202411081344/tools/bin/../lib/gcc/arm-none-eabi/13.3.1/../../../../arm-none-eabi/lib/thumb/v7e-m+fp/hard\libc_nano.a(libc_a-nano-vfprintf_i.o)
 .ARM.attributes
                0x00000846       0x34 C:/Users/pc/Documents/STM32CubeIDE_1.19.0/STM32CubeIDE/plugins/com.st.stm32cube.ide.mcu.externaltools.gnu-tools-for-stm32.13.3.rel1.win32_1.0.0.202411081344/tools/bin/../lib/gcc/arm-none-eabi/13.3.1/../../../../arm-none-eabi/lib/thumb/v7e-m+fp/hard\libc_nano.a(libc_a-memmove.o)
 .ARM.attributes
                0x0000087a       0x34 C:/Users/pc/Documents/STM32CubeIDE_1.19.0/STM32CubeIDE/plugins/com.st.stm32cube.ide.mcu.externaltools.gnu-tools-for-stm32.13.3.rel1.win32_1.0.0.202411081344/tools/bin/../lib/gcc/arm-none-eabi/13.3.1/../../../../arm-none-eabi/lib/thumb/v7e-m+fp/hard\libc_nano.a(libc_a-sbrkr.o)
 .ARM.attributes
                0x000008ae       0x1c C:/Users/pc/Documents/STM32CubeIDE_1.19.0/STM32CubeIDE/plugins/com.st.stm32cube.ide.mcu.externaltools.gnu-tools-for-stm32.13.3.rel1.win32_1.0.0.202411081344/tools/bin/../lib/gcc/arm-none-eabi/13.3.1/../../../../arm-none-eabi/lib/thumb/v7e-m+fp/hard\libc_nano.a(libc_a-memchr.o)
 .ARM.attributes
                0x000008ca       0x34 C:/Users/pc/Documents/STM32CubeIDE_1.19.0/STM32CubeIDE/plugins/com.st.stm32cube.ide.mcu.externaltools.gnu-tools-for-stm32.13.3.rel1.win32_1.0.0.202411081344/tools/bin/../lib/gcc/arm-none-eabi/13.3.1/../../../../arm-none-eabi/lib/thumb/v7e-m+fp/hard\libc_nano.a(libc_a-reallocr.o)
 .ARM.attributes
                0x000008fe       0x34 C:/Users/pc/Documents/STM32CubeIDE_1.19.0/STM32CubeIDE/plugins/com.st.stm32cube.ide.mcu.externaltools.gnu-tools-for-stm32.13.3.rel1.win32_1.0.0.202411081344/tools/bin/../lib/gcc/arm-none-eabi/13.3.1/../../../../arm-none-eabi/lib/thumb/v7e-m+fp/hard\libc_nano.a(libc_a-msizer.o)
 .ARM.attributes
                0x00000932       0x22 C:/Users/pc/Documents/STM32CubeIDE_1.19.0/STM32CubeIDE/plugins/com.st.stm32cube.ide.mcu.externaltools.gnu-tools-for-stm32.13.3.rel1.win32_1.0.0.202411081344/tools/bin/../lib/gcc/arm-none-eabi/13.3.1/thumb/v7e-m+fp/hard\libgcc.a(_aeabi_uldivmod.o)
 .ARM.attributes
                0x00000954       0x34 C:/Users/pc/Documents/STM32CubeIDE_1.19.0/STM32CubeIDE/plugins/com.st.stm32cube.ide.mcu.externaltools.gnu-tools-for-stm32.13.3.rel1.win32_1.0.0.202411081344/tools/bin/../lib/gcc/arm-none-eabi/13.3.1/thumb/v7e-m+fp/hard\libgcc.a(_udivmoddi4.o)
 .ARM.attributes
                0x00000988       0x22 C:/Users/pc/Documents/STM32CubeIDE_1.19.0/STM32CubeIDE/plugins/com.st.stm32cube.ide.mcu.externaltools.gnu-tools-for-stm32.13.3.rel1.win32_1.0.0.202411081344/tools/bin/../lib/gcc/arm-none-eabi/13.3.1/thumb/v7e-m+fp/hard\libgcc.a(_dvmd_tls.o)
 .ARM.attributes
                0x000009aa       0x22 C:/Users/pc/Documents/STM32CubeIDE_1.19.0/STM32CubeIDE/plugins/com.st.stm32cube.ide.mcu.externaltools.gnu-tools-for-stm32.13.3.rel1.win32_1.0.0.202411081344/tools/bin/../lib/gcc/arm-none-eabi/13.3.1/thumb/v7e-m+fp/hard/crtn.o
OUTPUT(V2.4_ECU_STM32_PROJECT.elf elf32-littlearm)
LOAD linker stubs
LOAD C:/Users/pc/Documents/STM32CubeIDE_1.19.0/STM32CubeIDE/plugins/com.st.stm32cube.ide.mcu.externaltools.gnu-tools-for-stm32.13.3.rel1.win32_1.0.0.202411081344/tools/bin/../lib/gcc/arm-none-eabi/13.3.1/../../../../arm-none-eabi/lib/thumb/v7e-m+fp/hard\libc.a
LOAD C:/Users/pc/Documents/STM32CubeIDE_1.19.0/STM32CubeIDE/plugins/com.st.stm32cube.ide.mcu.externaltools.gnu-tools-for-stm32.13.3.rel1.win32_1.0.0.202411081344/tools/bin/../lib/gcc/arm-none-eabi/13.3.1/../../../../arm-none-eabi/lib/thumb/v7e-m+fp/hard\libm.a
LOAD C:/Users/pc/Documents/STM32CubeIDE_1.19.0/STM32CubeIDE/plugins/com.st.stm32cube.ide.mcu.externaltools.gnu-tools-for-stm32.13.3.rel1.win32_1.0.0.202411081344/tools/bin/../lib/gcc/arm-none-eabi/13.3.1/thumb/v7e-m+fp/hard\libgcc.a

.debug_info     0x00000000    0x138dc
 .debug_info    0x00000000      0xd67 ./Core/Src/ILI9341/ILI9341_GFX.o
 .debug_info    0x00000d67      0xb0e ./Core/Src/ILI9341/ILI9341_STM32_Driver.o
 .debug_info    0x00001875      0x555 ./Core/Src/MyHcsr04.o
 .debug_info    0x00001dca      0x347 ./Core/Src/MyRelay.o
 .debug_info    0x00002111     0x1f08 ./Core/Src/main.o
 .debug_info    0x00004019      0xf11 ./Core/Src/stm32f4xx_hal_msp.o
 .debug_info    0x00004f2a       0xd8 ./Core/Src/stm32f4xx_it.o
 .debug_info    0x00005002      0x168 ./Core/Src/sysmem.o
 .debug_info    0x0000516a      0x54a ./Core/Src/system_stm32f4xx.o
 .debug_info    0x000056b4       0x30 ./Core/Startup/startup_stm32f446retx.o
 .debug_info    0x000056e4      0x2aa ./Core/ThirdParty/FreeRTOS/Source/list.o
 .debug_info    0x0000598e     0x167d ./Core/ThirdParty/FreeRTOS/Source/queue.o
 .debug_info    0x0000700b     0x2382 ./Core/ThirdParty/FreeRTOS/Source/tasks.o
 .debug_info    0x0000938d      0xe95 ./Core/ThirdParty/FreeRTOS/Source/timers.o
 .debug_info    0x0000a222      0x5d7 ./Core/ThirdParty/FreeRTOS/portable/heap_4.o
 .debug_info    0x0000a7f9      0x581 ./Core/ThirdParty/FreeRTOS/portable/port.o
 .debug_info    0x0000ad7a      0x99a ./Drivers/STM32F4xx_HAL_Driver/Src/stm32f4xx_hal.o
 .debug_info    0x0000b714      0xcd4 ./Drivers/STM32F4xx_HAL_Driver/Src/stm32f4xx_hal_adc.o
 .debug_info    0x0000c3e8      0xd75 ./Drivers/STM32F4xx_HAL_Driver/Src/stm32f4xx_hal_cortex.o
 .debug_info    0x0000d15d      0x8e7 ./Drivers/STM32F4xx_HAL_Driver/Src/stm32f4xx_hal_dma.o
 .debug_info    0x0000da44      0x70b ./Drivers/STM32F4xx_HAL_Driver/Src/stm32f4xx_hal_gpio.o
 .debug_info    0x0000e14f      0x8ed ./Drivers/STM32F4xx_HAL_Driver/Src/stm32f4xx_hal_rcc.o
 .debug_info    0x0000ea3c      0x956 ./Drivers/STM32F4xx_HAL_Driver/Src/stm32f4xx_hal_rcc_ex.o
 .debug_info    0x0000f392     0x15fb ./Drivers/STM32F4xx_HAL_Driver/Src/stm32f4xx_hal_spi.o
 .debug_info    0x0001098d     0x2f4f ./Drivers/STM32F4xx_HAL_Driver/Src/stm32f4xx_hal_uart.o

.debug_abbrev   0x00000000     0x343d
 .debug_abbrev  0x00000000      0x268 ./Core/Src/ILI9341/ILI9341_GFX.o
 .debug_abbrev  0x00000268      0x281 ./Core/Src/ILI9341/ILI9341_STM32_Driver.o
 .debug_abbrev  0x000004e9      0x1bb ./Core/Src/MyHcsr04.o
 .debug_abbrev  0x000006a4       0xfe ./Core/Src/MyRelay.o
 .debug_abbrev  0x000007a2      0x38d ./Core/Src/main.o
 .debug_abbrev  0x00000b2f      0x1ee ./Core/Src/stm32f4xx_hal_msp.o
 .debug_abbrev  0x00000d1d       0x47 ./Core/Src/stm32f4xx_it.o
 .debug_abbrev  0x00000d64       0xbc ./Core/Src/sysmem.o
 .debug_abbrev  0x00000e20      0x11a ./Core/Src/system_stm32f4xx.o
 .debug_abbrev  0x00000f3a       0x24 ./Core/Startup/startup_stm32f446retx.o
 .debug_abbrev  0x00000f5e       0xee ./Core/ThirdParty/FreeRTOS/Source/list.o
 .debug_abbrev  0x0000104c      0x2ce ./Core/ThirdParty/FreeRTOS/Source/queue.o
 .debug_abbrev  0x0000131a      0x391 ./Core/ThirdParty/FreeRTOS/Source/tasks.o
 .debug_abbrev  0x000016ab      0x2d8 ./Core/ThirdParty/FreeRTOS/Source/timers.o
 .debug_abbrev  0x00001983      0x25a ./Core/ThirdParty/FreeRTOS/portable/heap_4.o
 .debug_abbrev  0x00001bdd      0x248 ./Core/ThirdParty/FreeRTOS/portable/port.o
 .debug_abbrev  0x00001e25      0x214 ./Drivers/STM32F4xx_HAL_Driver/Src/stm32f4xx_hal.o
 .debug_abbrev  0x00002039      0x252 ./Drivers/STM32F4xx_HAL_Driver/Src/stm32f4xx_hal_adc.o
 .debug_abbrev  0x0000228b      0x328 ./Drivers/STM32F4xx_HAL_Driver/Src/stm32f4xx_hal_cortex.o
 .debug_abbrev  0x000025b3      0x264 ./Drivers/STM32F4xx_HAL_Driver/Src/stm32f4xx_hal_dma.o
 .debug_abbrev  0x00002817      0x1d4 ./Drivers/STM32F4xx_HAL_Driver/Src/stm32f4xx_hal_gpio.o
 .debug_abbrev  0x000029eb      0x2b6 ./Drivers/STM32F4xx_HAL_Driver/Src/stm32f4xx_hal_rcc.o
 .debug_abbrev  0x00002ca1      0x20a ./Drivers/STM32F4xx_HAL_Driver/Src/stm32f4xx_hal_rcc_ex.o
 .debug_abbrev  0x00002eab      0x284 ./Drivers/STM32F4xx_HAL_Driver/Src/stm32f4xx_hal_spi.o
 .debug_abbrev  0x0000312f      0x30e ./Drivers/STM32F4xx_HAL_Driver/Src/stm32f4xx_hal_uart.o

.debug_aranges  0x00000000     0x10b0
 .debug_aranges
                0x00000000       0x50 ./Core/Src/ILI9341/ILI9341_GFX.o
 .debug_aranges
                0x00000050       0x98 ./Core/Src/ILI9341/ILI9341_STM32_Driver.o
 .debug_aranges
                0x000000e8       0x40 ./Core/Src/MyHcsr04.o
 .debug_aranges
                0x00000128       0x28 ./Core/Src/MyRelay.o
 .debug_aranges
                0x00000150       0x90 ./Core/Src/main.o
 .debug_aranges
                0x000001e0       0x50 ./Core/Src/stm32f4xx_hal_msp.o
 .debug_aranges
                0x00000230       0x48 ./Core/Src/stm32f4xx_it.o
 .debug_aranges
                0x00000278       0x20 ./Core/Src/sysmem.o
 .debug_aranges
                0x00000298       0x28 ./Core/Src/system_stm32f4xx.o
 .debug_aranges
                0x000002c0       0x28 ./Core/Startup/startup_stm32f446retx.o
 .debug_aranges
                0x000002e8       0x40 ./Core/ThirdParty/FreeRTOS/Source/list.o
 .debug_aranges
                0x00000328      0x110 ./Core/ThirdParty/FreeRTOS/Source/queue.o
 .debug_aranges
                0x00000438      0x1f0 ./Core/ThirdParty/FreeRTOS/Source/tasks.o
 .debug_aranges
                0x00000628       0xe8 ./Core/ThirdParty/FreeRTOS/Source/timers.o
 .debug_aranges
                0x00000710       0x68 ./Core/ThirdParty/FreeRTOS/portable/heap_4.o
 .debug_aranges
                0x00000778       0x80 ./Core/ThirdParty/FreeRTOS/portable/port.o
 .debug_aranges
                0x000007f8       0xf0 ./Drivers/STM32F4xx_HAL_Driver/Src/stm32f4xx_hal.o
 .debug_aranges
                0x000008e8       0xe8 ./Drivers/STM32F4xx_HAL_Driver/Src/stm32f4xx_hal_adc.o
 .debug_aranges
                0x000009d0      0x120 ./Drivers/STM32F4xx_HAL_Driver/Src/stm32f4xx_hal_cortex.o
 .debug_aranges
                0x00000af0       0x90 ./Drivers/STM32F4xx_HAL_Driver/Src/stm32f4xx_hal_dma.o
 .debug_aranges
                0x00000b80       0x58 ./Drivers/STM32F4xx_HAL_Driver/Src/stm32f4xx_hal_gpio.o
 .debug_aranges
                0x00000bd8       0x88 ./Drivers/STM32F4xx_HAL_Driver/Src/stm32f4xx_hal_rcc.o
 .debug_aranges
                0x00000c60       0x78 ./Drivers/STM32F4xx_HAL_Driver/Src/stm32f4xx_hal_rcc_ex.o
 .debug_aranges
                0x00000cd8      0x1d0 ./Drivers/STM32F4xx_HAL_Driver/Src/stm32f4xx_hal_spi.o
 .debug_aranges
                0x00000ea8      0x208 ./Drivers/STM32F4xx_HAL_Driver/Src/stm32f4xx_hal_uart.o

.debug_rnglists
                0x00000000      0xce0
 .debug_rnglists
                0x00000000       0x3d ./Core/Src/ILI9341/ILI9341_GFX.o
 .debug_rnglists
                0x0000003d       0x75 ./Core/Src/ILI9341/ILI9341_STM32_Driver.o
 .debug_rnglists
                0x000000b2       0x2d ./Core/Src/MyHcsr04.o
 .debug_rnglists
                0x000000df       0x19 ./Core/Src/MyRelay.o
 .debug_rnglists
                0x000000f8       0x6e ./Core/Src/main.o
 .debug_rnglists
                0x00000166       0x3a ./Core/Src/stm32f4xx_hal_msp.o
 .debug_rnglists
                0x000001a0       0x31 ./Core/Src/stm32f4xx_it.o
 .debug_rnglists
                0x000001d1       0x13 ./Core/Src/sysmem.o
 .debug_rnglists
                0x000001e4       0x1a ./Core/Src/system_stm32f4xx.o
 .debug_rnglists
                0x000001fe       0x19 ./Core/Startup/startup_stm32f446retx.o
 .debug_rnglists
                0x00000217       0x2b ./Core/ThirdParty/FreeRTOS/Source/list.o
 .debug_rnglists
                0x00000242       0xd3 ./Core/ThirdParty/FreeRTOS/Source/queue.o
 .debug_rnglists
                0x00000315      0x19c ./Core/ThirdParty/FreeRTOS/Source/tasks.o
 .debug_rnglists
                0x000004b1       0xae ./Core/ThirdParty/FreeRTOS/Source/timers.o
 .debug_rnglists
                0x0000055f       0x4e ./Core/ThirdParty/FreeRTOS/portable/heap_4.o
 .debug_rnglists
                0x000005ad       0x5d ./Core/ThirdParty/FreeRTOS/portable/port.o
 .debug_rnglists
                0x0000060a       0xaf ./Drivers/STM32F4xx_HAL_Driver/Src/stm32f4xx_hal.o
 .debug_rnglists
                0x000006b9       0xb5 ./Drivers/STM32F4xx_HAL_Driver/Src/stm32f4xx_hal_adc.o
 .debug_rnglists
                0x0000076e       0xd4 ./Drivers/STM32F4xx_HAL_Driver/Src/stm32f4xx_hal_cortex.o
 .debug_rnglists
                0x00000842       0x70 ./Drivers/STM32F4xx_HAL_Driver/Src/stm32f4xx_hal_dma.o
 .debug_rnglists
                0x000008b2       0x3f ./Drivers/STM32F4xx_HAL_Driver/Src/stm32f4xx_hal_gpio.o
 .debug_rnglists
                0x000008f1       0x66 ./Drivers/STM32F4xx_HAL_Driver/Src/stm32f4xx_hal_rcc.o
 .debug_rnglists
                0x00000957       0x5e ./Drivers/STM32F4xx_HAL_Driver/Src/stm32f4xx_hal_rcc_ex.o
 .debug_rnglists
                0x000009b5      0x16f ./Drivers/STM32F4xx_HAL_Driver/Src/stm32f4xx_hal_spi.o
 .debug_rnglists
                0x00000b24      0x1bc ./Drivers/STM32F4xx_HAL_Driver/Src/stm32f4xx_hal_uart.o

.debug_macro    0x00000000    0x25a68
 .debug_macro   0x00000000      0x27b ./Core/Src/ILI9341/ILI9341_GFX.o
 .debug_macro   0x0000027b      0xad8 ./Core/Src/ILI9341/ILI9341_GFX.o
 .debug_macro   0x00000d53      0x2a1 ./Core/Src/ILI9341/ILI9341_GFX.o
 .debug_macro   0x00000ff4       0x2e ./Core/Src/ILI9341/ILI9341_GFX.o
 .debug_macro   0x00001022       0x28 ./Core/Src/ILI9341/ILI9341_GFX.o
 .debug_macro   0x0000104a       0x22 ./Core/Src/ILI9341/ILI9341_GFX.o
 .debug_macro   0x0000106c       0x8e ./Core/Src/ILI9341/ILI9341_GFX.o
 .debug_macro   0x000010fa       0x51 ./Core/Src/ILI9341/ILI9341_GFX.o
 .debug_macro   0x0000114b      0x103 ./Core/Src/ILI9341/ILI9341_GFX.o
 .debug_macro   0x0000124e       0x6a ./Core/Src/ILI9341/ILI9341_GFX.o
 .debug_macro   0x000012b8      0x1df ./Core/Src/ILI9341/ILI9341_GFX.o
 .debug_macro   0x00001497       0x1c ./Core/Src/ILI9341/ILI9341_GFX.o
 .debug_macro   0x000014b3       0x22 ./Core/Src/ILI9341/ILI9341_GFX.o
 .debug_macro   0x000014d5       0xfb ./Core/Src/ILI9341/ILI9341_GFX.o
 .debug_macro   0x000015d0     0x1011 ./Core/Src/ILI9341/ILI9341_GFX.o
 .debug_macro   0x000025e1      0x11f ./Core/Src/ILI9341/ILI9341_GFX.o
 .debug_macro   0x00002700    0x16749 ./Core/Src/ILI9341/ILI9341_GFX.o
 .debug_macro   0x00018e49       0x6d ./Core/Src/ILI9341/ILI9341_GFX.o
 .debug_macro   0x00018eb6     0x368c ./Core/Src/ILI9341/ILI9341_GFX.o
 .debug_macro   0x0001c542      0x190 ./Core/Src/ILI9341/ILI9341_GFX.o
 .debug_macro   0x0001c6d2       0x5c ./Core/Src/ILI9341/ILI9341_GFX.o
 .debug_macro   0x0001c72e      0xca5 ./Core/Src/ILI9341/ILI9341_GFX.o
 .debug_macro   0x0001d3d3      0x9e9 ./Core/Src/ILI9341/ILI9341_GFX.o
 .debug_macro   0x0001ddbc      0x115 ./Core/Src/ILI9341/ILI9341_GFX.o
 .debug_macro   0x0001ded1      0x1a0 ./Core/Src/ILI9341/ILI9341_GFX.o
 .debug_macro   0x0001e071       0xa5 ./Core/Src/ILI9341/ILI9341_GFX.o
 .debug_macro   0x0001e116      0x16d ./Core/Src/ILI9341/ILI9341_GFX.o
 .debug_macro   0x0001e283      0x287 ./Core/Src/ILI9341/ILI9341_GFX.o
 .debug_macro   0x0001e50a       0x5f ./Core/Src/ILI9341/ILI9341_GFX.o
 .debug_macro   0x0001e569      0x236 ./Core/Src/ILI9341/ILI9341_GFX.o
 .debug_macro   0x0001e79f      0xb5b ./Core/Src/ILI9341/ILI9341_GFX.o
 .debug_macro   0x0001f2fa      0x38b ./Core/Src/ILI9341/ILI9341_GFX.o
 .debug_macro   0x0001f685      0x17d ./Core/Src/ILI9341/ILI9341_GFX.o
 .debug_macro   0x0001f802       0xf9 ./Core/Src/ILI9341/ILI9341_GFX.o
 .debug_macro   0x0001f8fb      0x132 ./Core/Src/ILI9341/ILI9341_GFX.o
 .debug_macro   0x0001fa2d      0x29c ./Core/Src/ILI9341/ILI9341_GFX.o
 .debug_macro   0x0001fcc9       0x2e ./Core/Src/ILI9341/ILI9341_GFX.o
 .debug_macro   0x0001fcf7      0x127 ./Core/Src/ILI9341/ILI9341_GFX.o
 .debug_macro   0x0001fe1e       0xe8 ./Core/Src/ILI9341/ILI9341_GFX.o
 .debug_macro   0x0001ff06       0x89 ./Core/Src/ILI9341/ILI9341_GFX.o
 .debug_macro   0x0001ff8f      0x225 ./Core/Src/ILI9341/ILI9341_GFX.o
 .debug_macro   0x000201b4      0x2aa ./Core/Src/ILI9341/ILI9341_GFX.o
 .debug_macro   0x0002045e      0x126 ./Core/Src/ILI9341/ILI9341_GFX.o
 .debug_macro   0x00020584       0x70 ./Core/Src/ILI9341/ILI9341_GFX.o
 .debug_macro   0x000205f4       0x16 ./Core/Src/ILI9341/ILI9341_GFX.o
 .debug_macro   0x0002060a       0xe2 ./Core/Src/ILI9341/ILI9341_GFX.o
 .debug_macro   0x000206ec       0x22 ./Core/Src/ILI9341/ILI9341_GFX.o
 .debug_macro   0x0002070e      0x182 ./Core/Src/ILI9341/ILI9341_GFX.o
 .debug_macro   0x00020890       0xee ./Core/Src/ILI9341/ILI9341_GFX.o
 .debug_macro   0x0002097e       0x2e ./Core/Src/ILI9341/ILI9341_GFX.o
 .debug_macro   0x000209ac       0x1f ./Core/Src/ILI9341/ILI9341_GFX.o
 .debug_macro   0x000209cb       0x12 ./Core/Src/ILI9341/ILI9341_GFX.o
 .debug_macro   0x000209dd     0x1119 ./Core/Src/ILI9341/ILI9341_GFX.o
 .debug_macro   0x00021af6       0xc9 ./Core/Src/ILI9341/ILI9341_GFX.o
 .debug_macro   0x00021bbf       0x16 ./Core/Src/ILI9341/ILI9341_GFX.o
 .debug_macro   0x00021bd5       0x16 ./Core/Src/ILI9341/ILI9341_GFX.o
 .debug_macro   0x00021beb      0x281 ./Core/Src/ILI9341/ILI9341_STM32_Driver.o
 .debug_macro   0x00021e6c       0xc3 ./Core/Src/ILI9341/ILI9341_STM32_Driver.o
 .debug_macro   0x00021f2f      0x14f ./Core/Src/ILI9341/ILI9341_STM32_Driver.o
 .debug_macro   0x0002207e      0x169 ./Core/Src/MyHcsr04.o
 .debug_macro   0x000221e7       0x80 ./Core/Src/MyHcsr04.o
 .debug_macro   0x00022267       0x77 ./Core/Src/MyHcsr04.o
 .debug_macro   0x000222de       0xc9 ./Core/Src/MyRelay.o
 .debug_macro   0x000223a7      0x3de ./Core/Src/main.o
 .debug_macro   0x00022785       0xcf ./Core/Src/main.o
 .debug_macro   0x00022854       0x61 ./Core/Src/main.o
 .debug_macro   0x000228b5       0x2a ./Core/Src/main.o
 .debug_macro   0x000228df       0x43 ./Core/Src/main.o
 .debug_macro   0x00022922       0x34 ./Core/Src/main.o
 .debug_macro   0x00022956       0x16 ./Core/Src/main.o
 .debug_macro   0x0002296c       0x3c ./Core/Src/main.o
 .debug_macro   0x000229a8      0x370 ./Core/Src/main.o
 .debug_macro   0x00022d18       0x10 ./Core/Src/main.o
 .debug_macro   0x00022d28       0x16 ./Core/Src/main.o
 .debug_macro   0x00022d3e       0x4a ./Core/Src/main.o
 .debug_macro   0x00022d88       0x34 ./Core/Src/main.o
 .debug_macro   0x00022dbc       0x10 ./Core/Src/main.o
 .debug_macro   0x00022dcc       0x58 ./Core/Src/main.o
 .debug_macro   0x00022e24       0x8e ./Core/Src/main.o
 .debug_macro   0x00022eb2       0x1c ./Core/Src/main.o
 .debug_macro   0x00022ece      0x185 ./Core/Src/main.o
 .debug_macro   0x00023053       0x16 ./Core/Src/main.o
 .debug_macro   0x00023069       0x16 ./Core/Src/main.o
 .debug_macro   0x0002307f      0x146 ./Core/Src/main.o
 .debug_macro   0x000231c5       0x16 ./Core/Src/main.o
 .debug_macro   0x000231db       0x20 ./Core/Src/main.o
 .debug_macro   0x000231fb      0x1fb ./Core/Src/stm32f4xx_hal_msp.o
 .debug_macro   0x000233f6      0x205 ./Core/Src/stm32f4xx_it.o
 .debug_macro   0x000235fb      0x112 ./Core/Src/sysmem.o
 .debug_macro   0x0002370d      0x23c ./Core/Src/sysmem.o
 .debug_macro   0x00023949      0x1ec ./Core/Src/system_stm32f4xx.o
 .debug_macro   0x00023b35      0x1a2 ./Core/ThirdParty/FreeRTOS/Source/list.o
 .debug_macro   0x00023cd7      0x239 ./Core/ThirdParty/FreeRTOS/Source/queue.o
 .debug_macro   0x00023f10      0x2bf ./Core/ThirdParty/FreeRTOS/Source/tasks.o
 .debug_macro   0x000241cf       0x17 ./Core/ThirdParty/FreeRTOS/Source/tasks.o
 .debug_macro   0x000241e6      0x1f1 ./Core/ThirdParty/FreeRTOS/Source/timers.o
 .debug_macro   0x000243d7       0x9e ./Core/ThirdParty/FreeRTOS/Source/timers.o
 .debug_macro   0x00024475      0x237 ./Core/ThirdParty/FreeRTOS/portable/heap_4.o
 .debug_macro   0x000246ac      0x1cf ./Core/ThirdParty/FreeRTOS/portable/port.o
 .debug_macro   0x0002487b      0x24c ./Drivers/STM32F4xx_HAL_Driver/Src/stm32f4xx_hal.o
 .debug_macro   0x00024ac7      0x1ed ./Drivers/STM32F4xx_HAL_Driver/Src/stm32f4xx_hal_adc.o
 .debug_macro   0x00024cb4      0x1ec ./Drivers/STM32F4xx_HAL_Driver/Src/stm32f4xx_hal_cortex.o
 .debug_macro   0x00024ea0      0x1f2 ./Drivers/STM32F4xx_HAL_Driver/Src/stm32f4xx_hal_dma.o
 .debug_macro   0x00025092      0x1f2 ./Drivers/STM32F4xx_HAL_Driver/Src/stm32f4xx_hal_gpio.o
 .debug_macro   0x00025284      0x210 ./Drivers/STM32F4xx_HAL_Driver/Src/stm32f4xx_hal_rcc.o
 .debug_macro   0x00025494      0x1ec ./Drivers/STM32F4xx_HAL_Driver/Src/stm32f4xx_hal_rcc_ex.o
 .debug_macro   0x00025680      0x1fb ./Drivers/STM32F4xx_HAL_Driver/Src/stm32f4xx_hal_spi.o