Archive member included to satisfy reference by file (symbol)

C:/Users/pc/Documents/STM32CubeIDE_1.19.0/STM32CubeIDE/plugins/com.st.stm32cube.ide.mcu.externaltools.gnu-tools-for-stm32.13.3.rel1.win32_1.0.0.202411081344/tools/bin/../lib/gcc/arm-none-eabi/13.3.1/../../../../arm-none-eabi/lib/thumb/v7e-m+fp/hard\libc_nano.a(libc_a-exit.o)
                              C:/Users/pc/Documents/STM32CubeIDE_1.19.0/STM32CubeIDE/plugins/com.st.stm32cube.ide.mcu.externaltools.gnu-tools-for-stm32.13.3.rel1.win32_1.0.0.202411081344/tools/bin/../lib/gcc/arm-none-eabi/13.3.1/../../../../arm-none-eabi/lib/thumb/v7e-m+fp/hard/crt0.o (exit)
C:/Users/pc/Documents/STM32CubeIDE_1.19.0/STM32CubeIDE/plugins/com.st.stm32cube.ide.mcu.externaltools.gnu-tools-for-stm32.13.3.rel1.win32_1.0.0.202411081344/tools/bin/../lib/gcc/arm-none-eabi/13.3.1/../../../../arm-none-eabi/lib/thumb/v7e-m+fp/hard\libc_nano.a(libc_a-findfp.o)
                              C:/Users/pc/Documents/STM32CubeIDE_1.19.0/STM32CubeIDE/plugins/com.st.stm32cube.ide.mcu.externaltools.gnu-tools-for-stm32.13.3.rel1.win32_1.0.0.202411081344/tools/bin/../lib/gcc/arm-none-eabi/13.3.1/../../../../arm-none-eabi/lib/thumb/v7e-m+fp/hard\libc_nano.a(libc_a-exit.o) (__stdio_exit_handler)
C:/Users/pc/Documents/STM32CubeIDE_1.19.0/STM32CubeIDE/plugins/com.st.stm32cube.ide.mcu.externaltools.gnu-tools-for-stm32.13.3.rel1.win32_1.0.0.202411081344/tools/bin/../lib/gcc/arm-none-eabi/13.3.1/../../../../arm-none-eabi/lib/thumb/v7e-m+fp/hard\libc_nano.a(libc_a-fwalk.o)
                              C:/Users/pc/Documents/STM32CubeIDE_1.19.0/STM32CubeIDE/plugins/com.st.stm32cube.ide.mcu.externaltools.gnu-tools-for-stm32.13.3.rel1.win32_1.0.0.202411081344/tools/bin/../lib/gcc/arm-none-eabi/13.3.1/../../../../arm-none-eabi/lib/thumb/v7e-m+fp/hard\libc_nano.a(libc_a-findfp.o) (_fwalk_sglue)
C:/Users/pc/Documents/STM32CubeIDE_1.19.0/STM32CubeIDE/plugins/com.st.stm32cube.ide.mcu.externaltools.gnu-tools-for-stm32.13.3.rel1.win32_1.0.0.202411081344/tools/bin/../lib/gcc/arm-none-eabi/13.3.1/../../../../arm-none-eabi/lib/thumb/v7e-m+fp/hard\libc_nano.a(libc_a-stdio.o)
                              C:/Users/pc/Documents/STM32CubeIDE_1.19.0/STM32CubeIDE/plugins/com.st.stm32cube.ide.mcu.externaltools.gnu-tools-for-stm32.13.3.rel1.win32_1.0.0.202411081344/tools/bin/../lib/gcc/arm-none-eabi/13.3.1/../../../../arm-none-eabi/lib/thumb/v7e-m+fp/hard\libc_nano.a(libc_a-findfp.o) (__sread)
C:/Users/pc/Documents/STM32CubeIDE_1.19.0/STM32CubeIDE/plugins/com.st.stm32cube.ide.mcu.externaltools.gnu-tools-for-stm32.13.3.rel1.win32_1.0.0.202411081344/tools/bin/../lib/gcc/arm-none-eabi/13.3.1/../../../../arm-none-eabi/lib/thumb/v7e-m+fp/hard\libc_nano.a(libc_a-memset.o)
                              C:/Users/pc/Documents/STM32CubeIDE_1.19.0/STM32CubeIDE/plugins/com.st.stm32cube.ide.mcu.externaltools.gnu-tools-for-stm32.13.3.rel1.win32_1.0.0.202411081344/tools/bin/../lib/gcc/arm-none-eabi/13.3.1/../../../../arm-none-eabi/lib/thumb/v7e-m+fp/hard/crt0.o (memset)
C:/Users/pc/Documents/STM32CubeIDE_1.19.0/STM32CubeIDE/plugins/com.st.stm32cube.ide.mcu.externaltools.gnu-tools-for-stm32.13.3.rel1.win32_1.0.0.202411081344/tools/bin/../lib/gcc/arm-none-eabi/13.3.1/../../../../arm-none-eabi/lib/thumb/v7e-m+fp/hard\libc_nano.a(libc_a-closer.o)
                              C:/Users/pc/Documents/STM32CubeIDE_1.19.0/STM32CubeIDE/plugins/com.st.stm32cube.ide.mcu.externaltools.gnu-tools-for-stm32.13.3.rel1.win32_1.0.0.202411081344/tools/bin/../lib/gcc/arm-none-eabi/13.3.1/../../../../arm-none-eabi/lib/thumb/v7e-m+fp/hard\libc_nano.a(libc_a-stdio.o) (_close_r)
C:/Users/pc/Documents/STM32CubeIDE_1.19.0/STM32CubeIDE/plugins/com.st.stm32cube.ide.mcu.externaltools.gnu-tools-for-stm32.13.3.rel1.win32_1.0.0.202411081344/tools/bin/../lib/gcc/arm-none-eabi/13.3.1/../../../../arm-none-eabi/lib/thumb/v7e-m+fp/hard\libc_nano.a(libc_a-reent.o)
                              C:/Users/pc/Documents/STM32CubeIDE_1.19.0/STM32CubeIDE/plugins/com.st.stm32cube.ide.mcu.externaltools.gnu-tools-for-stm32.13.3.rel1.win32_1.0.0.202411081344/tools/bin/../lib/gcc/arm-none-eabi/13.3.1/../../../../arm-none-eabi/lib/thumb/v7e-m+fp/hard\libc_nano.a(libc_a-closer.o) (errno)
C:/Users/pc/Documents/STM32CubeIDE_1.19.0/STM32CubeIDE/plugins/com.st.stm32cube.ide.mcu.externaltools.gnu-tools-for-stm32.13.3.rel1.win32_1.0.0.202411081344/tools/bin/../lib/gcc/arm-none-eabi/13.3.1/../../../../arm-none-eabi/lib/thumb/v7e-m+fp/hard\libc_nano.a(libc_a-impure.o)
                              C:/Users/pc/Documents/STM32CubeIDE_1.19.0/STM32CubeIDE/plugins/com.st.stm32cube.ide.mcu.externaltools.gnu-tools-for-stm32.13.3.rel1.win32_1.0.0.202411081344/tools/bin/../lib/gcc/arm-none-eabi/13.3.1/../../../../arm-none-eabi/lib/thumb/v7e-m+fp/hard\libc_nano.a(libc_a-reent.o) (_impure_ptr)
[...]
Memory Configuration

Name             Origin             Length             Attributes
RAM              0x20000000         0x00020000         xrw
FLASH            0x08000000         0x00080000         xr
*default*        0x00000000         0xffffffff

Linker script and memory map

LOAD C:/Users/pc/Documents/STM32CubeIDE_1.19.0/STM32CubeIDE/plugins/com.st.stm32cube.ide.mcu.externaltools.gnu-tools-for-stm32.13.3.rel1.win32_1.0.0.202411081344/tools/bin/../lib/gcc/arm-none-eabi/13.3.1/thumb/v7e-m+fp/hard/crti.o
LOAD C:/Users/pc/Documents/STM32CubeIDE_1.19.0/STM32CubeIDE/plugins/com.st.stm32cube.ide.mcu.externaltools.gnu-tools-for-stm32.13.3.rel1.win32_1.0.0.202411081344/tools/bin/../lib/gcc/arm-none-eabi/13.3.1/thumb/v7e-m+fp/hard/crtbegin.o
LOAD C:/Users/pc/Documents/STM32CubeIDE_1.19.0/STM32CubeIDE/plugins/com.st.stm32cube.ide.mcu.externaltools.gnu-tools-for-stm32.13.3.rel1.win32_1.0.0.202411081344/tools/bin/../lib/gcc/arm-none-eabi/13.3.1/../../../../arm-none-eabi/lib/thumb/v7e-m+fp/hard/crt0.o
LOAD ./Core/Src/MyAdc.o
LOAD ./Core/Src/MyHcsr04.o
LOAD ./Core/Src/MyPwm.o
LOAD ./Core/Src/MyRelay.o
LOAD ./Core/Src/MySpi.o
LOAD ./Core/Src/main.o
LOAD ./Core/Src/myUSART2.o
LOAD ./Core/Src/stm32f4xx_hal_msp.o
LOAD ./Core/Src/stm32f4xx_it.o
LOAD ./Core/Src/syscalls.o
LOAD ./Core/Src/sysmem.o
LOAD ./Core/Src/system_stm32f4xx.o
LOAD ./Core/Startup/startup_stm32f446retx.o
LOAD ./Core/ThirdParty/FreeRTOS/Source/croutine.o
LOAD ./Core/ThirdParty/FreeRTOS/Source/event_groups.o
LOAD ./Core/ThirdParty/FreeRTOS/Source/list.o
LOAD ./Core/ThirdParty/FreeRTOS/Source/queue.o
LOAD ./Core/ThirdParty/FreeRTOS/Source/stream_buffer.o
LOAD ./Core/ThirdParty/FreeRTOS/Source/tasks.o
LOAD ./Core/ThirdParty/FreeRTOS/Source/timers.o
LOAD ./Core/ThirdParty/FreeRTOS/portable/heap_4.o
LOAD ./Core/ThirdParty/FreeRTOS/portable/port.o
LOAD ./Drivers/STM32F4xx_HAL_Driver/Src/stm32f4xx_hal.o
LOAD ./Drivers/STM32F4xx_HAL_Driver/Src/stm32f4xx_hal_adc.o
LOAD ./Drivers/STM32F4xx_HAL_Driver/Src/stm32f4xx_hal_adc_ex.o
LOAD ./Drivers/STM32F4xx_HAL_Driver/Src/stm32f4xx_hal_cortex.o
LOAD ./Drivers/STM32F4xx_HAL_Driver/Src/stm32f4xx_hal_dma.o
LOAD ./Drivers/STM32F4xx_HAL_Driver/Src/stm32f4xx_hal_dma_ex.o
LOAD ./Drivers/STM32F4xx_HAL_Driver/Src/stm32f4xx_hal_exti.o
LOAD ./Drivers/STM32F4xx_HAL_Driver/Src/stm32f4xx_hal_flash.o
LOAD ./Drivers/STM32F4xx_HAL_Driver/Src/stm32f4xx_hal_flash_ex.o
LOAD ./Drivers/STM32F4xx_HAL_Driver/Src/stm32f4xx_hal_flash_ramfunc.o
LOAD ./Drivers/STM32F4xx_HAL_Driver/Src/stm32f4xx_hal_gpio.o
LOAD ./Drivers/STM32F4xx_HAL_Driver/Src/stm32f4xx_hal_pwr.o
LOAD ./Drivers/STM32F4xx_HAL_Driver/Src/stm32f4xx_hal_pwr_ex.o
LOAD ./Drivers/STM32F4xx_HAL_Driver/Src/stm32f4xx_hal_rcc.o
LOAD ./Drivers/STM32F4xx_HAL_Driver/Src/stm32f4xx_hal_rcc_ex.o
LOAD ./Drivers/STM32F4xx_HAL_Driver/Src/stm32f4xx_hal_uart.o
LOAD ./Drivers/STM32F4xx_HAL_Driver/Src/stm32f4xx_ll_adc.o
START GROUP
LOAD C:/Users/pc/Documents/STM32CubeIDE_1.19.0/STM32CubeIDE/plugins/com.st.stm32cube.ide.mcu.externaltools.gnu-tools-for-stm32.13.3.rel1.win32_1.0.0.202411081344/tools/bin/../lib/gcc/arm-none-eabi/13.3.1/../../../../arm-none-eabi/lib/thumb/v7e-m+fp/hard\libc_nano.a
LOAD C:/Users/pc/Documents/STM32CubeIDE_1.19.0/STM32CubeIDE/plugins/com.st.stm32cube.ide.mcu.externaltools.gnu-tools-for-stm32.13.3.rel1.win32_1.0.0.202411081344/tools/bin/../lib/gcc/arm-none-eabi/13.3.1/../../../../arm-none-eabi/lib/thumb/v7e-m+fp/hard\libm.a
END GROUP
START GROUP
LOAD C:/Users/pc/Documents/STM32CubeIDE_1.19.0/STM32CubeIDE/plugins/com.st.stm32cube.ide.mcu.externaltools.gnu-tools-for-stm32.13.3.rel1.win32_1.0.0.202411081344/tools/bin/../lib/gcc/arm-none-eabi/13.3.1/thumb/v7e-m+fp/hard\libgcc.a
LOAD C:/Users/pc/Documents/STM32CubeIDE_1.19.0/STM32CubeIDE/plugins/com.st.stm32cube.ide.mcu.externaltools.gnu-tools-for-stm32.13.3.rel1.win32_1.0.0.202411081344/tools/bin/../lib/gcc/arm-none-eabi/13.3.1/../../../../arm-none-eabi/lib/thumb/v7e-m+fp/hard\libc_nano.a
END GROUP
START GROUP
LOAD C:/Users/pc/Documents/STM32CubeIDE_1.19.0/STM32CubeIDE/plugins/com.st.stm32cube.ide.mcu.externaltools.gnu-tools-for-stm32.13.3.rel1.win32_1.0.0.202411081344/tools/bin/../lib/gcc/arm-none-eabi/13.3.1/thumb/v7e-m+fp/hard\libgcc.a
LOAD C:/Users/pc/Documents/STM32CubeIDE_1.19.0/STM32CubeIDE/plugins/com.st.stm32cube.ide.mcu.externaltools.gnu-tools-for-stm32.13.3.rel1.win32_1.0.0.202411081344/tools/bin/../lib/gcc/arm-none-eabi/13.3.1/../../../../arm-none-eabi/lib/thumb/v7e-m+fp/hard\libc_nano.a
LOAD C:/Users/pc/Documents/STM32CubeIDE_1.19.0/STM32CubeIDE/plugins/com.st.stm32cube.ide.mcu.externaltools.gnu-tools-for-stm32.13.3.rel1.win32_1.0.0.202411081344/tools/bin/../lib/gcc/arm-none-eabi/13.3.1/../../../../arm-none-eabi/lib/thumb/v7e-m+fp/hard\libnosys.a
END GROUP
START GROUP
LOAD C:/Users/pc/Documents/STM32CubeIDE_1.19.0/STM32CubeIDE/plugins/com.st.stm32cube.ide.mcu.externaltools.gnu-tools-for-stm32.13.3.rel1.win32_1.0.0.202411081344/tools/bin/../lib/gcc/arm-none-eabi/13.3.1/thumb/v7e-m+fp/hard\libgcc.a
LOAD C:/Users/pc/Documents/STM32CubeIDE_1.19.0/STM32CubeIDE/plugins/com.st.stm32cube.ide.mcu.externaltools.gnu-tools-for-stm32.13.3.rel1.win32_1.0.0.202411081344/tools/bin/../lib/gcc/arm-none-eabi/13.3.1/../../../../arm-none-eabi/lib/thumb/v7e-m+fp/hard\libc_nano.a
LOAD C:/Users/pc/Documents/STM32CubeIDE_1.19.0/STM32CubeIDE/plugins/com.st.stm32cube.ide.mcu.externaltools.gnu-tools-for-stm32.13.3.rel1.win32_1.0.0.202411081344/tools/bin/../lib/gcc/arm-none-eabi/13.3.1/../../../../arm-none-eabi/lib/thumb/v7e-m+fp/hard\libnosys.a
END GROUP
LOAD C:/Users/pc/Documents/STM32CubeIDE_1.19.0/STM32CubeIDE/plugins/com.st.stm32cube.ide.mcu.externaltools.gnu-tools-for-stm32.13.3.rel1.win32_1.0.0.202411081344/tools/bin/../lib/gcc/arm-none-eabi/13.3.1/thumb/v7e-m+fp/hard/crtend.o
LOAD C:/Users/pc/Documents/STM32CubeIDE_1.19.0/STM32CubeIDE/plugins/com.st.stm32cube.ide.mcu.externaltools.gnu-tools-for-stm32.13.3.rel1.win32_1.0.0.202411081344/tools/bin/../lib/gcc/arm-none-eabi/13.3.1/thumb/v7e-m+fp/hard/crtn.o
                0x20020000                        _estack = (ORIGIN (RAM) + LENGTH (RAM))
                0x00000200                        _Min_Heap_Size = 0x200
                0x00000400                        _Min_Stack_Size = 0x400

.isr_vector     0x08000000      0x1c4
                0x08000000                        . = ALIGN (0x4)
 *(.isr_vector)
 .isr_vector    0x08000000      0x1c4 ./Core/Startup/startup_stm32f446retx.o
                0x08000000                g_pfnVectors
                0x080001c4                        . = ALIGN (0x4)

.text           0x080001d0     0x5934
                0x080001d0                        . = ALIGN (0x4)
 *(.text)
 .text          0x080001d0       0x40 C:/Users/pc/Documents/STM32CubeIDE_1.19.0/STM32CubeIDE/plugins/com.st.stm32cube.ide.mcu.externaltools.gnu-tools-for-stm32.13.3.rel1.win32_1.0.0.202411081344/tools/bin/../lib/gcc/arm-none-eabi/13.3.1/thumb/v7e-m+fp/hard/crtbegin.o
 .text          0x08000210       0x30 C:/Users/pc/Documents/STM32CubeIDE_1.19.0/STM32CubeIDE/plugins/com.st.stm32cube.ide.mcu.externaltools.gnu-tools-for-stm32.13.3.rel1.win32_1.0.0.202411081344/tools/bin/../lib/gcc/arm-none-eabi/13.3.1/thumb/v7e-m+fp/hard\libgcc.a(_aeabi_uldivmod.o)
                0x08000210                __aeabi_uldivmod
 .text          0x08000240      0x2f8 C:/Users/pc/Documents/STM32CubeIDE_1.19.0/STM32CubeIDE/plugins/com.st.stm32cube.ide.mcu.externaltools.gnu-tools-for-stm32.13.3.rel1.win32_1.0.0.202411081344/tools/bin/../lib/gcc/arm-none-eabi/13.3.1/thumb/v7e-m+fp/hard\libgcc.a(_udivmoddi4.o)
                0x08000240                __udivmoddi4
 .text          0x08000538        0x4 C:/Users/pc/Documents/STM32CubeIDE_1.19.0/STM32CubeIDE/plugins/com.st.stm32cube.ide.mcu.externaltools.gnu-tools-for-stm32.13.3.rel1.win32_1.0.0.202411081344/tools/bin/../lib/gcc/arm-none-eabi/13.3.1/thumb/v7e-m+fp/hard\libgcc.a(_dvmd_tls.o)
                0x08000538                __aeabi_idiv0
                0x08000538                __aeabi_ldiv0
 *(.text*)
 .text.TIM1_CC_IRQHandler
                0x0800053c       0xa0 ./Core/Src/MyHcsr04.o
                0x0800053c                TIM1_CC_IRQHandler
 .text.__NVIC_SetPriorityGrouping
                0x080005dc       0x48 ./Core/Src/main.o
 .text.main     0x08000624       0x8c ./Core/Src/main.o
                0x08000624                main
 .text.SystemClock_Config
                0x080006b0       0xd8 ./Core/Src/main.o
                0x080006b0                SystemClock_Config
 .text.MX_ADC1_Init
                0x08000788      0x18c ./Core/Src/main.o
 .text.MX_USART2_UART_Init
                0x08000914       0x54 ./Core/Src/main.o
 .text.MX_GPIO_Init
                0x08000968      0x130 ./Core/Src/main.o
 .text.xTaskReadADC
                0x08000a98       0x4c ./Core/Src/main.o
                0x08000a98                xTaskReadADC
 .text.Error_Handler
                0x08000ae4        0xc ./Core/Src/main.o
                0x08000ae4                Error_Handler
 .text.HAL_MspInit
                0x08000af0       0x50 ./Core/Src/stm32f4xx_hal_msp.o
                0x08000af0                HAL_MspInit
 .text.HAL_ADC_MspInit
                0x08000b40       0x88 ./Core/Src/stm32f4xx_hal_msp.o
                0x08000b40                HAL_ADC_MspInit
 .text.HAL_UART_MspInit
                0x08000bc8       0x90 ./Core/Src/stm32f4xx_hal_msp.o
                0x08000bc8                HAL_UART_MspInit
 .text.NMI_Handler
                0x08000c58        0x8 ./Core/Src/stm32f4xx_it.o
                0x08000c58                NMI_Handler
 .text.HardFault_Handler
                0x08000c60        0x8 ./Core/Src/stm32f4xx_it.o
                0x08000c60                HardFault_Handler
 .text.MemManage_Handler
                0x08000c68        0x8 ./Core/Src/stm32f4xx_it.o
                0x08000c68                MemManage_Handler
 .text.BusFault_Handler
                0x08000c70        0x8 ./Core/Src/stm32f4xx_it.o
                0x08000c70                BusFault_Handler
 .text.UsageFault_Handler
                0x08000c78        0x8 ./Core/Src/stm32f4xx_it.o
                0x08000c78                UsageFault_Handler
 .text.DebugMon_Handler
                0x08000c80        0xe ./Core/Src/stm32f4xx_it.o
                0x08000c80                DebugMon_Handler
 *fill*         0x08000c8e        0x2 
 .text.SystemInit
                0x08000c90       0x24 ./Core/Src/system_stm32f4xx.o
                0x08000c90                SystemInit
 .text.Reset_Handler
                0x08000cb4       0x50 ./Core/Startup/startup_stm32f446retx.o
                0x08000cb4                Reset_Handler
 .text.Default_Handler
                0x08000d04        0x2 ./Core/Startup/startup_stm32f446retx.o
                0x08000d04                RTC_Alarm_IRQHandler
                0x08000d04                EXTI2_IRQHandler
                0x08000d04                TIM8_CC_IRQHandler
                0x08000d04                FMPI2C1_EV_IRQHandler
                0x08000d04                SPI4_IRQHandler
                0x08000d04                DMA2_Stream5_IRQHandler
                0x08000d04                DMA1_Stream5_IRQHandler
                0x08000d04                PVD_IRQHandler
                0x08000d04                SDIO_IRQHandler
                0x08000d04                TAMP_STAMP_IRQHandler
                0x08000d04                CAN2_RX1_IRQHandler
                0x08000d04                EXTI3_IRQHandler
                0x08000d04                TIM8_TRG_COM_TIM14_IRQHandler
                0x08000d04                TIM1_UP_TIM10_IRQHandler
                0x08000d04                TIM8_UP_TIM13_IRQHandler
                0x08000d04                I2C3_ER_IRQHandler
                0x08000d04                EXTI0_IRQHandler
                0x08000d04                I2C2_EV_IRQHandler
                0x08000d04                DMA1_Stream2_IRQHandler
                0x08000d04                CAN1_RX0_IRQHandler
                0x08000d04                FPU_IRQHandler
                0x08000d04                OTG_HS_WKUP_IRQHandler
                0x08000d04                CAN2_SCE_IRQHandler
                0x08000d04                DMA2_Stream2_IRQHandler
                0x08000d04                SPI1_IRQHandler
                0x08000d04                TIM6_DAC_IRQHandler
                0x08000d04                TIM1_BRK_TIM9_IRQHandler
                0x08000d04                DCMI_IRQHandler
                0x08000d04                CAN2_RX0_IRQHandler
                0x08000d04                DMA2_Stream3_IRQHandler
                0x08000d04                SAI2_IRQHandler
                0x08000d04                USART6_IRQHandler
                0x08000d04                USART3_IRQHandler
                0x08000d04                CAN1_RX1_IRQHandler
                0x08000d04                UART5_IRQHandler
                0x08000d04                DMA2_Stream0_IRQHandler
                0x08000d04                TIM4_IRQHandler
                0x08000d04                QUADSPI_IRQHandler
                0x08000d04                I2C1_EV_IRQHandler
                0x08000d04                DMA1_Stream6_IRQHandler
                0x08000d04                DMA1_Stream1_IRQHandler
                0x08000d04                UART4_IRQHandler
                0x08000d04                TIM3_IRQHandler
                0x08000d04                RCC_IRQHandler
                0x08000d04                TIM8_BRK_TIM12_IRQHandler
                0x08000d04                Default_Handler
                0x08000d04                CEC_IRQHandler
                0x08000d04                EXTI15_10_IRQHandler
                0x08000d04                ADC_IRQHandler
                0x08000d04                DMA1_Stream7_IRQHandler
                0x08000d04                TIM7_IRQHandler
                0x08000d04                CAN2_TX_IRQHandler
                0x08000d04                TIM5_IRQHandler
                0x08000d04                DMA2_Stream7_IRQHandler
                0x08000d04                I2C3_EV_IRQHandler
                0x08000d04                EXTI9_5_IRQHandler
                0x08000d04                RTC_WKUP_IRQHandler
                0x08000d04                SPDIF_RX_IRQHandler
                0x08000d04                SPI2_IRQHandler
                0x08000d04                OTG_HS_EP1_IN_IRQHandler
                0x08000d04                DMA1_Stream0_IRQHandler
                0x08000d04                CAN1_TX_IRQHandler
                0x08000d04                FMPI2C1_ER_IRQHandler
                0x08000d04                EXTI4_IRQHandler
                0x08000d04                OTG_HS_EP1_OUT_IRQHandler
                0x08000d04                WWDG_IRQHandler
                0x08000d04                TIM2_IRQHandler
                0x08000d04                OTG_FS_WKUP_IRQHandler
                0x08000d04                TIM1_TRG_COM_TIM11_IRQHandler
                0x08000d04                OTG_HS_IRQHandler
                0x08000d04                EXTI1_IRQHandler
                0x08000d04                USART2_IRQHandler
                0x08000d04                I2C2_ER_IRQHandler
                0x08000d04                DMA2_Stream1_IRQHandler
                0x08000d04                CAN1_SCE_IRQHandler
                0x08000d04                FLASH_IRQHandler
                0x08000d04                DMA2_Stream4_IRQHandler
                0x08000d04                USART1_IRQHandler
                0x08000d04                OTG_FS_IRQHandler
                0x08000d04                SPI3_IRQHandler
                0x08000d04                DMA1_Stream4_IRQHandler
                0x08000d04                I2C1_ER_IRQHandler
                0x08000d04                FMC_IRQHandler
                0x08000d04                DMA2_Stream6_IRQHandler
                0x08000d04                SAI1_IRQHandler
                0x08000d04                DMA1_Stream3_IRQHandler
 .text.vListInitialise
                0x08000d06       0x40 ./Core/ThirdParty/FreeRTOS/Source/list.o
                0x08000d06                vListInitialise
 .text.vListInitialiseItem
                0x08000d46       0x1a ./Core/ThirdParty/FreeRTOS/Source/list.o
                0x08000d46                vListInitialiseItem
 .text.vListInsert
                0x08000d60       0x72 ./Core/ThirdParty/FreeRTOS/Source/list.o
                0x08000d60                vListInsert
 .text.uxListRemove
                0x08000dd2       0x54 ./Core/ThirdParty/FreeRTOS/Source/list.o
                0x08000dd2                uxListRemove
 *fill*         0x08000e26        0x2 
 .text.xQueueGenericReset
                0x08000e28      0x124 ./Core/ThirdParty/FreeRTOS/Source/queue.o
                0x08000e28                xQueueGenericReset
 .text.xQueueGenericCreate
                0x08000f4c       0x9e ./Core/ThirdParty/FreeRTOS/Source/queue.o
                0x08000f4c                xQueueGenericCreate
 .text.prvInitialiseNewQueue
                0x08000fea       0x3e ./Core/ThirdParty/FreeRTOS/Source/queue.o
 .text.xQueueGenericSend
                0x08001028      0x204 ./Core/ThirdParty/FreeRTOS/Source/queue.o
                0x08001028                xQueueGenericSend
 .text.xQueueReceive
                0x0800122c      0x1c4 ./Core/ThirdParty/FreeRTOS/Source/queue.o
                0x0800122c                xQueueReceive
 .text.prvCopyDataToQueue
                0x080013f0       0xd4 ./Core/ThirdParty/FreeRTOS/Source/queue.o
 .text.prvCopyDataFromQueue
                0x080014c4       0x4c ./Core/ThirdParty/FreeRTOS/Source/queue.o
 .text.prvUnlockQueue
                0x08001510       0xa4 ./Core/ThirdParty/FreeRTOS/Source/queue.o
 .text.prvIsQueueEmpty
                0x080015b4       0x2c ./Core/ThirdParty/FreeRTOS/Source/queue.o
 .text.prvIsQueueFull
                0x080015e0       0x30 ./Core/ThirdParty/FreeRTOS/Source/queue.o
 .text.vQueueWaitForMessageRestricted
                0x08001610       0x68 ./Core/ThirdParty/FreeRTOS/Source/queue.o
                0x08001610                vQueueWaitForMessageRestricted
 .text.prvCreateTask
                0x08001678       0x78 ./Core/ThirdParty/FreeRTOS/Source/tasks.o
 .text.xTaskCreate
                0x080016f0       0x46 ./Core/ThirdParty/FreeRTOS/Source/tasks.o
                0x080016f0                xTaskCreate
 .text.prvInitialiseNewTask
                0x08001736      0x110 ./Core/ThirdParty/FreeRTOS/Source/tasks.o
 *fill*         0x08001846        0x2 
 .text.prvAddNewTaskToReadyList
                0x08001848      0x128 ./Core/ThirdParty/FreeRTOS/Source/tasks.o
 .text.xTaskDelayUntil
                0x08001970      0x104 ./Core/ThirdParty/FreeRTOS/Source/tasks.o
                0x08001970                xTaskDelayUntil
 .text.prvCreateIdleTasks
                0x08001a74       0x94 ./Core/ThirdParty/FreeRTOS/Source/tasks.o
 .text.vTaskStartScheduler
                0x08001b08       0x88 ./Core/ThirdParty/FreeRTOS/Source/tasks.o
                0x08001b08                vTaskStartScheduler
 .text.vTaskSuspendAll
                0x08001b90       0x1c ./Core/ThirdParty/FreeRTOS/Source/tasks.o
                0x08001b90                vTaskSuspendAll
 .text.xTaskResumeAll
                0x08001bac      0x210 ./Core/ThirdParty/FreeRTOS/Source/tasks.o
                0x08001bac                xTaskResumeAll
 .text.xTaskGetTickCount
                0x08001dbc       0x20 ./Core/ThirdParty/FreeRTOS/Source/tasks.o
                0x08001dbc                xTaskGetTickCount
 .text.xTaskIncrementTick
                0x08001ddc      0x234 ./Core/ThirdParty/FreeRTOS/Source/tasks.o
                0x08001ddc                xTaskIncrementTick
 .text.vTaskSwitchContext
                0x08002010       0xbc ./Core/ThirdParty/FreeRTOS/Source/tasks.o
                0x08002010                vTaskSwitchContext
 .text.vTaskPlaceOnEventList
                0x080020cc       0x4c ./Core/ThirdParty/FreeRTOS/Source/tasks.o
                0x080020cc                vTaskPlaceOnEventList
 .text.vTaskPlaceOnEventListRestricted
                0x08002118       0x8c ./Core/ThirdParty/FreeRTOS/Source/tasks.o
                0x08002118                vTaskPlaceOnEventListRestricted
 .text.xTaskRemoveFromEventList
                0x080021a4      0x1b4 ./Core/ThirdParty/FreeRTOS/Source/tasks.o
                0x080021a4                xTaskRemoveFromEventList
 .text.vTaskInternalSetTimeOutState
                0x08002358       0x2c ./Core/ThirdParty/FreeRTOS/Source/tasks.o
                0x08002358                vTaskInternalSetTimeOutState
 .text.xTaskCheckForTimeOut
                0x08002384       0xd0 ./Core/ThirdParty/FreeRTOS/Source/tasks.o
                0x08002384                xTaskCheckForTimeOut
 .text.vTaskMissedYield
                0x08002454       0x18 ./Core/ThirdParty/FreeRTOS/Source/tasks.o
                0x08002454                vTaskMissedYield
 .text.prvIdleTask
                0x0800246c       0x30 ./Core/ThirdParty/FreeRTOS/Source/tasks.o
 .text.prvInitialiseTaskLists
                0x0800249c       0x80 ./Core/ThirdParty/FreeRTOS/Source/tasks.o
 .text.prvCheckTasksWaitingTermination
                0x0800251c       0x5c ./Core/ThirdParty/FreeRTOS/Source/tasks.o
 .text.prvDeleteTCB
                0x08002578       0x20 ./Core/ThirdParty/FreeRTOS/Source/tasks.o
 .text.prvResetNextTaskUnblockTime
                0x08002598       0x38 ./Core/ThirdParty/FreeRTOS/Source/tasks.o
 .text.xTaskGetSchedulerState
                0x080025d0       0x3c ./Core/ThirdParty/FreeRTOS/Source/tasks.o
                0x080025d0                xTaskGetSchedulerState
 .text.xTaskPriorityDisinherit
                0x0800260c      0x150 ./Core/ThirdParty/FreeRTOS/Source/tasks.o
                0x0800260c                xTaskPriorityDisinherit
 .text.prvAddCurrentTaskToDelayedList
                0x0800275c      0x104 ./Core/ThirdParty/FreeRTOS/Source/tasks.o
 .text.xTimerCreateTimerTask
                0x08002860       0x68 ./Core/ThirdParty/FreeRTOS/Source/timers.o
                0x08002860                xTimerCreateTimerTask
 .text.prvReloadTimer
                0x080028c8       0x42 ./Core/ThirdParty/FreeRTOS/Source/timers.o
 *fill*         0x0800290a        0x2 
 .text.prvProcessExpiredTimer
                0x0800290c       0x60 ./Core/ThirdParty/FreeRTOS/Source/timers.o
 .text.prvTimerTask
                0x0800296c       0x26 ./Core/ThirdParty/FreeRTOS/Source/timers.o
 *fill*         0x08002992        0x2 
 .text.prvProcessTimerOrBlockTask
                0x08002994       0x9c ./Core/ThirdParty/FreeRTOS/Source/timers.o
 .text.prvGetNextExpireTime
                0x08002a30       0x48 ./Core/ThirdParty/FreeRTOS/Source/timers.o
 .text.prvSampleTimeNow
                0x08002a78       0x40 ./Core/ThirdParty/FreeRTOS/Source/timers.o
 .text.prvInsertTimerInActiveList
                0x08002ab8       0x84 ./Core/ThirdParty/FreeRTOS/Source/timers.o
 .text.prvProcessReceivedCommands
                0x08002b3c      0x190 ./Core/ThirdParty/FreeRTOS/Source/timers.o
 .text.prvSwitchTimerLists
                0x08002ccc       0x4c ./Core/ThirdParty/FreeRTOS/Source/timers.o
 .text.prvCheckForValidListAndQueue
                0x08002d18       0x54 ./Core/ThirdParty/FreeRTOS/Source/timers.o
 .text.pvPortMalloc
                0x08002d6c      0x264 ./Core/ThirdParty/FreeRTOS/portable/heap_4.o
                0x08002d6c                pvPortMalloc
 .text.vPortFree
                0x08002fd0       0xec ./Core/ThirdParty/FreeRTOS/portable/heap_4.o
                0x08002fd0                vPortFree
 .text.prvHeapInit
                0x080030bc       0xb4 ./Core/ThirdParty/FreeRTOS/portable/heap_4.o
 .text.prvInsertBlockIntoFreeList
                0x08003170       0xf4 ./Core/ThirdParty/FreeRTOS/portable/heap_4.o
 .text.pxPortInitialiseStack
                0x08003264       0x68 ./Core/ThirdParty/FreeRTOS/portable/port.o
                0x08003264                pxPortInitialiseStack
 .text.prvTaskExitError
                0x080032cc       0x5c ./Core/ThirdParty/FreeRTOS/portable/port.o
 *fill*         0x08003328        0x8 
 .text.SVC_Handler
                0x08003330       0x28 ./Core/ThirdParty/FreeRTOS/portable/port.o
                0x08003330                SVC_Handler
 .text.prvPortStartFirstTask
                0x08003358       0x2c ./Core/ThirdParty/FreeRTOS/portable/port.o
 .text.xPortStartScheduler
                0x08003384      0x1e0 ./Core/ThirdParty/FreeRTOS/portable/port.o
                0x08003384                xPortStartScheduler
 .text.vPortEnterCritical
                0x08003564       0x64 ./Core/ThirdParty/FreeRTOS/portable/port.o
                0x08003564                vPortEnterCritical
 .text.vPortExitCritical
                0x080035c8       0x54 ./Core/ThirdParty/FreeRTOS/portable/port.o
                0x080035c8                vPortExitCritical
 *fill*         0x0800361c        0x4 
 .text.PendSV_Handler
                0x08003620       0x68 ./Core/ThirdParty/FreeRTOS/portable/port.o
                0x08003620                PendSV_Handler
 .text.SysTick_Handler
                0x08003688       0x44 ./Core/ThirdParty/FreeRTOS/portable/port.o
                0x08003688                SysTick_Handler
 .text.vPortSetupTimerInterrupt
                0x080036cc       0x48 ./Core/ThirdParty/FreeRTOS/portable/port.o
                0x080036cc                vPortSetupTimerInterrupt
 .text.vPortEnableVFP
                0x08003714       0x18 ./Core/ThirdParty/FreeRTOS/portable/port.o
 .text.HAL_Init
                0x0800372c       0x44 ./Drivers/STM32F4xx_HAL_Driver/Src/stm32f4xx_hal.o
                0x0800372c                HAL_Init
 .text.HAL_InitTick
                0x08003770       0x60 ./Drivers/STM32F4xx_HAL_Driver/Src/stm32f4xx_hal.o
                0x08003770                HAL_InitTick
 .text.HAL_GetTick
                0x080037d0       0x18 ./Drivers/STM32F4xx_HAL_Driver/Src/stm32f4xx_hal.o
                0x080037d0                HAL_GetTick
 .text.HAL_ADC_Init
                0x080037e8       0x86 ./Drivers/STM32F4xx_HAL_Driver/Src/stm32f4xx_hal_adc.o
                0x080037e8                HAL_ADC_Init
 *fill*         0x0800386e        0x2 
 .text.HAL_ADC_Start_DMA
                0x08003870      0x220 ./Drivers/STM32F4xx_HAL_Driver/Src/stm32f4xx_hal_adc.o
                0x08003870                HAL_ADC_Start_DMA
 .text.HAL_ADC_ConvCpltCallback
                0x08003a90       0x14 ./Drivers/STM32F4xx_HAL_Driver/Src/stm32f4xx_hal_adc.o
                0x08003a90                HAL_ADC_ConvCpltCallback
 .text.HAL_ADC_ConvHalfCpltCallback
                0x08003aa4       0x14 ./Drivers/STM32F4xx_HAL_Driver/Src/stm32f4xx_hal_adc.o
                0x08003aa4                HAL_ADC_ConvHalfCpltCallback
 .text.HAL_ADC_ErrorCallback
                0x08003ab8       0x14 ./Drivers/STM32F4xx_HAL_Driver/Src/stm32f4xx_hal_adc.o
                0x08003ab8                HAL_ADC_ErrorCallback
 .text.HAL_ADC_ConfigChannel
                0x08003acc      0x264 ./Drivers/STM32F4xx_HAL_Driver/Src/stm32f4xx_hal_adc.o
                0x08003acc                HAL_ADC_ConfigChannel
 .text.ADC_Init
                0x08003d30      0x1f8 ./Drivers/STM32F4xx_HAL_Driver/Src/stm32f4xx_hal_adc.o
 .text.ADC_DMAConvCplt
                0x08003f28       0xba ./Drivers/STM32F4xx_HAL_Driver/Src/stm32f4xx_hal_adc.o
 .text.ADC_DMAHalfConvCplt
                0x08003fe2       0x1c ./Drivers/STM32F4xx_HAL_Driver/Src/stm32f4xx_hal_adc.o
 .text.ADC_DMAError
                0x08003ffe       0x2e ./Drivers/STM32F4xx_HAL_Driver/Src/stm32f4xx_hal_adc.o
 .text.__NVIC_SetPriorityGrouping
                0x0800402c       0x48 ./Drivers/STM32F4xx_HAL_Driver/Src/stm32f4xx_hal_cortex.o
 .text.__NVIC_GetPriorityGrouping
                0x08004074       0x1c ./Drivers/STM32F4xx_HAL_Driver/Src/stm32f4xx_hal_cortex.o
 .text.__NVIC_SetPriority
                0x08004090       0x54 ./Drivers/STM32F4xx_HAL_Driver/Src/stm32f4xx_hal_cortex.o
 .text.NVIC_EncodePriority
                0x080040e4       0x66 ./Drivers/STM32F4xx_HAL_Driver/Src/stm32f4xx_hal_cortex.o
 *fill*         0x0800414a        0x2 
 .text.SysTick_Config
                0x0800414c       0x44 ./Drivers/STM32F4xx_HAL_Driver/Src/stm32f4xx_hal_cortex.o
 .text.HAL_NVIC_SetPriorityGrouping
                0x08004190       0x16 ./Drivers/STM32F4xx_HAL_Driver/Src/stm32f4xx_hal_cortex.o
                0x08004190                HAL_NVIC_SetPriorityGrouping
 .text.HAL_NVIC_SetPriority
                0x080041a6       0x38 ./Drivers/STM32F4xx_HAL_Driver/Src/stm32f4xx_hal_cortex.o
                0x080041a6                HAL_NVIC_SetPriority
 .text.HAL_SYSTICK_Config
                0x080041de       0x18 ./Drivers/STM32F4xx_HAL_Driver/Src/stm32f4xx_hal_cortex.o
                0x080041de                HAL_SYSTICK_Config
 *fill*         0x080041f6        0x2 
 .text.HAL_DMA_Init
                0x080041f8      0x15c ./Drivers/STM32F4xx_HAL_Driver/Src/stm32f4xx_hal_dma.o
                0x080041f8                HAL_DMA_Init
 .text.HAL_DMA_Start_IT
                0x08004354       0xb0 ./Drivers/STM32F4xx_HAL_Driver/Src/stm32f4xx_hal_dma.o
                0x08004354                HAL_DMA_Start_IT
 .text.DMA_SetConfig
                0x08004404       0x5c ./Drivers/STM32F4xx_HAL_Driver/Src/stm32f4xx_hal_dma.o
 .text.DMA_CalcBaseAndBitshift
                0x08004460       0x6c ./Drivers/STM32F4xx_HAL_Driver/Src/stm32f4xx_hal_dma.o
 .text.DMA_CheckFifoParam
                0x080044cc       0xf8 ./Drivers/STM32F4xx_HAL_Driver/Src/stm32f4xx_hal_dma.o
 .text.HAL_GPIO_Init
                0x080045c4      0x328 ./Drivers/STM32F4xx_HAL_Driver/Src/stm32f4xx_hal_gpio.o
                0x080045c4                HAL_GPIO_Init
 .text.HAL_GPIO_WritePin
                0x080048ec       0x32 ./Drivers/STM32F4xx_HAL_Driver/Src/stm32f4xx_hal_gpio.o
                0x080048ec                HAL_GPIO_WritePin
 *fill*         0x0800491e        0x2 
 .text.HAL_RCC_ClockConfig
                0x08004920      0x1cc ./Drivers/STM32F4xx_HAL_Driver/Src/stm32f4xx_hal_rcc.o
                0x08004920                HAL_RCC_ClockConfig
 .text.HAL_RCC_GetHCLKFreq
                0x08004aec       0x18 ./Drivers/STM32F4xx_HAL_Driver/Src/stm32f4xx_hal_rcc.o
                0x08004aec                HAL_RCC_GetHCLKFreq
 .text.HAL_RCC_GetPCLK1Freq
                0x08004b04       0x28 ./Drivers/STM32F4xx_HAL_Driver/Src/stm32f4xx_hal_rcc.o
                0x08004b04                HAL_RCC_GetPCLK1Freq
 .text.HAL_RCC_GetPCLK2Freq
                0x08004b2c       0x28 ./Drivers/STM32F4xx_HAL_Driver/Src/stm32f4xx_hal_rcc.o
                0x08004b2c                HAL_RCC_GetPCLK2Freq
 .text.HAL_RCC_GetSysClockFreq
                0x08004b54      0x460 ./Drivers/STM32F4xx_HAL_Driver/Src/stm32f4xx_hal_rcc_ex.o
                0x08004b54                HAL_RCC_GetSysClockFreq
 .text.HAL_RCC_OscConfig
                0x08004fb4      0x53c ./Drivers/STM32F4xx_HAL_Driver/Src/stm32f4xx_hal_rcc_ex.o
                0x08004fb4                HAL_RCC_OscConfig
 .text.HAL_UART_Init
                0x080054f0       0xa0 ./Drivers/STM32F4xx_HAL_Driver/Src/stm32f4xx_hal_uart.o
                0x080054f0                HAL_UART_Init
 .text.UART_SetConfig
                0x08005590      0x4e8 ./Drivers/STM32F4xx_HAL_Driver/Src/stm32f4xx_hal_uart.o
 .text.memset   0x08005a78       0x10 C:/Users/pc/Documents/STM32CubeIDE_1.19.0/STM32CubeIDE/plugins/com.st.stm32cube.ide.mcu.externaltools.gnu-tools-for-stm32.13.3.rel1.win32_1.0.0.202411081344/tools/bin/../lib/gcc/arm-none-eabi/13.3.1/../../../../arm-none-eabi/lib/thumb/v7e-m+fp/hard\libc_nano.a(libc_a-memset.o)
                0x08005a78                memset
 .text.__libc_init_array
                0x08005a88       0x48 C:/Users/pc/Documents/STM32CubeIDE_1.19.0/STM32CubeIDE/plugins/com.st.stm32cube.ide.mcu.externaltools.gnu-tools-for-stm32.13.3.rel1.win32_1.0.0.202411081344/tools/bin/../lib/gcc/arm-none-eabi/13.3.1/../../../../arm-none-eabi/lib/thumb/v7e-m+fp/hard\libc_nano.a(libc_a-init.o)
                0x08005a88                __libc_init_array
 .text.memcpy   0x08005ad0       0x1c C:/Users/pc/Documents/STM32CubeIDE_1.19.0/STM32CubeIDE/plugins/com.st.stm32cube.ide.mcu.externaltools.gnu-tools-for-stm32.13.3.rel1.win32_1.0.0.202411081344/tools/bin/../lib/gcc/arm-none-eabi/13.3.1/../../../../arm-none-eabi/lib/thumb/v7e-m+fp/hard\libc_nano.a(libc_a-memcpy-stub.o)
                0x08005ad0                memcpy
 *(.glue_7)
 .glue_7        0x08005aec        0x0 linker stubs
 *(.glue_7t)
 .glue_7t       0x08005aec        0x0 linker stubs
 *(.eh_frame)
 .eh_frame      0x08005aec        0x0 C:/Users/pc/Documents/STM32CubeIDE_1.19.0/STM32CubeIDE/plugins/com.st.stm32cube.ide.mcu.externaltools.gnu-tools-for-stm32.13.3.rel1.win32_1.0.0.202411081344/tools/bin/../lib/gcc/arm-none-eabi/13.3.1/thumb/v7e-m+fp/hard/crtbegin.o
 *(.init)
 .init          0x08005aec        0x4 C:/Users/pc/Documents/STM32CubeIDE_1.19.0/STM32CubeIDE/plugins/com.st.stm32cube.ide.mcu.externaltools.gnu-tools-for-stm32.13.3.rel1.win32_1.0.0.202411081344/tools/bin/../lib/gcc/arm-none-eabi/13.3.1/thumb/v7e-m+fp/hard/crti.o
                0x08005aec                _init
 .init          0x08005af0        0x8 C:/Users/pc/Documents/STM32CubeIDE_1.19.0/STM32CubeIDE/plugins/com.st.stm32cube.ide.mcu.externaltools.gnu-tools-for-stm32.13.3.rel1.win32_1.0.0.202411081344/tools/bin/../lib/gcc/arm-none-eabi/13.3.1/thumb/v7e-m+fp/hard/crtn.o
 *(.fini)
 .fini          0x08005af8        0x4 C:/Users/pc/Documents/STM32CubeIDE_1.19.0/STM32CubeIDE/plugins/com.st.stm32cube.ide.mcu.externaltools.gnu-tools-for-stm32.13.3.rel1.win32_1.0.0.202411081344/tools/bin/../lib/gcc/arm-none-eabi/13.3.1/thumb/v7e-m+fp/hard/crti.o
                0x08005af8                _fini
 .fini          0x08005afc        0x8 C:/Users/pc/Documents/STM32CubeIDE_1.19.0/STM32CubeIDE/plugins/com.st.stm32cube.ide.mcu.externaltools.gnu-tools-for-stm32.13.3.rel1.win32_1.0.0.202411081344/tools/bin/../lib/gcc/arm-none-eabi/13.3.1/thumb/v7e-m+fp/hard/crtn.o
                0x08005b04                        . = ALIGN (0x4)
                0x08005b04                        _etext = .

.vfp11_veneer   0x08005b04        0x0
 .vfp11_veneer  0x08005b04        0x0 linker stubs

.v4_bx          0x08005b04        0x0
 .v4_bx         0x08005b04        0x0 linker stubs

.iplt           0x08005b04        0x0
 .iplt          0x08005b04        0x0 C:/Users/pc/Documents/STM32CubeIDE_1.19.0/STM32CubeIDE/plugins/com.st.stm32cube.ide.mcu.externaltools.gnu-tools-for-stm32.13.3.rel1.win32_1.0.0.202411081344/tools/bin/../lib/gcc/arm-none-eabi/13.3.1/thumb/v7e-m+fp/hard/crtbegin.o

.rodata         0x08005b04       0x3c
                0x08005b04                        . = ALIGN (0x4)
 *(.rodata)
 .rodata        0x08005b04        0x8 ./Core/Src/main.o
 .rodata        0x08005b0c        0x5 ./Core/ThirdParty/FreeRTOS/Source/tasks.o
 *fill*         0x08005b11        0x3 
 .rodata        0x08005b14        0x8 ./Core/ThirdParty/FreeRTOS/Source/timers.o
 *(.rodata*)
 .rodata.AHBPrescTable
                0x08005b1c       0x10 ./Core/Src/system_stm32f4xx.o
                0x08005b1c                AHBPrescTable
 .rodata.APBPrescTable
                0x08005b2c        0x8 ./Core/Src/system_stm32f4xx.o
                0x08005b2c                APBPrescTable
 .rodata.uxTopUsedPriority
                0x08005b34        0x4 ./Core/ThirdParty/FreeRTOS/Source/tasks.o
 .rodata.flagBitshiftOffset.0
                0x08005b38        0x8 ./Drivers/STM32F4xx_HAL_Driver/Src/stm32f4xx_hal_dma.o
                0x08005b40                        . = ALIGN (0x4)

.ARM.extab      0x08005b40        0x0
                0x08005b40                        . = ALIGN (0x4)
 *(.ARM.extab* .gnu.linkonce.armextab.*)
                0x08005b40                        . = ALIGN (0x4)

.ARM            0x08005b40        0x8
                0x08005b40                        . = ALIGN (0x4)
                0x08005b40                        __exidx_start = .
 *(.ARM.exidx*)
 .ARM.exidx     0x08005b40        0x8 C:/Users/pc/Documents/STM32CubeIDE_1.19.0/STM32CubeIDE/plugins/com.st.stm32cube.ide.mcu.externaltools.gnu-tools-for-stm32.13.3.rel1.win32_1.0.0.202411081344/tools/bin/../lib/gcc/arm-none-eabi/13.3.1/thumb/v7e-m+fp/hard\libgcc.a(_udivmoddi4.o)
                0x08005b48                        __exidx_end = .
                0x08005b48                        . = ALIGN (0x4)

.preinit_array  0x08005b48        0x0
                0x08005b48                        . = ALIGN (0x4)
                0x08005b48                        PROVIDE (__preinit_array_start = .)
 *(.preinit_array*)
                0x08005b48                        PROVIDE (__preinit_array_end = .)
                0x08005b48                        . = ALIGN (0x4)

.init_array     0x08005b48        0x4
                0x08005b48                        . = ALIGN (0x4)
                0x08005b48                        PROVIDE (__init_array_start = .)
 *(SORT_BY_NAME(.init_array.*))
 *(.init_array*)
 .init_array    0x08005b48        0x4 C:/Users/pc/Documents/STM32CubeIDE_1.19.0/STM32CubeIDE/plugins/com.st.stm32cube.ide.mcu.externaltools.gnu-tools-for-stm32.13.3.rel1.win32_1.0.0.202411081344/tools/bin/../lib/gcc/arm-none-eabi/13.3.1/thumb/v7e-m+fp/hard/crtbegin.o
                0x08005b4c                        PROVIDE (__init_array_end = .)
                0x08005b4c                        . = ALIGN (0x4)

.fini_array     0x08005b4c        0x4
                0x08005b4c                        . = ALIGN (0x4)
                [!provide]                        PROVIDE (__fini_array_start = .)
 *(SORT_BY_NAME(.fini_array.*))
 *(.fini_array*)
 .fini_array    0x08005b4c        0x4 C:/Users/pc/Documents/STM32CubeIDE_1.19.0/STM32CubeIDE/plugins/com.st.stm32cube.ide.mcu.externaltools.gnu-tools-for-stm32.13.3.rel1.win32_1.0.0.202411081344/tools/bin/../lib/gcc/arm-none-eabi/13.3.1/thumb/v7e-m+fp/hard/crtbegin.o
                [!provide]                        PROVIDE (__fini_array_end = .)
                0x08005b50                        . = ALIGN (0x4)
                0x08005b50                        _sidata = LOADADDR (.data)

.rel.dyn        0x08005b50        0x0
 .rel.iplt      0x08005b50        0x0 C:/Users/pc/Documents/STM32CubeIDE_1.19.0/STM32CubeIDE/plugins/com.st.stm32cube.ide.mcu.externaltools.gnu-tools-for-stm32.13.3.rel1.win32_1.0.0.202411081344/tools/bin/../lib/gcc/arm-none-eabi/13.3.1/thumb/v7e-m+fp/hard/crtbegin.o

.data           0x20000000       0x10 load address 0x08005b50
                0x20000000                        . = ALIGN (0x4)
                0x20000000                        _sdata = .
 *(.data)
 *(.data*)
 .data.SystemCoreClock
                0x20000000        0x4 ./Core/Src/system_stm32f4xx.o
                0x20000000                SystemCoreClock
 .data.uxCriticalNesting
                0x20000004        0x4 ./Core/ThirdParty/FreeRTOS/portable/port.o
 .data.uwTickPrio
                0x20000008        0x4 ./Drivers/STM32F4xx_HAL_Driver/Src/stm32f4xx_hal.o
                0x20000008                uwTickPrio
 .data.uwTickFreq
                0x2000000c        0x1 ./Drivers/STM32F4xx_HAL_Driver/Src/stm32f4xx_hal.o
                0x2000000c                uwTickFreq
 *(.RamFunc)
 *(.RamFunc*)
                0x20000010                        . = ALIGN (0x4)
 *fill*         0x2000000d        0x3 
                0x20000010                        _edata = .

.igot.plt       0x20000010        0x0 load address 0x08005b60
 .igot.plt      0x20000010        0x0 C:/Users/pc/Documents/STM32CubeIDE_1.19.0/STM32CubeIDE/plugins/com.st.stm32cube.ide.mcu.externaltools.gnu-tools-for-stm32.13.3.rel1.win32_1.0.0.202411081344/tools/bin/../lib/gcc/arm-none-eabi/13.3.1/thumb/v7e-m+fp/hard/crtbegin.o
                0x20000010                        . = ALIGN (0x4)

.bss            0x20000010     0x3eb4 load address 0x08005b60
                0x20000010                        _sbss = .
                0x20000010                        __bss_start__ = _sbss
 *(.bss)
 .bss           0x20000010       0x1c C:/Users/pc/Documents/STM32CubeIDE_1.19.0/STM32CubeIDE/plugins/com.st.stm32cube.ide.mcu.externaltools.gnu-tools-for-stm32.13.3.rel1.win32_1.0.0.202411081344/tools/bin/../lib/gcc/arm-none-eabi/13.3.1/thumb/v7e-m+fp/hard/crtbegin.o
 *(.bss*)
 .bss.start_time
                0x2000002c        0x4 ./Core/Src/MyHcsr04.o
                0x2000002c                start_time
 .bss.end_time  0x20000030        0x4 ./Core/Src/MyHcsr04.o
                0x20000030                end_time
 .bss.diffrence
                0x20000034        0x4 ./Core/Src/MyHcsr04.o
                0x20000034                diffrence
 .bss.is_first_cap
                0x20000038        0x1 ./Core/Src/MyHcsr04.o
                0x20000038                is_first_cap
 *fill*         0x20000039        0x3 
 .bss.xADCDataQueue
                0x2000003c        0x4 ./Core/Src/main.o
                0x2000003c                xADCDataQueue
 .bss.hadc1     0x20000040       0x48 ./Core/Src/main.o
                0x20000040                hadc1
 .bss.hdma_adc1
                0x20000088       0x60 ./Core/Src/main.o
                0x20000088                hdma_adc1
 .bss.huart2    0x200000e8       0x48 ./Core/Src/main.o
                0x200000e8                huart2
 .bss.adc_buffer
                0x20000130        0x4 ./Core/Src/main.o
                0x20000130                adc_buffer
 .bss.pxCurrentTCB
                0x20000134        0x4 ./Core/ThirdParty/FreeRTOS/Source/tasks.o
                0x20000134                pxCurrentTCB
 .bss.pxReadyTasksLists
                0x20000138       0x8c ./Core/ThirdParty/FreeRTOS/Source/tasks.o
 .bss.xDelayedTaskList1
                0x200001c4       0x14 ./Core/ThirdParty/FreeRTOS/Source/tasks.o
 .bss.xDelayedTaskList2
                0x200001d8       0x14 ./Core/ThirdParty/FreeRTOS/Source/tasks.o
 .bss.pxDelayedTaskList
                0x200001ec        0x4 ./Core/ThirdParty/FreeRTOS/Source/tasks.o
 .bss.pxOverflowDelayedTaskList
                0x200001f0        0x4 ./Core/ThirdParty/FreeRTOS/Source/tasks.o
 .bss.xPendingReadyList
                0x200001f4       0x14 ./Core/ThirdParty/FreeRTOS/Source/tasks.o
 .bss.xTasksWaitingTermination
                0x20000208       0x14 ./Core/ThirdParty/FreeRTOS/Source/tasks.o
 .bss.uxDeletedTasksWaitingCleanUp
                0x2000021c        0x4 ./Core/ThirdParty/FreeRTOS/Source/tasks.o
 .bss.xSuspendedTaskList
                0x20000220       0x14 ./Core/ThirdParty/FreeRTOS/Source/tasks.o
 .bss.uxCurrentNumberOfTasks
                0x20000234        0x4 ./Core/ThirdParty/FreeRTOS/Source/tasks.o
 .bss.xTickCount
                0x20000238        0x4 ./Core/ThirdParty/FreeRTOS/Source/tasks.o
 .bss.uxTopReadyPriority
                0x2000023c        0x4 ./Core/ThirdParty/FreeRTOS/Source/tasks.o
 .bss.xSchedulerRunning
                0x20000240        0x4 ./Core/ThirdParty/FreeRTOS/Source/tasks.o
 .bss.xPendedTicks
                0x20000244        0x4 ./Core/ThirdParty/FreeRTOS/Source/tasks.o
 .bss.xYieldPendings
                0x20000248        0x4 ./Core/ThirdParty/FreeRTOS/Source/tasks.o
 .bss.xNumOfOverflows
                0x2000024c        0x4 ./Core/ThirdParty/FreeRTOS/Source/tasks.o
 .bss.uxTaskNumber
                0x20000250        0x4 ./Core/ThirdParty/FreeRTOS/Source/tasks.o
 .bss.xNextTaskUnblockTime
                0x20000254        0x4 ./Core/ThirdParty/FreeRTOS/Source/tasks.o
 .bss.xIdleTaskHandles
                0x20000258        0x4 ./Core/ThirdParty/FreeRTOS/Source/tasks.o
 .bss.uxSchedulerSuspended
                0x2000025c        0x4 ./Core/ThirdParty/FreeRTOS/Source/tasks.o
 .bss.xActiveTimerList1
                0x20000260       0x14 ./Core/ThirdParty/FreeRTOS/Source/timers.o
 .bss.xActiveTimerList2
                0x20000274       0x14 ./Core/ThirdParty/FreeRTOS/Source/timers.o
 .bss.pxCurrentTimerList
                0x20000288        0x4 ./Core/ThirdParty/FreeRTOS/Source/timers.o
 .bss.pxOverflowTimerList
                0x2000028c        0x4 ./Core/ThirdParty/FreeRTOS/Source/timers.o
 .bss.xTimerQueue
                0x20000290        0x4 ./Core/ThirdParty/FreeRTOS/Source/timers.o
 .bss.xTimerTaskHandle
                0x20000294        0x4 ./Core/ThirdParty/FreeRTOS/Source/timers.o
 .bss.xLastTime.0
                0x20000298        0x4 ./Core/ThirdParty/FreeRTOS/Source/timers.o
 .bss.ucHeap    0x2000029c     0x3c00 ./Core/ThirdParty/FreeRTOS/portable/heap_4.o
 .bss.xStart    0x20003e9c        0x8 ./Core/ThirdParty/FreeRTOS/portable/heap_4.o
 .bss.pxEnd     0x20003ea4        0x4 ./Core/ThirdParty/FreeRTOS/portable/heap_4.o
 .bss.xFreeBytesRemaining
                0x20003ea8        0x4 ./Core/ThirdParty/FreeRTOS/portable/heap_4.o
 .bss.xMinimumEverFreeBytesRemaining
                0x20003eac        0x4 ./Core/ThirdParty/FreeRTOS/portable/heap_4.o
 .bss.xNumberOfSuccessfulAllocations
                0x20003eb0        0x4 ./Core/ThirdParty/FreeRTOS/portable/heap_4.o
 .bss.xNumberOfSuccessfulFrees
                0x20003eb4        0x4 ./Core/ThirdParty/FreeRTOS/portable/heap_4.o
 .bss.ucMaxSysCallPriority
                0x20003eb8        0x1 ./Core/ThirdParty/FreeRTOS/portable/port.o
 *fill*         0x20003eb9        0x3 
 .bss.ulMaxPRIGROUPValue
                0x20003ebc        0x4 ./Core/ThirdParty/FreeRTOS/portable/port.o
 .bss.uwTick    0x20003ec0        0x4 ./Drivers/STM32F4xx_HAL_Driver/Src/stm32f4xx_hal.o
                0x20003ec0                uwTick
 *(COMMON)
                0x20003ec4                        . = ALIGN (0x4)
                0x20003ec4                        _ebss = .
                0x20003ec4                        __bss_end__ = _ebss

._user_heap_stack
                0x20003ec4      0x604 load address 0x08005b60
                0x20003ec8                        . = ALIGN (0x8)
 *fill*         0x20003ec4        0x4 
                [!provide]                        PROVIDE (end = .)
                0x20003ec8                        PROVIDE (_end = .)
                0x200040c8                        . = (. + _Min_Heap_Size)
 *fill*         0x20003ec8      0x200 
                0x200044c8                        . = (. + _Min_Stack_Size)
 *fill*         0x200040c8      0x400 
                0x200044c8                        . = ALIGN (0x8)

/DISCARD/
 libc.a(*)
 libm.a(*)
 libgcc.a(*)

.ARM.attributes
                0x00000000       0x30
 *(.ARM.attributes)
 .ARM.attributes
                0x00000000       0x22 C:/Users/pc/Documents/STM32CubeIDE_1.19.0/STM32CubeIDE/plugins/com.st.stm32cube.ide.mcu.externaltools.gnu-tools-for-stm32.13.3.rel1.win32_1.0.0.202411081344/tools/bin/../lib/gcc/arm-none-eabi/13.3.1/thumb/v7e-m+fp/hard/crti.o
 .ARM.attributes
                0x00000022       0x34 C:/Users/pc/Documents/STM32CubeIDE_1.19.0/STM32CubeIDE/plugins/com.st.stm32cube.ide.mcu.externaltools.gnu-tools-for-stm32.13.3.rel1.win32_1.0.0.202411081344/tools/bin/../lib/gcc/arm-none-eabi/13.3.1/thumb/v7e-m+fp/hard/crtbegin.o
 .ARM.attributes
                0x00000056       0x34 ./Core/Src/MyHcsr04.o
 .ARM.attributes
                0x0000008a       0x34 ./Core/Src/main.o
 .ARM.attributes
                0x000000be       0x34 ./Core/Src/stm32f4xx_hal_msp.o
 .ARM.attributes
                0x000000f2       0x34 ./Core/Src/stm32f4xx_it.o
 .ARM.attributes
                0x00000126       0x34 ./Core/Src/system_stm32f4xx.o
 .ARM.attributes
                0x0000015a       0x21 ./Core/Startup/startup_stm32f446retx.o
 .ARM.attributes
                0x0000017b       0x34 ./Core/ThirdParty/FreeRTOS/Source/list.o
 .ARM.attributes
                0x000001af       0x34 ./Core/ThirdParty/FreeRTOS/Source/queue.o
 .ARM.attributes
                0x000001e3       0x34 ./Core/ThirdParty/FreeRTOS/Source/tasks.o
 .ARM.attributes
                0x00000217       0x34 ./Core/ThirdParty/FreeRTOS/Source/timers.o
 .ARM.attributes
                0x0000024b       0x34 ./Core/ThirdParty/FreeRTOS/portable/heap_4.o
 .ARM.attributes
                0x0000027f       0x34 ./Core/ThirdParty/FreeRTOS/portable/port.o
 .ARM.attributes
                0x000002b3       0x34 ./Drivers/STM32F4xx_HAL_Driver/Src/stm32f4xx_hal.o
 .ARM.attributes
                0x000002e7       0x34 ./Drivers/STM32F4xx_HAL_Driver/Src/stm32f4xx_hal_adc.o
 .ARM.attributes
                0x0000031b       0x34 ./Drivers/STM32F4xx_HAL_Driver/Src/stm32f4xx_hal_cortex.o
 .ARM.attributes
                0x0000034f       0x34 ./Drivers/STM32F4xx_HAL_Driver/Src/stm32f4xx_hal_dma.o
 .ARM.attributes
                0x00000383       0x34 ./Drivers/STM32F4xx_HAL_Driver/Src/stm32f4xx_hal_gpio.o
 .ARM.attributes
                0x000003b7       0x34 ./Drivers/STM32F4xx_HAL_Driver/Src/stm32f4xx_hal_rcc.o
 .ARM.attributes
                0x000003eb       0x34 ./Drivers/STM32F4xx_HAL_Driver/Src/stm32f4xx_hal_rcc_ex.o
 .ARM.attributes
                0x0000041f       0x34 ./Drivers/STM32F4xx_HAL_Driver/Src/stm32f4xx_hal_uart.o
 .ARM.attributes
                0x00000453       0x34 C:/Users/pc/Documents/STM32CubeIDE_1.19.0/STM32CubeIDE/plugins/com.st.stm32cube.ide.mcu.externaltools.gnu-tools-for-stm32.13.3.rel1.win32_1.0.0.202411081344/tools/bin/../lib/gcc/arm-none-eabi/13.3.1/../../../../arm-none-eabi/lib/thumb/v7e-m+fp/hard\libc_nano.a(libc_a-memset.o)
 .ARM.attributes
                0x00000487       0x34 C:/Users/pc/Documents/STM32CubeIDE_1.19.0/STM32CubeIDE/plugins/com.st.stm32cube.ide.mcu.externaltools.gnu-tools-for-stm32.13.3.rel1.win32_1.0.0.202411081344/tools/bin/../lib/gcc/arm-none-eabi/13.3.1/../../../../arm-none-eabi/lib/thumb/v7e-m+fp/hard\libc_nano.a(libc_a-init.o)
 .ARM.attributes
                0x000004bb       0x34 C:/Users/pc/Documents/STM32CubeIDE_1.19.0/STM32CubeIDE/plugins/com.st.stm32cube.ide.mcu.externaltools.gnu-tools-for-stm32.13.3.rel1.win32_1.0.0.202411081344/tools/bin/../lib/gcc/arm-none-eabi/13.3.1/../../../../arm-none-eabi/lib/thumb/v7e-m+fp/hard\libc_nano.a(libc_a-memcpy-stub.o)
 .ARM.attributes
                0x000004ef       0x22 C:/Users/pc/Documents/STM32CubeIDE_1.19.0/STM32CubeIDE/plugins/com.st.stm32cube.ide.mcu.externaltools.gnu-tools-for-stm32.13.3.rel1.win32_1.0.0.202411081344/tools/bin/../lib/gcc/arm-none-eabi/13.3.1/thumb/v7e-m+fp/hard\libgcc.a(_aeabi_uldivmod.o)
 .ARM.attributes
                0x00000511       0x34 C:/Users/pc/Documents/STM32CubeIDE_1.19.0/STM32CubeIDE/plugins/com.st.stm32cube.ide.mcu.externaltools.gnu-tools-for-stm32.13.3.rel1.win32_1.0.0.202411081344/tools/bin/../lib/gcc/arm-none-eabi/13.3.1/thumb/v7e-m+fp/hard\libgcc.a(_udivmoddi4.o)
 .ARM.attributes
                0x00000545       0x22 C:/Users/pc/Documents/STM32CubeIDE_1.19.0/STM32CubeIDE/plugins/com.st.stm32cube.ide.mcu.externaltools.gnu-tools-for-stm32.13.3.rel1.win32_1.0.0.202411081344/tools/bin/../lib/gcc/arm-none-eabi/13.3.1/thumb/v7e-m+fp/hard\libgcc.a(_dvmd_tls.o)
 .ARM.attributes
                0x00000567       0x22 C:/Users/pc/Documents/STM32CubeIDE_1.19.0/STM32CubeIDE/plugins/com.st.stm32cube.ide.mcu.externaltools.gnu-tools-for-stm32.13.3.rel1.win32_1.0.0.202411081344/tools/bin/../lib/gcc/arm-none-eabi/13.3.1/thumb/v7e-m+fp/hard/crtn.o
OUTPUT(V2.4_ECU_STM32_PROJECT.elf elf32-littlearm)
LOAD linker stubs
LOAD C:/Users/pc/Documents/STM32CubeIDE_1.19.0/STM32CubeIDE/plugins/com.st.stm32cube.ide.mcu.externaltools.gnu-tools-for-stm32.13.3.rel1.win32_1.0.0.202411081344/tools/bin/../lib/gcc/arm-none-eabi/13.3.1/../../../../arm-none-eabi/lib/thumb/v7e-m+fp/hard\libc.a
LOAD C:/Users/pc/Documents/STM32CubeIDE_1.19.0/STM32CubeIDE/plugins/com.st.stm32cube.ide.mcu.externaltools.gnu-tools-for-stm32.13.3.rel1.win32_1.0.0.202411081344/tools/bin/../lib/gcc/arm-none-eabi/13.3.1/../../../../arm-none-eabi/lib/thumb/v7e-m+fp/hard\libm.a
LOAD C:/Users/pc/Documents/STM32CubeIDE_1.19.0/STM32CubeIDE/plugins/com.st.stm32cube.ide.mcu.externaltools.gnu-tools-for-stm32.13.3.rel1.win32_1.0.0.202411081344/tools/bin/../lib/gcc/arm-none-eabi/13.3.1/thumb/v7e-m+fp/hard\libgcc.a

.debug_info     0x00000000     0xfbb5
 .debug_info    0x00000000      0x8e4 ./Core/Src/MyHcsr04.o
 .debug_info    0x000008e4     0x1468 ./Core/Src/main.o
 .debug_info    0x00001d4c      0xc1a ./Core/Src/stm32f4xx_hal_msp.o
 .debug_info    0x00002966       0xd8 ./Core/Src/stm32f4xx_it.o
 .debug_info    0x00002a3e      0x54a ./Core/Src/system_stm32f4xx.o
 .debug_info    0x00002f88       0x30 ./Core/Startup/startup_stm32f446retx.o
 .debug_info    0x00002fb8      0x2aa ./Core/ThirdParty/FreeRTOS/Source/list.o
 .debug_info    0x00003262     0x167d ./Core/ThirdParty/FreeRTOS/Source/queue.o
 .debug_info    0x000048df     0x2382 ./Core/ThirdParty/FreeRTOS/Source/tasks.o
 .debug_info    0x00006c61      0xe95 ./Core/ThirdParty/FreeRTOS/Source/timers.o
 .debug_info    0x00007af6      0x5d7 ./Core/ThirdParty/FreeRTOS/portable/heap_4.o
 .debug_info    0x000080cd      0x581 ./Core/ThirdParty/FreeRTOS/portable/port.o
 .debug_info    0x0000864e      0x99a ./Drivers/STM32F4xx_HAL_Driver/Src/stm32f4xx_hal.o
 .debug_info    0x00008fe8      0xcd4 ./Drivers/STM32F4xx_HAL_Driver/Src/stm32f4xx_hal_adc.o
 .debug_info    0x00009cbc      0xd75 ./Drivers/STM32F4xx_HAL_Driver/Src/stm32f4xx_hal_cortex.o
 .debug_info    0x0000aa31      0x8e7 ./Drivers/STM32F4xx_HAL_Driver/Src/stm32f4xx_hal_dma.o
 .debug_info    0x0000b318      0x70b ./Drivers/STM32F4xx_HAL_Driver/Src/stm32f4xx_hal_gpio.o
 .debug_info    0x0000ba23      0x8ed ./Drivers/STM32F4xx_HAL_Driver/Src/stm32f4xx_hal_rcc.o
 .debug_info    0x0000c310      0x956 ./Drivers/STM32F4xx_HAL_Driver/Src/stm32f4xx_hal_rcc_ex.o
 .debug_info    0x0000cc66     0x2f4f ./Drivers/STM32F4xx_HAL_Driver/Src/stm32f4xx_hal_uart.o

.debug_abbrev   0x00000000     0x2a51
 .debug_abbrev  0x00000000      0x1ca ./Core/Src/MyHcsr04.o
 .debug_abbrev  0x000001ca      0x2e5 ./Core/Src/main.o
 .debug_abbrev  0x000004af      0x1c2 ./Core/Src/stm32f4xx_hal_msp.o
 .debug_abbrev  0x00000671       0x47 ./Core/Src/stm32f4xx_it.o
 .debug_abbrev  0x000006b8      0x11a ./Core/Src/system_stm32f4xx.o
 .debug_abbrev  0x000007d2       0x24 ./Core/Startup/startup_stm32f446retx.o
 .debug_abbrev  0x000007f6       0xee ./Core/ThirdParty/FreeRTOS/Source/list.o
 .debug_abbrev  0x000008e4      0x2ce ./Core/ThirdParty/FreeRTOS/Source/queue.o
 .debug_abbrev  0x00000bb2      0x391 ./Core/ThirdParty/FreeRTOS/Source/tasks.o
 .debug_abbrev  0x00000f43      0x2d8 ./Core/ThirdParty/FreeRTOS/Source/timers.o
 .debug_abbrev  0x0000121b      0x25a ./Core/ThirdParty/FreeRTOS/portable/heap_4.o
 .debug_abbrev  0x00001475      0x248 ./Core/ThirdParty/FreeRTOS/portable/port.o
 .debug_abbrev  0x000016bd      0x214 ./Drivers/STM32F4xx_HAL_Driver/Src/stm32f4xx_hal.o
 .debug_abbrev  0x000018d1      0x252 ./Drivers/STM32F4xx_HAL_Driver/Src/stm32f4xx_hal_adc.o
 .debug_abbrev  0x00001b23      0x328 ./Drivers/STM32F4xx_HAL_Driver/Src/stm32f4xx_hal_cortex.o
 .debug_abbrev  0x00001e4b      0x264 ./Drivers/STM32F4xx_HAL_Driver/Src/stm32f4xx_hal_dma.o
 .debug_abbrev  0x000020af      0x1d4 ./Drivers/STM32F4xx_HAL_Driver/Src/stm32f4xx_hal_gpio.o
 .debug_abbrev  0x00002283      0x2b6 ./Drivers/STM32F4xx_HAL_Driver/Src/stm32f4xx_hal_rcc.o
 .debug_abbrev  0x00002539      0x20a ./Drivers/STM32F4xx_HAL_Driver/Src/stm32f4xx_hal_rcc_ex.o
 .debug_abbrev  0x00002743      0x30e ./Drivers/STM32F4xx_HAL_Driver/Src/stm32f4xx_hal_uart.o

.debug_aranges  0x00000000      0xd70
 .debug_aranges
                0x00000000       0x48 ./Core/Src/MyHcsr04.o
 .debug_aranges
                0x00000048       0x58 ./Core/Src/main.o
 .debug_aranges
                0x000000a0       0x40 ./Core/Src/stm32f4xx_hal_msp.o
 .debug_aranges
                0x000000e0       0x48 ./Core/Src/stm32f4xx_it.o
 .debug_aranges
                0x00000128       0x28 ./Core/Src/system_stm32f4xx.o
 .debug_aranges
                0x00000150       0x28 ./Core/Startup/startup_stm32f446retx.o
 .debug_aranges
                0x00000178       0x40 ./Core/ThirdParty/FreeRTOS/Source/list.o
 .debug_aranges
                0x000001b8      0x110 ./Core/ThirdParty/FreeRTOS/Source/queue.o
 .debug_aranges
                0x000002c8      0x1f0 ./Core/ThirdParty/FreeRTOS/Source/tasks.o
 .debug_aranges
                0x000004b8       0xe8 ./Core/ThirdParty/FreeRTOS/Source/timers.o
 .debug_aranges
                0x000005a0       0x68 ./Core/ThirdParty/FreeRTOS/portable/heap_4.o
 .debug_aranges
                0x00000608       0x80 ./Core/ThirdParty/FreeRTOS/portable/port.o
 .debug_aranges
                0x00000688       0xf0 ./Drivers/STM32F4xx_HAL_Driver/Src/stm32f4xx_hal.o
 .debug_aranges
                0x00000778       0xe8 ./Drivers/STM32F4xx_HAL_Driver/Src/stm32f4xx_hal_adc.o
 .debug_aranges
                0x00000860      0x120 ./Drivers/STM32F4xx_HAL_Driver/Src/stm32f4xx_hal_cortex.o
 .debug_aranges
                0x00000980       0x90 ./Drivers/STM32F4xx_HAL_Driver/Src/stm32f4xx_hal_dma.o
 .debug_aranges
                0x00000a10       0x58 ./Drivers/STM32F4xx_HAL_Driver/Src/stm32f4xx_hal_gpio.o
 .debug_aranges
                0x00000a68       0x88 ./Drivers/STM32F4xx_HAL_Driver/Src/stm32f4xx_hal_rcc.o
 .debug_aranges
                0x00000af0       0x78 ./Drivers/STM32F4xx_HAL_Driver/Src/stm32f4xx_hal_rcc_ex.o
 .debug_aranges
                0x00000b68      0x208 ./Drivers/STM32F4xx_HAL_Driver/Src/stm32f4xx_hal_uart.o

.debug_rnglists
                0x00000000      0xa5f
 .debug_rnglists
                0x00000000       0x33 ./Core/Src/MyHcsr04.o
 .debug_rnglists
                0x00000033       0x41 ./Core/Src/main.o
 .debug_rnglists
                0x00000074       0x2d ./Core/Src/stm32f4xx_hal_msp.o
 .debug_rnglists
                0x000000a1       0x31 ./Core/Src/stm32f4xx_it.o
 .debug_rnglists
                0x000000d2       0x1a ./Core/Src/system_stm32f4xx.o
 .debug_rnglists
                0x000000ec       0x19 ./Core/Startup/startup_stm32f446retx.o
 .debug_rnglists
                0x00000105       0x2b ./Core/ThirdParty/FreeRTOS/Source/list.o
 .debug_rnglists
                0x00000130       0xd3 ./Core/ThirdParty/FreeRTOS/Source/queue.o
 .debug_rnglists
                0x00000203      0x19c ./Core/ThirdParty/FreeRTOS/Source/tasks.o
 .debug_rnglists
                0x0000039f       0xae ./Core/ThirdParty/FreeRTOS/Source/timers.o
 .debug_rnglists
                0x0000044d       0x4e ./Core/ThirdParty/FreeRTOS/portable/heap_4.o
 .debug_rnglists
                0x0000049b       0x5d ./Core/ThirdParty/FreeRTOS/portable/port.o
 .debug_rnglists
                0x000004f8       0xaf ./Drivers/STM32F4xx_HAL_Driver/Src/stm32f4xx_hal.o
 .debug_rnglists
                0x000005a7       0xb5 ./Drivers/STM32F4xx_HAL_Driver/Src/stm32f4xx_hal_adc.o
 .debug_rnglists
                0x0000065c       0xd4 ./Drivers/STM32F4xx_HAL_Driver/Src/stm32f4xx_hal_cortex.o
 .debug_rnglists
                0x00000730       0x70 ./Drivers/STM32F4xx_HAL_Driver/Src/stm32f4xx_hal_dma.o
 .debug_rnglists
                0x000007a0       0x3f ./Drivers/STM32F4xx_HAL_Driver/Src/stm32f4xx_hal_gpio.o
 .debug_rnglists
                0x000007df       0x66 ./Drivers/STM32F4xx_HAL_Driver/Src/stm32f4xx_hal_rcc.o
 .debug_rnglists
                0x00000845       0x5e ./Drivers/STM32F4xx_HAL_Driver/Src/stm32f4xx_hal_rcc_ex.o
 .debug_rnglists
                0x000008a3      0x1bc ./Drivers/STM32F4xx_HAL_Driver/Src/stm32f4xx_hal_uart.o

.debug_macro    0x00000000     0xc08e
 .debug_macro   0x00000000       0xcf ./Core/Src/MyHcsr04.o
 .debug_macro   0x000000cf      0x37f ./Core/Src/main.o
 .debug_macro   0x0000044e      0x29b ./Core/Src/main.o
 .debug_macro   0x000006e9       0x2e ./Core/Src/main.o
 .debug_macro   0x00000717       0x6d ./Core/Src/main.o
 .debug_macro   0x00000784     0x368c ./Core/Src/main.o
 .debug_macro   0x00003e10      0x190 ./Core/Src/main.o
 .debug_macro   0x00003fa0       0x5c ./Core/Src/main.o
 .debug_macro   0x00003ffc      0xca5 ./Core/Src/main.o
 .debug_macro   0x00004ca1      0x9e9 ./Core/Src/main.o
 .debug_macro   0x0000568a      0x115 ./Core/Src/main.o
 .debug_macro   0x0000579f      0x1a0 ./Core/Src/main.o
 .debug_macro   0x0000593f       0xa5 ./Core/Src/main.o
 .debug_macro   0x000059e4      0x16d ./Core/Src/main.o
 .debug_macro   0x00005b51      0x287 ./Core/Src/main.o
 .debug_macro   0x00005dd8       0x5f ./Core/Src/main.o
 .debug_macro   0x00005e37      0x236 ./Core/Src/main.o
 .debug_macro   0x0000606d      0xb5b ./Core/Src/main.o
 .debug_macro   0x00006bc8      0x38b ./Core/Src/main.o
 .debug_macro   0x00006f53      0x17d ./Core/Src/main.o
 .debug_macro   0x000070d0       0xf9 ./Core/Src/main.o
 .debug_macro   0x000071c9      0x132 ./Core/Src/main.o
 .debug_macro   0x000072fb      0x29c ./Core/Src/main.o
 .debug_macro   0x00007597       0x2e ./Core/Src/main.o
 .debug_macro   0x000075c5      0x127 ./Core/Src/main.o
 .debug_macro   0x000076ec       0xe8 ./Core/Src/main.o
 .debug_macro   0x000077d4       0x89 ./Core/Src/main.o
 .debug_macro   0x0000785d      0x2aa ./Core/Src/main.o
 .debug_macro   0x00007b07      0x126 ./Core/Src/main.o
 .debug_macro   0x00007c2d       0x70 ./Core/Src/main.o
 .debug_macro   0x00007c9d       0x16 ./Core/Src/main.o
 .debug_macro   0x00007cb3       0xe2 ./Core/Src/main.o
 .debug_macro   0x00007d95       0x22 ./Core/Src/main.o
 .debug_macro   0x00007db7      0x182 ./Core/Src/main.o
 .debug_macro   0x00007f39       0xee ./Core/Src/main.o
 .debug_macro   0x00008027       0x2e ./Core/Src/main.o
 .debug_macro   0x00008055       0x1f ./Core/Src/main.o
 .debug_macro   0x00008074       0x12 ./Core/Src/main.o
 .debug_macro   0x00008086     0x1119 ./Core/Src/main.o
 .debug_macro   0x0000919f       0xc3 ./Core/Src/main.o
 .debug_macro   0x00009262      0x14f ./Core/Src/main.o
 .debug_macro   0x000093b1       0x61 ./Core/Src/main.o
 .debug_macro   0x00009412       0x2a ./Core/Src/main.o
 .debug_macro   0x0000943c       0x43 ./Core/Src/main.o
 .debug_macro   0x0000947f       0x34 ./Core/Src/main.o
 .debug_macro   0x000094b3       0x16 ./Core/Src/main.o
 .debug_macro   0x000094c9       0x3c ./Core/Src/main.o
 .debug_macro   0x00009505      0x370 ./Core/Src/main.o
 .debug_macro   0x00009875       0x10 ./Core/Src/main.o
 .debug_macro   0x00009885       0x16 ./Core/Src/main.o
 .debug_macro   0x0000989b       0x4a ./Core/Src/main.o
 .debug_macro   0x000098e5       0x34 ./Core/Src/main.o
 .debug_macro   0x00009919       0x10 ./Core/Src/main.o
 .debug_macro   0x00009929       0x58 ./Core/Src/main.o
 .debug_macro   0x00009981       0x8e ./Core/Src/main.o
 .debug_macro   0x00009a0f       0x1c ./Core/Src/main.o
 .debug_macro   0x00009a2b      0x185 ./Core/Src/main.o
 .debug_macro   0x00009bb0       0x16 ./Core/Src/main.o
 .debug_macro   0x00009bc6       0x16 ./Core/Src/main.o
 .debug_macro   0x00009bdc      0x146 ./Core/Src/main.o
 .debug_macro   0x00009d22       0x80 ./Core/Src/main.o
 .debug_macro   0x00009da2      0x1f1 ./Core/Src/stm32f4xx_hal_msp.o
 .debug_macro   0x00009f93      0x1fb ./Core/Src/stm32f4xx_it.o
 .debug_macro   0x0000a18e      0x1e2 ./Core/Src/system_stm32f4xx.o
 .debug_macro   0x0000a370      0x1a2 ./Core/ThirdParty/FreeRTOS/Source/list.o
 .debug_macro   0x0000a512      0x239 ./Core/ThirdParty/FreeRTOS/Source/queue.o
 .debug_macro   0x0000a74b       0x16 ./Core/ThirdParty/FreeRTOS/Source/queue.o
 .debug_macro   0x0000a761       0x20 ./Core/ThirdParty/FreeRTOS/Source/queue.o
 .debug_macro   0x0000a781      0x2bf ./Core/ThirdParty/FreeRTOS/Source/tasks.o
 .debug_macro   0x0000aa40       0x17 ./Core/ThirdParty/FreeRTOS/Source/tasks.o
 .debug_macro   0x0000aa57      0x1f1 ./Core/ThirdParty/FreeRTOS/Source/timers.o
 .debug_macro   0x0000ac48       0x9e ./Core/ThirdParty/FreeRTOS/Source/timers.o
 .debug_macro   0x0000ace6      0x237 ./Core/ThirdParty/FreeRTOS/portable/heap_4.o
 .debug_macro   0x0000af1d      0x1cf ./Core/ThirdParty/FreeRTOS/portable/port.o
 .debug_macro   0x0000b0ec      0x242 ./Drivers/STM32F4xx_HAL_Driver/Src/stm32f4xx_hal.o
 .debug_macro   0x0000b32e      0x1e3 ./Drivers/STM32F4xx_HAL_Driver/Src/stm32f4xx_hal_adc.o
 .debug_macro   0x0000b511      0x1e2 ./Drivers/STM32F4xx_HAL_Driver/Src/stm32f4xx_hal_cortex.o
 .debug_macro   0x0000b6f3      0x1e8 ./Drivers/STM32F4xx_HAL_Driver/Src/stm32f4xx_hal_dma.o
 .debug_macro   0x0000b8db      0x1e8 ./Drivers/STM32F4xx_HAL_Driver/Src/stm32f4xx_hal_gpio.o
 .debug_macro   0x0000bac3      0x206 ./Drivers/STM32F4xx_HAL_Driver/Src/stm32f4xx_hal_rcc.o
 .debug_macro   0x0000bcc9      0x1e2 ./Drivers/STM32F4xx_HAL_Driver/Src/stm32f4xx_hal_rcc_ex.o
 .debug_macro   0x0000beab      0x1e3 ./Drivers/STM32F4xx_HAL_Driver/Src/stm32f4xx_hal_uart.o

.debug_line     0x00000000    0x12736
 .debug_line    0x00000000      0x748 ./Core/Src/MyHcsr04.o
 .debug_line    0x00000748      0xd4e ./Core/Src/main.o
 .debug_line    0x00001496      0x8ef ./Core/Src/stm32f4xx_hal_msp.o
 .debug_line    0x00001d85      0x8cb ./Core/Src/stm32f4xx_it.o
 .debug_line    0x00002650      0x8df ./Core/Src/system_stm32f4xx.o
 .debug_line    0x00002f2f       0x7a ./Core/Startup/startup_stm32f446retx.o
 .debug_line    0x00002fa9      0x8e0 ./Core/ThirdParty/FreeRTOS/Source/list.o
 .debug_line    0x00003889     0x166f ./Core/ThirdParty/FreeRTOS/Source/queue.o
 .debug_line    0x00004ef8     0x1dee ./Core/ThirdParty/FreeRTOS/Source/tasks.o
 .debug_line    0x00006ce6      0xe66 ./Core/ThirdParty/FreeRTOS/Source/timers.o
 .debug_line    0x00007b4c      0xc5a ./Core/ThirdParty/FreeRTOS/portable/heap_4.o
 .debug_line    0x000087a6      0x9cd ./Core/ThirdParty/FreeRTOS/portable/port.o
 .debug_line    0x00009173      0xb4c ./Drivers/STM32F4xx_HAL_Driver/Src/stm32f4xx_hal.o
 .debug_line    0x00009cbf     0x136c ./Drivers/STM32F4xx_HAL_Driver/Src/stm32f4xx_hal_adc.o
 .debug_line    0x0000b02b      0xdf2 ./Drivers/STM32F4xx_HAL_Driver/Src/stm32f4xx_hal_cortex.o
 .debug_line    0x0000be1d     0x10b8 ./Drivers/STM32F4xx_HAL_Driver/Src/stm32f4xx_hal_dma.o
 .debug_line    0x0000ced5      0xc90 ./Drivers/STM32F4xx_HAL_Driver/Src/stm32f4xx_hal_gpio.o
 .debug_line    0x0000db65      0xf4f ./Drivers/STM32F4xx_HAL_Driver/Src/stm32f4xx_hal_rcc.o
 .debug_line    0x0000eab4     0x1627 ./Drivers/STM32F4xx_HAL_Driver/Src/stm32f4xx_hal_rcc_ex.o
 .debug_line    0x000100db     0x265b ./Drivers/STM32F4xx_HAL_Driver/Src/stm32f4xx_hal_uart.o

.debug_str      0x00000000    0xe4333
 .debug_str     0x00000000    0xe4333 ./Core/Src/MyHcsr04.o
                              0x8b173 (size before relaxing)
 .debug_str     0x000e4333    0xde1f3 ./Core/Src/main.o
 .debug_str     0x000e4333    0xcf3b5 ./Core/Src/stm32f4xx_hal_msp.o
 .debug_str     0x000e4333    0xcebf6 ./Core/Src/stm32f4xx_it.o
 .debug_str     0x000e4333    0xcebf4 ./Core/Src/system_stm32f4xx.o
 .debug_str     0x000e4333       0x82 ./Core/Startup/startup_stm32f446retx.o
 .debug_str     0x000e4333    0x10bde ./Core/ThirdParty/FreeRTOS/Source/list.o
 .debug_str     0x000e4333    0x13434 ./Core/ThirdParty/FreeRTOS/Source/queue.o
 .debug_str     0x000e4333    0x1423c ./Core/ThirdParty/FreeRTOS/Source/tasks.o
 .debug_str     0x000e4333    0x137a2 ./Core/ThirdParty/FreeRTOS/Source/timers.o
 .debug_str     0x000e4333    0x12726 ./Core/ThirdParty/FreeRTOS/portable/heap_4.o
 .debug_str     0x000e4333     0xf668 ./Core/ThirdParty/FreeRTOS/portable/port.o
 .debug_str     0x000e4333    0xcf7b9 ./Drivers/STM32F4xx_HAL_Driver/Src/stm32f4xx_hal.o
 .debug_str     0x000e4333    0xcf1bc ./Drivers/STM32F4xx_HAL_Driver/Src/stm32f4xx_hal_adc.o
 .debug_str     0x000e4333    0xcf4de ./Drivers/STM32F4xx_HAL_Driver/Src/stm32f4xx_hal_cortex.o
 .debug_str     0x000e4333    0xcefe9 ./Drivers/STM32F4xx_HAL_Driver/Src/stm32f4xx_hal_dma.o
 .debug_str     0x000e4333    0xced6f ./Drivers/STM32F4xx_HAL_Driver/Src/stm32f4xx_hal_gpio.o
 .debug_str     0x000e4333    0xcf02d ./Drivers/STM32F4xx_HAL_Driver/Src/stm32f4xx_hal_rcc.o
 .debug_str     0x000e4333    0xcf060 ./Drivers/STM32F4xx_HAL_Driver/Src/stm32f4xx_hal_rcc_ex.o
 .debug_str     0x000e4333    0xcf5e4 ./Drivers/STM32F4xx_HAL_Driver/Src/stm32f4xx_hal_uart.o

.comment        0x00000000       0x43
 .comment       0x00000000       0x43 ./Core/Src/MyHcsr04.o
                                 0x44 (size before relaxing)
 .comment       0x00000043       0x44 ./Core/Src/main.o
 .comment       0x00000043       0x44 ./Core/Src/stm32f4xx_hal_msp.o
 .comment       0x00000043       0x44 ./Core/Src/stm32f4xx_it.o
 .comment       0x00000043       0x44 ./Core/Src/system_stm32f4xx.o
 .comment       0x00000043       0x44 ./Core/ThirdParty/FreeRTOS/Source/list.o
 .comment       0x00000043       0x44 ./Core/ThirdParty/FreeRTOS/Source/queue.o
 .comment       0x00000043       0x44 ./Core/ThirdParty/FreeRTOS/Source/tasks.o
 .comment       0x00000043       0x44 ./Core/ThirdParty/FreeRTOS/Source/timers.o
 .comment       0x00000043       0x44 ./Core/ThirdParty/FreeRTOS/portable/heap_4.o
 .comment       0x00000043       0x44 ./Core/ThirdParty/FreeRTOS/portable/port.o
 .comment       0x00000043       0x44 ./Drivers/STM32F4xx_HAL_Driver/Src/stm32f4xx_hal.o
 .comment       0x00000043       0x44 ./Drivers/STM32F4xx_HAL_Driver/Src/stm32f4xx_hal_adc.o
 .comment       0x00000043       0x44 ./Drivers/STM32F4xx_HAL_Driver/Src/stm32f4xx_hal_cortex.o
 .comment       0x00000043       0x44 ./Drivers/STM32F4xx_HAL_Driver/Src/stm32f4xx_hal_dma.o
 .comment       0x00000043       0x44 ./Drivers/STM32F4xx_HAL_Driver/Src/stm32f4xx_hal_gpio.o
 .comment       0x00000043       0x44 ./Drivers/STM32F4xx_HAL_Driver/Src/stm32f4xx_hal_rcc.o
 .comment       0x00000043       0x44 ./Drivers/STM32F4xx_HAL_Driver/Src/stm32f4xx_hal_rcc_ex.o
 .comment       0x00000043       0x44 ./Drivers/STM32F4xx_HAL_Driver/Src/stm32f4xx_hal_uart.o

.debug_frame    0x00000000     0x3640
 .debug_frame   0x00000000       0xd8 ./Core/Src/MyHcsr04.o
 .debug_frame   0x000000d8      0x118 ./Core/Src/main.o
 .debug_frame   0x000001f0       0xc4 ./Core/Src/stm32f4xx_hal_msp.o
 .debug_frame   0x000002b4       0xa8 ./Core/Src/stm32f4xx_it.o
 .debug_frame   0x0000035c       0x58 ./Core/Src/system_stm32f4xx.o
 .debug_frame   0x000003b4       0xd8 ./Core/ThirdParty/FreeRTOS/Source/list.o
 .debug_frame   0x0000048c      0x490 ./Core/ThirdParty/FreeRTOS/Source/queue.o
 .debug_frame   0x0000091c      0x884 ./Core/ThirdParty/FreeRTOS/Source/tasks.o
 .debug_frame   0x000011a0      0x3bc ./Core/ThirdParty/FreeRTOS/Source/timers.o
 .debug_frame   0x0000155c      0x174 ./Core/ThirdParty/FreeRTOS/portable/heap_4.o
 .debug_frame   0x000016d0      0x1a8 ./Core/ThirdParty/FreeRTOS/portable/port.o
 .debug_frame   0x00001878      0x374 ./Drivers/STM32F4xx_HAL_Driver/Src/stm32f4xx_hal.o
 .debug_frame   0x00001bec      0x3fc ./Drivers/STM32F4xx_HAL_Driver/Src/stm32f4xx_hal_adc.o
 .debug_frame   0x00001fe8      0x4b8 ./Drivers/STM32F4xx_HAL_Driver/Src/stm32f4xx_hal_cortex.o
 .debug_frame   0x000024a0      0x250 ./Drivers/STM32F4xx_HAL_Driver/Src/stm32f4xx_hal_dma.o
 .debug_frame   0x000026f0      0x14c ./Drivers/STM32F4xx_HAL_Driver/Src/stm32f4xx_hal_gpio.o
 .debug_frame   0x0000283c      0x1f4 ./Drivers/STM32F4xx_HAL_Driver/Src/stm32f4xx_hal_rcc.o
 .debug_frame   0x00002a30      0x1e8 ./Drivers/STM32F4xx_HAL_Driver/Src/stm32f4xx_hal_rcc_ex.o
 .debug_frame   0x00002c18      0x954 ./Drivers/STM32F4xx_HAL_Driver/Src/stm32f4xx_hal_uart.o
 .debug_frame   0x0000356c       0x20 C:/Users/pc/Documents/STM32CubeIDE_1.19.0/STM32CubeIDE/plugins/com.st.stm32cube.ide.mcu.externaltools.gnu-tools-for-stm32.13.3.rel1.win32_1.0.0.202411081344/tools/bin/../lib/gcc/arm-none-eabi/13.3.1/../../../../arm-none-eabi/lib/thumb/v7e-m+fp/hard\libc_nano.a(libc_a-memset.o)
 .debug_frame   0x0000358c       0x2c C:/Users/pc/Documents/STM32CubeIDE_1.19.0/STM32CubeIDE/plugins/com.st.stm32cube.ide.mcu.externaltools.gnu-tools-for-stm32.13.3.rel1.win32_1.0.0.202411081344/tools/bin/../lib/gcc/arm-none-eabi/13.3.1/../../../../arm-none-eabi/lib/thumb/v7e-m+fp/hard\libc_nano.a(libc_a-init.o)
 .debug_frame   0x000035b8       0x28 C:/Users/pc/Documents/STM32CubeIDE_1.19.0/STM32CubeIDE/plugins/com.st.stm32cube.ide.mcu.externaltools.gnu-tools-for-stm32.13.3.rel1.win32_1.0.0.202411081344/tools/bin/../lib/gcc/arm-none-eabi/13.3.1/../../../../arm-none-eabi/lib/thumb/v7e-m+fp/hard\libc_nano.a(libc_a-memcpy-stub.o)
 .debug_frame   0x000035e0       0x2c C:/Users/pc/Documents/STM32CubeIDE_1.19.0/STM32CubeIDE/plugins/com.st.stm32cube.ide.mcu.externaltools.gnu-tools-for-stm32.13.3.rel1.win32_1.0.0.202411081344/tools/bin/../lib/gcc/arm-none-eabi/13.3.1/thumb/v7e-m+fp/hard\libgcc.a(_aeabi_uldivmod.o)
 .debug_frame   0x0000360c       0x34 C:/Users/pc/Documents/STM32CubeIDE_1.19.0/STM32CubeIDE/plugins/com.st.stm32cube.ide.mcu.externaltools.gnu-tools-for-stm32.13.3.rel1.win32_1.0.0.202411081344/tools/bin/../lib/gcc/arm-none-eabi/13.3.1/thumb/v7e-m+fp/hard\libgcc.a(_udivmoddi4.o)

.debug_line_str
                0x00000000       0x66
 .debug_line_str
                0x00000000       0x66 ./Core/Startup/startup_stm32f446retx.o
