../Core/Src/ILI9341/ILI9341_STM32_Driver.c:96:6:ILI9341_SPI_Init	8	static
../Core/Src/ILI9341/ILI9341_STM32_Driver.c:104:6:ILI9341_SPI_Send	16	static
../Core/Src/ILI9341/ILI9341_STM32_Driver.c:111:6:ILI9341_Write_Command	16	static
../Core/Src/ILI9341/ILI9341_STM32_Driver.c:120:6:ILI9341_Write_Data	16	static
../Core/Src/ILI9341/ILI9341_STM32_Driver.c:129:6:ILI9341_Set_Address	24	static
../Core/Src/ILI9341/ILI9341_STM32_Driver.c:147:6:ILI9341_Reset	8	static
../Core/Src/ILI9341/ILI9341_STM32_Driver.c:159:6:ILI9341_Set_Rotation	24	static
../Core/Src/ILI9341/ILI9341_STM32_Driver.c:197:6:ILI9341_Enable	8	static
../Core/Src/ILI9341/ILI9341_STM32_Driver.c:203:6:ILI9341_Init	8	static
../Core/Src/ILI9341/ILI9341_STM32_Driver.c:345:6:ILI9341_Draw_Colour	24	static
../Core/Src/ILI9341/ILI9341_STM32_Driver.c:357:6:ILI9341_Draw_Colour_Burst	80	dynamic
../Core/Src/ILI9341/ILI9341_STM32_Driver.c:401:6:ILI9341_Fill_Screen	16	static
../Core/Src/ILI9341/ILI9341_STM32_Driver.c:413:6:ILI9341_Draw_Pixel	32	static
../Core/Src/ILI9341/ILI9341_STM32_Driver.c:464:6:ILI9341_Draw_Rectangle	24	static
../Core/Src/ILI9341/ILI9341_STM32_Driver.c:480:6:ILI9341_Draw_Horizontal_Line	24	static
../Core/Src/ILI9341/ILI9341_STM32_Driver.c:492:6:ILI9341_Draw_Vertical_Line	24	static
