../Core/Src/ILI9341/ILI9341_STM32_Driver.c:96:6:ILI9341_SPI_Init	8	static
../Core/Src/ILI9341/ILI9341_STM32_Driver.c:104:6:ILI9341_SPI_Send	16	static
../Core/Src/ILI9341/ILI9341_STM32_Driver.c:110:6:ILI9341_Write_Command	16	static
../Core/Src/ILI9341/ILI9341_STM32_Driver.c:124:6:ILI9341_Write_Data	16	static
../Core/Src/ILI9341/ILI9341_STM32_Driver.c:138:6:ILI9341_Set_Address	24	static
../Core/Src/ILI9341/ILI9341_STM32_Driver.c:156:6:ILI9341_Reset	8	static
../Core/Src/ILI9341/ILI9341_STM32_Driver.c:168:6:ILI9341_Set_Rotation	24	static
../Core/Src/ILI9341/ILI9341_STM32_Driver.c:206:6:ILI9341_Enable	8	static
../Core/Src/ILI9341/ILI9341_STM32_Driver.c:212:6:ILI9341_Init	8	static
../Core/Src/ILI9341/ILI9341_STM32_Driver.c:354:6:ILI9341_Draw_Colour	24	static
../Core/Src/ILI9341/ILI9341_STM32_Driver.c:366:6:ILI9341_Draw_Colour_Burst	80	dynamic
../Core/Src/ILI9341/ILI9341_STM32_Driver.c:410:6:ILI9341_Fill_Screen	16	static
../Core/Src/ILI9341/ILI9341_STM32_Driver.c:422:6:ILI9341_Draw_Pixel	32	static
../Core/Src/ILI9341/ILI9341_STM32_Driver.c:473:6:ILI9341_Draw_Rectangle	24	static
../Core/Src/ILI9341/ILI9341_STM32_Driver.c:489:6:ILI9341_Draw_Horizontal_Line	24	static
../Core/Src/ILI9341/ILI9341_STM32_Driver.c:501:6:ILI9341_Draw_Vertical_Line	24	static
