../Drivers/CMSIS/Include/core_cm4.h:1653:22:__NVIC_SetPriorityGrouping	1
../Drivers/CMSIS/Include/core_cm4.h:1684:22:__NVIC_EnableIRQ	2
../Drivers/CMSIS/Include/core_cm4.h:1814:22:__NVIC_SetPriority	2
../Core/Src/main.c:119:5:main	6
../Core/Src/main.c:216:6:SystemClock_Config	3
../Core/Src/main.c:264:13:MX_ADC1_Init	1
../Core/Src/main.c:329:13:MX_SPI1_Init	2
../Core/Src/main.c:367:13:MX_USART2_UART_Init	2
../Core/Src/main.c:400:13:MX_GPIO_Init	1
../Core/Src/main.c:460:6:xTaskReadADC	1
../Core/Src/main.c:479:6:xTaskECULogic	8
../Core/Src/main.c:525:6:xTaskFanSpeed	2
../Core/Src/main.c:535:6:xTaskHcsr04	4
../Core/Src/main.c:566:6:xTaskTFTdraw	2
../Core/Src/main.c:613:6:Error_Handler	1
