../Drivers/CMSIS/Include/core_cm4.h:1653:22:__NVIC_SetPriorityGrouping	1
../Drivers/CMSIS/Include/core_cm4.h:1684:22:__NVIC_EnableIRQ	2
../Drivers/CMSIS/Include/core_cm4.h:1814:22:__NVIC_SetPriority	2
../Core/Src/main.c:119:5:main	6
../Core/Src/main.c:212:6:SystemClock_Config	3
../Core/Src/main.c:260:13:MX_ADC1_Init	1
../Core/Src/main.c:325:13:MX_SPI1_Init	2
../Core/Src/main.c:363:13:MX_USART2_UART_Init	2
../Core/Src/main.c:396:13:MX_GPIO_Init	1
../Core/Src/main.c:456:6:xTaskReadADC	1
../Core/Src/main.c:475:6:xTaskECULogic	8
../Core/Src/main.c:521:6:xTaskFanSpeed	2
../Core/Src/main.c:531:6:xTaskHcsr04	4
../Core/Src/main.c:562:6:xTaskTFTdraw	4
../Core/Src/main.c:608:6:Error_Handler	1
