../Drivers/CMSIS/Include/core_cm4.h:1653:22:__NVIC_SetPriorityGrouping	24	static
../Drivers/CMSIS/Include/core_cm4.h:1684:22:__NVIC_EnableIRQ	16	static,ignoring_inline_asm
../Drivers/CMSIS/Include/core_cm4.h:1814:22:__NVIC_SetPriority	16	static
../Core/Src/main.c:119:5:main	16	static
../Core/Src/main.c:215:6:SystemClock_Config	88	static
../Core/Src/main.c:263:13:MX_ADC1_Init	56	static
../Core/Src/main.c:328:13:MX_SPI1_Init	8	static
../Core/Src/main.c:366:13:MX_USART2_UART_Init	8	static
../Core/Src/main.c:399:13:MX_GPIO_Init	48	static
../Core/Src/main.c:459:6:xTaskReadADC	32	static
../Core/Src/main.c:478:6:xTaskECULogic	160	static
../Core/Src/main.c:524:6:xTaskFanSpeed	24	static
../Core/Src/main.c:534:6:xTaskHcsr04	32	static
../Core/Src/main.c:565:6:xTaskTFTdraw	96	static
../Core/Src/main.c:616:6:Error_Handler	4	static,ignoring_inline_asm
