../Drivers/CMSIS/Include/core_cm4.h:1653:22:__NVIC_SetPriorityGrouping	24	static
../Drivers/CMSIS/Include/core_cm4.h:1684:22:__NVIC_EnableIRQ	16	static,ignoring_inline_asm
../Drivers/CMSIS/Include/core_cm4.h:1814:22:__NVIC_SetPriority	16	static
../Core/Src/main.c:117:5:main	16	static
../Core/Src/main.c:201:6:SystemClock_Config	88	static
../Core/Src/main.c:246:13:MX_ADC1_Init	56	static
../Core/Src/main.c:310:13:MX_USART2_UART_Init	8	static
../Core/Src/main.c:341:13:MX_GPIO_Init	48	static
../Core/Src/main.c:396:6:xTaskReadADC	32	static
../Core/Src/main.c:417:6:xTaskECULogic	152	static
../Core/Src/main.c:463:6:xTaskFanSpeed	24	static
../Core/Src/main.c:473:6:xTaskHcsr04	32	static
../Core/Src/main.c:503:6:xTaskTFTdraw	24	static
../Core/Src/main.c:515:6:Error_Handler	4	static,ignoring_inline_asm
